Archive member included to satisfy reference by file (symbol)

C:/ST/STM32CubeIDE_2.0.0/STM32CubeIDE/plugins/com.st.stm32cube.ide.mcu.externaltools.gnu-tools-for-stm32.13.3.rel1.win32_1.0.100.202509120712/tools/bin/../lib/gcc/arm-none-eabi/13.3.1/../../../../arm-none-eabi/lib/thumb/v7e-m+dp/hard\libc_nano.a(libc_a-atol.o)
                              ./Core/Src/dispenser.o (atol)
C:/ST/STM32CubeIDE_2.0.0/STM32CubeIDE/plugins/com.st.stm32cube.ide.mcu.externaltools.gnu-tools-for-stm32.13.3.rel1.win32_1.0.100.202509120712/tools/bin/../lib/gcc/arm-none-eabi/13.3.1/../../../../arm-none-eabi/lib/thumb/v7e-m+dp/hard\libc_nano.a(libc_a-exit.o)
                              C:/ST/STM32CubeIDE_2.0.0/STM32CubeIDE/plugins/com.st.stm32cube.ide.mcu.externaltools.gnu-tools-for-stm32.13.3.rel1.win32_1.0.100.202509120712/tools/bin/../lib/gcc/arm-none-eabi/13.3.1/../../../../arm-none-eabi/lib/thumb/v7e-m+dp/hard/crt0.o (exit)
C:/ST/STM32CubeIDE_2.0.0/STM32CubeIDE/plugins/com.st.stm32cube.ide.mcu.externaltools.gnu-tools-for-stm32.13.3.rel1.win32_1.0.100.202509120712/tools/bin/../lib/gcc/arm-none-eabi/13.3.1/../../../../arm-none-eabi/lib/thumb/v7e-m+dp/hard\libc_nano.a(libc_a-strtol.o)
                              C:/ST/STM32CubeIDE_2.0.0/STM32CubeIDE/plugins/com.st.stm32cube.ide.mcu.externaltools.gnu-tools-for-stm32.13.3.rel1.win32_1.0.100.202509120712/tools/bin/../lib/gcc/arm-none-eabi/13.3.1/../../../../arm-none-eabi/lib/thumb/v7e-m+dp/hard\libc_nano.a(libc_a-atol.o) (_strtol_r)
C:/ST/STM32CubeIDE_2.0.0/STM32CubeIDE/plugins/com.st.stm32cube.ide.mcu.externaltools.gnu-tools-for-stm32.13.3.rel1.win32_1.0.100.202509120712/tools/bin/../lib/gcc/arm-none-eabi/13.3.1/../../../../arm-none-eabi/lib/thumb/v7e-m+dp/hard\libc_nano.a(libc_a-atoll.o)
                              ./Core/Src/dispenser.o (atoll)
C:/ST/STM32CubeIDE_2.0.0/STM32CubeIDE/plugins/com.st.stm32cube.ide.mcu.externaltools.gnu-tools-for-stm32.13.3.rel1.win32_1.0.100.202509120712/tools/bin/../lib/gcc/arm-none-eabi/13.3.1/../../../../arm-none-eabi/lib/thumb/v7e-m+dp/hard\libc_nano.a(libc_a-ctype_.o)
                              C:/ST/STM32CubeIDE_2.0.0/STM32CubeIDE/plugins/com.st.stm32cube.ide.mcu.externaltools.gnu-tools-for-stm32.13.3.rel1.win32_1.0.100.202509120712/tools/bin/../lib/gcc/arm-none-eabi/13.3.1/../../../../arm-none-eabi/lib/thumb/v7e-m+dp/hard\libc_nano.a(libc_a-strtol.o) (_ctype_)
C:/ST/STM32CubeIDE_2.0.0/STM32CubeIDE/plugins/com.st.stm32cube.ide.mcu.externaltools.gnu-tools-for-stm32.13.3.rel1.win32_1.0.100.202509120712/tools/bin/../lib/gcc/arm-none-eabi/13.3.1/../../../../arm-none-eabi/lib/thumb/v7e-m+dp/hard\libc_nano.a(libc_a-findfp.o)
                              C:/ST/STM32CubeIDE_2.0.0/STM32CubeIDE/plugins/com.st.stm32cube.ide.mcu.externaltools.gnu-tools-for-stm32.13.3.rel1.win32_1.0.100.202509120712/tools/bin/../lib/gcc/arm-none-eabi/13.3.1/../../../../arm-none-eabi/lib/thumb/v7e-m+dp/hard\libc_nano.a(libc_a-exit.o) (__stdio_exit_handler)
C:/ST/STM32CubeIDE_2.0.0/STM32CubeIDE/plugins/com.st.stm32cube.ide.mcu.externaltools.gnu-tools-for-stm32.13.3.rel1.win32_1.0.100.202509120712/tools/bin/../lib/gcc/arm-none-eabi/13.3.1/../../../../arm-none-eabi/lib/thumb/v7e-m+dp/hard\libc_nano.a(libc_a-fwalk.o)
                              C:/ST/STM32CubeIDE_2.0.0/STM32CubeIDE/plugins/com.st.stm32cube.ide.mcu.externaltools.gnu-tools-for-stm32.13.3.rel1.win32_1.0.100.202509120712/tools/bin/../lib/gcc/arm-none-eabi/13.3.1/../../../../arm-none-eabi/lib/thumb/v7e-m+dp/hard\libc_nano.a(libc_a-findfp.o) (_fwalk_sglue)
C:/ST/STM32CubeIDE_2.0.0/STM32CubeIDE/plugins/com.st.stm32cube.ide.mcu.externaltools.gnu-tools-for-stm32.13.3.rel1.win32_1.0.100.202509120712/tools/bin/../lib/gcc/arm-none-eabi/13.3.1/../../../../arm-none-eabi/lib/thumb/v7e-m+dp/hard\libc_nano.a(libc_a-snprintf.o)
                              ./Core/Src/dispenser.o (snprintf)
C:/ST/STM32CubeIDE_2.0.0/STM32CubeIDE/plugins/com.st.stm32cube.ide.mcu.externaltools.gnu-tools-for-stm32.13.3.rel1.win32_1.0.100.202509120712/tools/bin/../lib/gcc/arm-none-eabi/13.3.1/../../../../arm-none-eabi/lib/thumb/v7e-m+dp/hard\libc_nano.a(libc_a-sprintf.o)
                              ./Core/Src/ui_manager.o (sprintf)
C:/ST/STM32CubeIDE_2.0.0/STM32CubeIDE/plugins/com.st.stm32cube.ide.mcu.externaltools.gnu-tools-for-stm32.13.3.rel1.win32_1.0.100.202509120712/tools/bin/../lib/gcc/arm-none-eabi/13.3.1/../../../../arm-none-eabi/lib/thumb/v7e-m+dp/hard\libc_nano.a(libc_a-stdio.o)
                              C:/ST/STM32CubeIDE_2.0.0/STM32CubeIDE/plugins/com.st.stm32cube.ide.mcu.externaltools.gnu-tools-for-stm32.13.3.rel1.win32_1.0.100.202509120712/tools/bin/../lib/gcc/arm-none-eabi/13.3.1/../../../../arm-none-eabi/lib/thumb/v7e-m+dp/hard\libc_nano.a(libc_a-findfp.o) (__sread)
[...]
Memory Configuration

Name             Origin             Length             Attributes
FLASH            0x08000000         0x00020000         xr
DTCMRAM          0x20000000         0x00020000         xrw
RAM_D1           0x24000000         0x00080000         xrw
RAM_D2           0x30000000         0x00048000         xrw
RAM_D3           0x38000000         0x00010000         xrw
ITCMRAM          0x00000000         0x00010000         xrw
*default*        0x00000000         0xffffffff

Linker script and memory map

LOAD C:/ST/STM32CubeIDE_2.0.0/STM32CubeIDE/plugins/com.st.stm32cube.ide.mcu.externaltools.gnu-tools-for-stm32.13.3.rel1.win32_1.0.100.202509120712/tools/bin/../lib/gcc/arm-none-eabi/13.3.1/thumb/v7e-m+dp/hard/crti.o
LOAD C:/ST/STM32CubeIDE_2.0.0/STM32CubeIDE/plugins/com.st.stm32cube.ide.mcu.externaltools.gnu-tools-for-stm32.13.3.rel1.win32_1.0.100.202509120712/tools/bin/../lib/gcc/arm-none-eabi/13.3.1/thumb/v7e-m+dp/hard/crtbegin.o
LOAD C:/ST/STM32CubeIDE_2.0.0/STM32CubeIDE/plugins/com.st.stm32cube.ide.mcu.externaltools.gnu-tools-for-stm32.13.3.rel1.win32_1.0.100.202509120712/tools/bin/../lib/gcc/arm-none-eabi/13.3.1/../../../../arm-none-eabi/lib/thumb/v7e-m+dp/hard/crt0.o
LOAD ./Core/Src/dispenser.o
LOAD ./Core/Src/dma.o
LOAD ./Core/Src/eeprom_at24.o
LOAD ./Core/Src/gaskitlink.o
LOAD ./Core/Src/gpio.o
LOAD ./Core/Src/i2c.o
LOAD ./Core/Src/keyboard.o
LOAD ./Core/Src/main.o
LOAD ./Core/Src/spi.o
LOAD ./Core/Src/ssd1309.o
LOAD ./Core/Src/stm32h7xx_hal_msp.o
LOAD ./Core/Src/stm32h7xx_it.o
LOAD ./Core/Src/syscalls.o
LOAD ./Core/Src/sysmem.o
LOAD ./Core/Src/system_stm32h7xx.o
LOAD ./Core/Src/tim.o
LOAD ./Core/Src/ui_manager.o
LOAD ./Core/Src/usart.o
LOAD ./Core/Startup/startup_stm32h750vbtx.o
LOAD ./Drivers/STM32H7xx_HAL_Driver/Src/stm32h7xx_hal.o
LOAD ./Drivers/STM32H7xx_HAL_Driver/Src/stm32h7xx_hal_cortex.o
LOAD ./Drivers/STM32H7xx_HAL_Driver/Src/stm32h7xx_hal_dma.o
LOAD ./Drivers/STM32H7xx_HAL_Driver/Src/stm32h7xx_hal_dma_ex.o
LOAD ./Drivers/STM32H7xx_HAL_Driver/Src/stm32h7xx_hal_exti.o
LOAD ./Drivers/STM32H7xx_HAL_Driver/Src/stm32h7xx_hal_flash.o
LOAD ./Drivers/STM32H7xx_HAL_Driver/Src/stm32h7xx_hal_flash_ex.o
LOAD ./Drivers/STM32H7xx_HAL_Driver/Src/stm32h7xx_hal_gpio.o
LOAD ./Drivers/STM32H7xx_HAL_Driver/Src/stm32h7xx_hal_hsem.o
LOAD ./Drivers/STM32H7xx_HAL_Driver/Src/stm32h7xx_hal_i2c.o
LOAD ./Drivers/STM32H7xx_HAL_Driver/Src/stm32h7xx_hal_i2c_ex.o
LOAD ./Drivers/STM32H7xx_HAL_Driver/Src/stm32h7xx_hal_mdma.o
LOAD ./Drivers/STM32H7xx_HAL_Driver/Src/stm32h7xx_hal_pcd.o
LOAD ./Drivers/STM32H7xx_HAL_Driver/Src/stm32h7xx_hal_pcd_ex.o
LOAD ./Drivers/STM32H7xx_HAL_Driver/Src/stm32h7xx_hal_pwr.o
LOAD ./Drivers/STM32H7xx_HAL_Driver/Src/stm32h7xx_hal_pwr_ex.o
LOAD ./Drivers/STM32H7xx_HAL_Driver/Src/stm32h7xx_hal_rcc.o
LOAD ./Drivers/STM32H7xx_HAL_Driver/Src/stm32h7xx_hal_rcc_ex.o
LOAD ./Drivers/STM32H7xx_HAL_Driver/Src/stm32h7xx_hal_spi.o
LOAD ./Drivers/STM32H7xx_HAL_Driver/Src/stm32h7xx_hal_spi_ex.o
LOAD ./Drivers/STM32H7xx_HAL_Driver/Src/stm32h7xx_hal_tim.o
LOAD ./Drivers/STM32H7xx_HAL_Driver/Src/stm32h7xx_hal_tim_ex.o
LOAD ./Drivers/STM32H7xx_HAL_Driver/Src/stm32h7xx_hal_uart.o
LOAD ./Drivers/STM32H7xx_HAL_Driver/Src/stm32h7xx_hal_uart_ex.o
LOAD ./Drivers/STM32H7xx_HAL_Driver/Src/stm32h7xx_ll_usb.o
LOAD ./Middlewares/ST/STM32_USB_Device_Library/Class/CDC/Src/usbd_cdc.o
LOAD ./Middlewares/ST/STM32_USB_Device_Library/Core/Src/usbd_core.o
LOAD ./Middlewares/ST/STM32_USB_Device_Library/Core/Src/usbd_ctlreq.o
LOAD ./Middlewares/ST/STM32_USB_Device_Library/Core/Src/usbd_ioreq.o
LOAD ./USB_DEVICE/App/usb_device.o
LOAD ./USB_DEVICE/App/usbd_cdc_if.o
LOAD ./USB_DEVICE/App/usbd_desc.o
LOAD ./USB_DEVICE/Target/usbd_conf.o
START GROUP
LOAD C:/ST/STM32CubeIDE_2.0.0/STM32CubeIDE/plugins/com.st.stm32cube.ide.mcu.externaltools.gnu-tools-for-stm32.13.3.rel1.win32_1.0.100.202509120712/tools/bin/../lib/gcc/arm-none-eabi/13.3.1/../../../../arm-none-eabi/lib/thumb/v7e-m+dp/hard\libc_nano.a
LOAD C:/ST/STM32CubeIDE_2.0.0/STM32CubeIDE/plugins/com.st.stm32cube.ide.mcu.externaltools.gnu-tools-for-stm32.13.3.rel1.win32_1.0.100.202509120712/tools/bin/../lib/gcc/arm-none-eabi/13.3.1/../../../../arm-none-eabi/lib/thumb/v7e-m+dp/hard\libm.a
END GROUP
START GROUP
LOAD C:/ST/STM32CubeIDE_2.0.0/STM32CubeIDE/plugins/com.st.stm32cube.ide.mcu.externaltools.gnu-tools-for-stm32.13.3.rel1.win32_1.0.100.202509120712/tools/bin/../lib/gcc/arm-none-eabi/13.3.1/thumb/v7e-m+dp/hard\libgcc.a
LOAD C:/ST/STM32CubeIDE_2.0.0/STM32CubeIDE/plugins/com.st.stm32cube.ide.mcu.externaltools.gnu-tools-for-stm32.13.3.rel1.win32_1.0.100.202509120712/tools/bin/../lib/gcc/arm-none-eabi/13.3.1/../../../../arm-none-eabi/lib/thumb/v7e-m+dp/hard\libc_nano.a
END GROUP
START GROUP
LOAD C:/ST/STM32CubeIDE_2.0.0/STM32CubeIDE/plugins/com.st.stm32cube.ide.mcu.externaltools.gnu-tools-for-stm32.13.3.rel1.win32_1.0.100.202509120712/tools/bin/../lib/gcc/arm-none-eabi/13.3.1/thumb/v7e-m+dp/hard\libgcc.a
LOAD C:/ST/STM32CubeIDE_2.0.0/STM32CubeIDE/plugins/com.st.stm32cube.ide.mcu.externaltools.gnu-tools-for-stm32.13.3.rel1.win32_1.0.100.202509120712/tools/bin/../lib/gcc/arm-none-eabi/13.3.1/../../../../arm-none-eabi/lib/thumb/v7e-m+dp/hard\libc_nano.a
LOAD C:/ST/STM32CubeIDE_2.0.0/STM32CubeIDE/plugins/com.st.stm32cube.ide.mcu.externaltools.gnu-tools-for-stm32.13.3.rel1.win32_1.0.100.202509120712/tools/bin/../lib/gcc/arm-none-eabi/13.3.1/../../../../arm-none-eabi/lib/thumb/v7e-m+dp/hard\libnosys.a
END GROUP
START GROUP
LOAD C:/ST/STM32CubeIDE_2.0.0/STM32CubeIDE/plugins/com.st.stm32cube.ide.mcu.externaltools.gnu-tools-for-stm32.13.3.rel1.win32_1.0.100.202509120712/tools/bin/../lib/gcc/arm-none-eabi/13.3.1/thumb/v7e-m+dp/hard\libgcc.a
LOAD C:/ST/STM32CubeIDE_2.0.0/STM32CubeIDE/plugins/com.st.stm32cube.ide.mcu.externaltools.gnu-tools-for-stm32.13.3.rel1.win32_1.0.100.202509120712/tools/bin/../lib/gcc/arm-none-eabi/13.3.1/../../../../arm-none-eabi/lib/thumb/v7e-m+dp/hard\libc_nano.a
LOAD C:/ST/STM32CubeIDE_2.0.0/STM32CubeIDE/plugins/com.st.stm32cube.ide.mcu.externaltools.gnu-tools-for-stm32.13.3.rel1.win32_1.0.100.202509120712/tools/bin/../lib/gcc/arm-none-eabi/13.3.1/../../../../arm-none-eabi/lib/thumb/v7e-m+dp/hard\libnosys.a
END GROUP
LOAD C:/ST/STM32CubeIDE_2.0.0/STM32CubeIDE/plugins/com.st.stm32cube.ide.mcu.externaltools.gnu-tools-for-stm32.13.3.rel1.win32_1.0.100.202509120712/tools/bin/../lib/gcc/arm-none-eabi/13.3.1/thumb/v7e-m+dp/hard/crtend.o
LOAD C:/ST/STM32CubeIDE_2.0.0/STM32CubeIDE/plugins/com.st.stm32cube.ide.mcu.externaltools.gnu-tools-for-stm32.13.3.rel1.win32_1.0.100.202509120712/tools/bin/../lib/gcc/arm-none-eabi/13.3.1/thumb/v7e-m+dp/hard/crtn.o
                0x24080000                        _estack = (ORIGIN (RAM_D1) + LENGTH (RAM_D1))
                0x00001000                        _Min_Heap_Size = 0x1000
                0x00001000                        _Min_Stack_Size = 0x1000

.isr_vector     0x08000000      0x298
                0x08000000                        . = ALIGN (0x4)
 *(.isr_vector)
 .isr_vector    0x08000000      0x298 ./Core/Startup/startup_stm32h750vbtx.o
                0x08000000                g_pfnVectors
                0x08000298                        . = ALIGN (0x4)

.text           0x080002a0    0x15eb4
                0x080002a0                        . = ALIGN (0x4)
 *(.text)
 .text          0x080002a0       0x40 C:/ST/STM32CubeIDE_2.0.0/STM32CubeIDE/plugins/com.st.stm32cube.ide.mcu.externaltools.gnu-tools-for-stm32.13.3.rel1.win32_1.0.100.202509120712/tools/bin/../lib/gcc/arm-none-eabi/13.3.1/thumb/v7e-m+dp/hard/crtbegin.o
 .text          0x080002e0       0x10 C:/ST/STM32CubeIDE_2.0.0/STM32CubeIDE/plugins/com.st.stm32cube.ide.mcu.externaltools.gnu-tools-for-stm32.13.3.rel1.win32_1.0.100.202509120712/tools/bin/../lib/gcc/arm-none-eabi/13.3.1/../../../../arm-none-eabi/lib/thumb/v7e-m+dp/hard\libc_nano.a(libc_a-strlen.o)
                0x080002e0                strlen
 .text          0x080002f0       0xa0 C:/ST/STM32CubeIDE_2.0.0/STM32CubeIDE/plugins/com.st.stm32cube.ide.mcu.externaltools.gnu-tools-for-stm32.13.3.rel1.win32_1.0.100.202509120712/tools/bin/../lib/gcc/arm-none-eabi/13.3.1/../../../../arm-none-eabi/lib/thumb/v7e-m+dp/hard\libc_nano.a(libc_a-memchr.o)
                0x080002f0                memchr
 .text          0x08000390       0x30 C:/ST/STM32CubeIDE_2.0.0/STM32CubeIDE/plugins/com.st.stm32cube.ide.mcu.externaltools.gnu-tools-for-stm32.13.3.rel1.win32_1.0.100.202509120712/tools/bin/../lib/gcc/arm-none-eabi/13.3.1/thumb/v7e-m+dp/hard\libgcc.a(_aeabi_uldivmod.o)
                0x08000390                __aeabi_uldivmod
 .text          0x080003c0      0x2f8 C:/ST/STM32CubeIDE_2.0.0/STM32CubeIDE/plugins/com.st.stm32cube.ide.mcu.externaltools.gnu-tools-for-stm32.13.3.rel1.win32_1.0.100.202509120712/tools/bin/../lib/gcc/arm-none-eabi/13.3.1/thumb/v7e-m+dp/hard\libgcc.a(_udivmoddi4.o)
                0x080003c0                __udivmoddi4
 .text          0x080006b8        0x4 C:/ST/STM32CubeIDE_2.0.0/STM32CubeIDE/plugins/com.st.stm32cube.ide.mcu.externaltools.gnu-tools-for-stm32.13.3.rel1.win32_1.0.100.202509120712/tools/bin/../lib/gcc/arm-none-eabi/13.3.1/thumb/v7e-m+dp/hard\libgcc.a(_dvmd_tls.o)
                0x080006b8                __aeabi_idiv0
                0x080006b8                __aeabi_ldiv0
 *(.text*)
 .text.Dispenser_Init
                0x080006bc       0xb0 ./Core/Src/dispenser.o
                0x080006bc                Dispenser_Init
 .text.ChangeState
                0x0800076c       0x9c ./Core/Src/dispenser.o
 .text.SendFrame
                0x08000808       0xb8 ./Core/Src/dispenser.o
 .text.IsStateTimeout
                0x080008c0       0x4c ./Core/Src/dispenser.o
 .text.ProcessStatusResponse
                0x0800090c      0x1c4 ./Core/Src/dispenser.o
 .text.ProcessUnitUpdate
                0x08000ad0      0xb38 ./Core/Src/dispenser.o
 .text.Dispenser_Update
                0x08001608       0x14 ./Core/Src/dispenser.o
                0x08001608                Dispenser_Update
 .text.Dispenser_StartVolume
                0x0800161c       0x94 ./Core/Src/dispenser.o
                0x0800161c                Dispenser_StartVolume
 .text.Dispenser_StartAmount
                0x080016b0       0x94 ./Core/Src/dispenser.o
                0x080016b0                Dispenser_StartAmount
 .text.Dispenser_RequestTotalizer
                0x08001744       0x2c ./Core/Src/dispenser.o
                0x08001744                Dispenser_RequestTotalizer
 .text.Dispenser_CloseTransaction
                0x08001770       0x2c ./Core/Src/dispenser.o
                0x08001770                Dispenser_CloseTransaction
 .text.Dispenser_SwitchActiveUnit
                0x0800179c       0x28 ./Core/Src/dispenser.o
                0x0800179c                Dispenser_SwitchActiveUnit
 .text.Dispenser_GetActiveUnit
                0x080017c4       0x18 ./Core/Src/dispenser.o
                0x080017c4                Dispenser_GetActiveUnit
 .text.Dispenser_GetUnit
                0x080017dc       0x34 ./Core/Src/dispenser.o
                0x080017dc                Dispenser_GetUnit
 .text.HAL_UARTEx_RxEventCallback
                0x08001810      0x1a8 ./Core/Src/dispenser.o
                0x08001810                HAL_UARTEx_RxEventCallback
 .text.MX_DMA_Init
                0x080019b8       0x80 ./Core/Src/dma.o
                0x080019b8                MX_DMA_Init
 .text.EEPROM_Write
                0x08001a38       0x48 ./Core/Src/eeprom_at24.o
                0x08001a38                EEPROM_Write
 .text.EEPROM_Read
                0x08001a80       0x38 ./Core/Src/eeprom_at24.o
                0x08001a80                EEPROM_Read
 .text.EEPROM_SavePrice
                0x08001ab8       0x3e ./Core/Src/eeprom_at24.o
                0x08001ab8                EEPROM_SavePrice
 .text.EEPROM_LoadPrice
                0x08001af6       0x38 ./Core/Src/eeprom_at24.o
                0x08001af6                EEPROM_LoadPrice
 .text.EEPROM_SavePriceToAddr
                0x08001b2e       0x42 ./Core/Src/eeprom_at24.o
                0x08001b2e                EEPROM_SavePriceToAddr
 .text.EEPROM_LoadPriceFromAddr
                0x08001b70       0x3e ./Core/Src/eeprom_at24.o
                0x08001b70                EEPROM_LoadPriceFromAddr
 .text.Gas_CalculateCRC
                0x08001bae       0x40 ./Core/Src/gaskitlink.o
                0x08001bae                Gas_CalculateCRC
 .text.Gas_BuildFrame
                0x08001bee       0xb8 ./Core/Src/gaskitlink.o
                0x08001bee                Gas_BuildFrame
 .text.Gas_ParseFrame
                0x08001ca6       0xae ./Core/Src/gaskitlink.o
                0x08001ca6                Gas_ParseFrame
 .text.MX_GPIO_Init
                0x08001d54      0x138 ./Core/Src/gpio.o
                0x08001d54                MX_GPIO_Init
 .text.MX_I2C1_Init
                0x08001e8c       0x80 ./Core/Src/i2c.o
                0x08001e8c                MX_I2C1_Init
 .text.HAL_I2C_MspInit
                0x08001f0c       0xf0 ./Core/Src/i2c.o
                0x08001f0c                HAL_I2C_MspInit
 .text.Keyboard_Init
                0x08001ffc       0x44 ./Core/Src/keyboard.o
                0x08001ffc                Keyboard_Init
 .text.Keyboard_Scan
                0x08002040       0xd0 ./Core/Src/keyboard.o
                0x08002040                Keyboard_Scan
 .text.Keyboard_GetKey
                0x08002110       0x54 ./Core/Src/keyboard.o
                0x08002110                Keyboard_GetKey
 .text.SSD1309_IsReady
                0x08002164       0x26 ./Core/Src/main.o
 *fill*         0x0800218a        0x2 
 .text.UsbLog_Push
                0x0800218c       0x84 ./Core/Src/main.o
 .text.UsbLog_Printf
                0x08002210       0x6e ./Core/Src/main.o
                0x08002210                UsbLog_Printf
 *fill*         0x0800227e        0x2 
 .text.UsbLog_Task
                0x08002280       0xb0 ./Core/Src/main.o
 .text.main     0x08002330       0x9c ./Core/Src/main.o
                0x08002330                main
 .text.SystemClock_Config
                0x080023cc       0xf8 ./Core/Src/main.o
                0x080023cc                SystemClock_Config
 .text.HAL_SPI_TxCpltCallback
                0x080024c4       0x28 ./Core/Src/main.o
                0x080024c4                HAL_SPI_TxCpltCallback
 .text.HAL_SPI_ErrorCallback
                0x080024ec       0x28 ./Core/Src/main.o
                0x080024ec                HAL_SPI_ErrorCallback
 .text.MPU_Config
                0x08002514       0x58 ./Core/Src/main.o
 .text.Error_Handler
                0x0800256c        0xc ./Core/Src/main.o
                0x0800256c                Error_Handler
 .text.MX_SPI2_Init
                0x08002578       0xb0 ./Core/Src/spi.o
                0x08002578                MX_SPI2_Init
 .text.HAL_SPI_MspInit
                0x08002628      0x144 ./Core/Src/spi.o
                0x08002628                HAL_SPI_MspInit
 .text.cs_low   0x0800276c       0x20 ./Core/Src/ssd1309.o
 .text.cs_high  0x0800278c       0x20 ./Core/Src/ssd1309.o
 .text.dc_cmd   0x080027ac       0x20 ./Core/Src/ssd1309.o
 .text.dc_data  0x080027cc       0x20 ./Core/Src/ssd1309.o
 .text.rst_low  0x080027ec       0x20 ./Core/Src/ssd1309.o
 .text.rst_high
                0x0800280c       0x20 ./Core/Src/ssd1309.o
 .text.dcache_clean
                0x0800282c       0x90 ./Core/Src/ssd1309.o
 .text.build_init_seq
                0x080028bc      0x1d2 ./Core/Src/ssd1309.o
 .text.start_init_chunk
                0x08002a8e       0xe2 ./Core/Src/ssd1309.o
 .text.start_page_cmd
                0x08002b70       0xb8 ./Core/Src/ssd1309.o
 .text.start_page_data
                0x08002c28       0x6e ./Core/Src/ssd1309.o
 .text.SSD1309_Init
                0x08002c96       0x6c ./Core/Src/ssd1309.o
                0x08002c96                SSD1309_Init
 .text.SSD1309_BeginAsync
                0x08002d02       0x4a ./Core/Src/ssd1309.o
                0x08002d02                SSD1309_BeginAsync
 .text.SSD1309_Task
                0x08002d4c      0x100 ./Core/Src/ssd1309.o
                0x08002d4c                SSD1309_Task
 .text.SSD1309_UpdateAsync
                0x08002e4c       0x3e ./Core/Src/ssd1309.o
                0x08002e4c                SSD1309_UpdateAsync
 .text.SSD1309_Clear
                0x08002e8a       0x28 ./Core/Src/ssd1309.o
                0x08002e8a                SSD1309_Clear
 .text.SSD1309_DrawPixel
                0x08002eb2       0x9c ./Core/Src/ssd1309.o
                0x08002eb2                SSD1309_DrawPixel
 *fill*         0x08002f4e        0x2 
 .text.SSD1309_DrawChar8x8
                0x08002f50       0xac ./Core/Src/ssd1309.o
                0x08002f50                SSD1309_DrawChar8x8
 .text.SSD1309_DrawString8x8
                0x08002ffc       0x4c ./Core/Src/ssd1309.o
                0x08002ffc                SSD1309_DrawString8x8
 .text.SSD1309_OnSpiTxCplt
                0x08003048       0xac ./Core/Src/ssd1309.o
                0x08003048                SSD1309_OnSpiTxCplt
 .text.SSD1309_OnSpiError
                0x080030f4       0x3a ./Core/Src/ssd1309.o
                0x080030f4                SSD1309_OnSpiError
 *fill*         0x0800312e        0x2 
 .text.HAL_MspInit
                0x08003130       0x34 ./Core/Src/stm32h7xx_hal_msp.o
                0x08003130                HAL_MspInit
 .text.NMI_Handler
                0x08003164        0x8 ./Core/Src/stm32h7xx_it.o
                0x08003164                NMI_Handler
 .text.HardFault_Handler
                0x0800316c        0x8 ./Core/Src/stm32h7xx_it.o
                0x0800316c                HardFault_Handler
 .text.MemManage_Handler
                0x08003174        0x8 ./Core/Src/stm32h7xx_it.o
                0x08003174                MemManage_Handler
 .text.BusFault_Handler
                0x0800317c        0x8 ./Core/Src/stm32h7xx_it.o
                0x0800317c                BusFault_Handler
 .text.UsageFault_Handler
                0x08003184        0x8 ./Core/Src/stm32h7xx_it.o
                0x08003184                UsageFault_Handler
 .text.SVC_Handler
                0x0800318c        0xe ./Core/Src/stm32h7xx_it.o
                0x0800318c                SVC_Handler
 .text.DebugMon_Handler
                0x0800319a        0xe ./Core/Src/stm32h7xx_it.o
                0x0800319a                DebugMon_Handler
 .text.PendSV_Handler
                0x080031a8        0xe ./Core/Src/stm32h7xx_it.o
                0x080031a8                PendSV_Handler
 .text.SysTick_Handler
                0x080031b6        0xc ./Core/Src/stm32h7xx_it.o
                0x080031b6                SysTick_Handler
 *fill*         0x080031c2        0x2 
 .text.DMA1_Stream0_IRQHandler
                0x080031c4       0x14 ./Core/Src/stm32h7xx_it.o
                0x080031c4                DMA1_Stream0_IRQHandler
 .text.DMA1_Stream1_IRQHandler
                0x080031d8       0x14 ./Core/Src/stm32h7xx_it.o
                0x080031d8                DMA1_Stream1_IRQHandler
 .text.DMA1_Stream2_IRQHandler
                0x080031ec       0x14 ./Core/Src/stm32h7xx_it.o
                0x080031ec                DMA1_Stream2_IRQHandler
 .text.DMA1_Stream3_IRQHandler
                0x08003200       0x14 ./Core/Src/stm32h7xx_it.o
                0x08003200                DMA1_Stream3_IRQHandler
 .text.DMA1_Stream5_IRQHandler
                0x08003214       0x14 ./Core/Src/stm32h7xx_it.o
                0x08003214                DMA1_Stream5_IRQHandler
 .text.TIM2_IRQHandler
                0x08003228       0x14 ./Core/Src/stm32h7xx_it.o
                0x08003228                TIM2_IRQHandler
 .text.TIM3_IRQHandler
                0x0800323c       0x14 ./Core/Src/stm32h7xx_it.o
                0x0800323c                TIM3_IRQHandler
 .text.I2C1_EV_IRQHandler
                0x08003250       0x14 ./Core/Src/stm32h7xx_it.o
                0x08003250                I2C1_EV_IRQHandler
 .text.I2C1_ER_IRQHandler
                0x08003264       0x14 ./Core/Src/stm32h7xx_it.o
                0x08003264                I2C1_ER_IRQHandler
 .text.SPI2_IRQHandler
                0x08003278       0x14 ./Core/Src/stm32h7xx_it.o
                0x08003278                SPI2_IRQHandler
 .text.USART2_IRQHandler
                0x0800328c       0x14 ./Core/Src/stm32h7xx_it.o
                0x0800328c                USART2_IRQHandler
 .text.USART3_IRQHandler
                0x080032a0       0x14 ./Core/Src/stm32h7xx_it.o
                0x080032a0                USART3_IRQHandler
 .text.OTG_FS_EP1_OUT_IRQHandler
                0x080032b4       0x14 ./Core/Src/stm32h7xx_it.o
                0x080032b4                OTG_FS_EP1_OUT_IRQHandler
 .text.OTG_FS_EP1_IN_IRQHandler
                0x080032c8       0x14 ./Core/Src/stm32h7xx_it.o
                0x080032c8                OTG_FS_EP1_IN_IRQHandler
 .text.OTG_FS_IRQHandler
                0x080032dc       0x14 ./Core/Src/stm32h7xx_it.o
                0x080032dc                OTG_FS_IRQHandler
 .text._sbrk    0x080032f0       0x6c ./Core/Src/sysmem.o
                0x080032f0                _sbrk
 .text.SystemInit
                0x0800335c      0x140 ./Core/Src/system_stm32h7xx.o
                0x0800335c                SystemInit
 .text.ExitRun0Mode
                0x0800349c       0x30 ./Core/Src/system_stm32h7xx.o
                0x0800349c                ExitRun0Mode
 .text.MX_TIM2_Init
                0x080034cc       0x9c ./Core/Src/tim.o
                0x080034cc                MX_TIM2_Init
 .text.MX_TIM3_Init
                0x08003568       0xa0 ./Core/Src/tim.o
                0x08003568                MX_TIM3_Init
 .text.HAL_TIM_Base_MspInit
                0x08003608       0x8c ./Core/Src/tim.o
                0x08003608                HAL_TIM_Base_MspInit
 .text.ParseDecimalVolume
                0x08003694      0x108 ./Core/Src/ui_manager.o
 .text.UI_Init  0x0800379c       0xfc ./Core/Src/ui_manager.o
                0x0800379c                UI_Init
 .text.DrawMain
                0x08003898      0x1a0 ./Core/Src/ui_manager.o
 .text.DrawTotalizer
                0x08003a38       0xd0 ./Core/Src/ui_manager.o
 .text.DrawSetPrice
                0x08003b08       0xc4 ./Core/Src/ui_manager.o
 .text.DrawInputVolume
                0x08003bcc       0xa4 ./Core/Src/ui_manager.o
 .text.DrawInputAmount
                0x08003c70       0xa4 ./Core/Src/ui_manager.o
 .text.DrawFuelling
                0x08003d14      0x288 ./Core/Src/ui_manager.o
 .text.DrawTransactionResult
                0x08003f9c      0x100 ./Core/Src/ui_manager.o
 .text.ShowErrorMessage
                0x0800409c       0x3c ./Core/Src/ui_manager.o
 .text.DrawErrorMessage
                0x080040d8       0x58 ./Core/Src/ui_manager.o
 .text.UI_ProcessInput
                0x08004130      0x7d0 ./Core/Src/ui_manager.o
                0x08004130                UI_ProcessInput
 .text.UI_Draw  0x08004900       0xb0 ./Core/Src/ui_manager.o
                0x08004900                UI_Draw
 .text.MX_USART2_UART_Init
                0x080049b0       0x98 ./Core/Src/usart.o
                0x080049b0                MX_USART2_UART_Init
 .text.MX_USART3_UART_Init
                0x08004a48       0x98 ./Core/Src/usart.o
                0x08004a48                MX_USART3_UART_Init
 .text.HAL_UART_MspInit
                0x08004ae0      0x330 ./Core/Src/usart.o
                0x08004ae0                HAL_UART_MspInit
 .text.Reset_Handler
                0x08004e10       0x54 ./Core/Startup/startup_stm32h750vbtx.o
                0x08004e10                Reset_Handler
 .text.Default_Handler
                0x08004e64        0x2 ./Core/Startup/startup_stm32h750vbtx.o
                0x08004e64                RTC_Alarm_IRQHandler
                0x08004e64                HASH_RNG_IRQHandler
                0x08004e64                EXTI2_IRQHandler
                0x08004e64                TIM8_CC_IRQHandler
                0x08004e64                HRTIM1_Master_IRQHandler
                0x08004e64                UART8_IRQHandler
                0x08004e64                SPI4_IRQHandler
                0x08004e64                TIM1_CC_IRQHandler
                0x08004e64                BDMA_Channel6_IRQHandler
                0x08004e64                DMA2_Stream5_IRQHandler
                0x08004e64                HRTIM1_FLT_IRQHandler
                0x08004e64                JPEG_IRQHandler
                0x08004e64                BDMA_Channel1_IRQHandler
                0x08004e64                HRTIM1_TIMD_IRQHandler
                0x08004e64                TAMP_STAMP_IRQHandler
                0x08004e64                EXTI3_IRQHandler
                0x08004e64                LPTIM4_IRQHandler
                0x08004e64                TIM8_TRG_COM_TIM14_IRQHandler
                0x08004e64                LPTIM2_IRQHandler
                0x08004e64                DFSDM1_FLT1_IRQHandler
                0x08004e64                DMAMUX2_OVR_IRQHandler
                0x08004e64                TIM8_UP_TIM13_IRQHandler
                0x08004e64                I2C3_ER_IRQHandler
                0x08004e64                DFSDM1_FLT2_IRQHandler
                0x08004e64                MDMA_IRQHandler
                0x08004e64                LPTIM3_IRQHandler
                0x08004e64                HSEM1_IRQHandler
                0x08004e64                EXTI0_IRQHandler
                0x08004e64                I2C2_EV_IRQHandler
                0x08004e64                FPU_IRQHandler
                0x08004e64                OTG_HS_WKUP_IRQHandler
                0x08004e64                FDCAN1_IT1_IRQHandler
                0x08004e64                LTDC_ER_IRQHandler
                0x08004e64                DMA2_Stream2_IRQHandler
                0x08004e64                HRTIM1_TIME_IRQHandler
                0x08004e64                SPI1_IRQHandler
                0x08004e64                TIM6_DAC_IRQHandler
                0x08004e64                DCMI_IRQHandler
                0x08004e64                HRTIM1_TIMC_IRQHandler
                0x08004e64                DMA2_Stream3_IRQHandler
                0x08004e64                SAI2_IRQHandler
                0x08004e64                DFSDM1_FLT3_IRQHandler
                0x08004e64                USART6_IRQHandler
                0x08004e64                TIM17_IRQHandler
                0x08004e64                BDMA_Channel7_IRQHandler
                0x08004e64                CRYP_IRQHandler
                0x08004e64                LPTIM5_IRQHandler
                0x08004e64                UART5_IRQHandler
                0x08004e64                ADC3_IRQHandler
                0x08004e64                DMA2_Stream0_IRQHandler
                0x08004e64                TIM4_IRQHandler
                0x08004e64                BDMA_Channel2_IRQHandler
                0x08004e64                QUADSPI_IRQHandler
                0x08004e64                DMA1_Stream6_IRQHandler
                0x08004e64                DMAMUX1_OVR_IRQHandler
                0x08004e64                TIM16_IRQHandler
                0x08004e64                UART4_IRQHandler
                0x08004e64                BDMA_Channel5_IRQHandler
                0x08004e64                RCC_IRQHandler
                0x08004e64                TIM8_BRK_TIM12_IRQHandler
                0x08004e64                TIM1_TRG_COM_IRQHandler
                0x08004e64                Default_Handler
                0x08004e64                ECC_IRQHandler
                0x08004e64                CEC_IRQHandler
                0x08004e64                EXTI15_10_IRQHandler
                0x08004e64                BDMA_Channel0_IRQHandler
                0x08004e64                ADC_IRQHandler
                0x08004e64                DMA1_Stream7_IRQHandler
                0x08004e64                HRTIM1_TIMA_IRQHandler
                0x08004e64                SPI5_IRQHandler
                0x08004e64                TIM7_IRQHandler
                0x08004e64                SDMMC1_IRQHandler
                0x08004e64                TIM5_IRQHandler
                0x08004e64                DMA2_Stream7_IRQHandler
                0x08004e64                TIM15_IRQHandler
                0x08004e64                PVD_AVD_IRQHandler
                0x08004e64                I2C3_EV_IRQHandler
                0x08004e64                EXTI9_5_IRQHandler
                0x08004e64                RTC_WKUP_IRQHandler
                0x08004e64                LTDC_IRQHandler
                0x08004e64                SAI3_IRQHandler
                0x08004e64                ETH_WKUP_IRQHandler
                0x08004e64                SPDIF_RX_IRQHandler
                0x08004e64                OTG_HS_EP1_IN_IRQHandler
                0x08004e64                CRS_IRQHandler
                0x08004e64                EXTI4_IRQHandler
                0x08004e64                HRTIM1_TIMB_IRQHandler
                0x08004e64                FDCAN2_IT1_IRQHandler
                0x08004e64                ETH_IRQHandler
                0x08004e64                TIM1_UP_IRQHandler
                0x08004e64                BDMA_Channel4_IRQHandler
                0x08004e64                OTG_HS_EP1_OUT_IRQHandler
                0x08004e64                WWDG_IRQHandler
                0x08004e64                SPI6_IRQHandler
                0x08004e64                MDIOS_IRQHandler
                0x08004e64                I2C4_EV_IRQHandler
                0x08004e64                FDCAN2_IT0_IRQHandler
                0x08004e64                LPUART1_IRQHandler
                0x08004e64                FDCAN1_IT0_IRQHandler
                0x08004e64                OTG_FS_WKUP_IRQHandler
                0x08004e64                OTG_HS_IRQHandler
                0x08004e64                DMA2D_IRQHandler
                0x08004e64                TIM1_BRK_IRQHandler
                0x08004e64                EXTI1_IRQHandler
                0x08004e64                SDMMC2_IRQHandler
                0x08004e64                BDMA_Channel3_IRQHandler
                0x08004e64                UART7_IRQHandler
                0x08004e64                MDIOS_WKUP_IRQHandler
                0x08004e64                DFSDM1_FLT0_IRQHandler
                0x08004e64                SAI4_IRQHandler
                0x08004e64                I2C2_ER_IRQHandler
                0x08004e64                DMA2_Stream1_IRQHandler
                0x08004e64                FLASH_IRQHandler
                0x08004e64                DMA2_Stream4_IRQHandler
                0x08004e64                USART1_IRQHandler
                0x08004e64                SPI3_IRQHandler
                0x08004e64                WAKEUP_PIN_IRQHandler
                0x08004e64                DMA1_Stream4_IRQHandler
                0x08004e64                FMC_IRQHandler
                0x08004e64                FDCAN_CAL_IRQHandler
                0x08004e64                SWPMI1_IRQHandler
                0x08004e64                COMP1_IRQHandler
                0x08004e64                LPTIM1_IRQHandler
                0x08004e64                I2C4_ER_IRQHandler
                0x08004e64                DMA2_Stream6_IRQHandler
                0x08004e64                SAI1_IRQHandler
 *fill*         0x08004e66        0x2 
 .text.HAL_Init
                0x08004e68       0x78 ./Drivers/STM32H7xx_HAL_Driver/Src/stm32h7xx_hal.o
                0x08004e68                HAL_Init
 .text.HAL_InitTick
                0x08004ee0       0x6c ./Drivers/STM32H7xx_HAL_Driver/Src/stm32h7xx_hal.o
                0x08004ee0                HAL_InitTick
 .text.HAL_IncTick
                0x08004f4c       0x28 ./Drivers/STM32H7xx_HAL_Driver/Src/stm32h7xx_hal.o
                0x08004f4c                HAL_IncTick
 .text.HAL_GetTick
                0x08004f74       0x18 ./Drivers/STM32H7xx_HAL_Driver/Src/stm32h7xx_hal.o
                0x08004f74                HAL_GetTick
 .text.HAL_Delay
                0x08004f8c       0x48 ./Drivers/STM32H7xx_HAL_Driver/Src/stm32h7xx_hal.o
                0x08004f8c                HAL_Delay
 .text.HAL_GetREVID
                0x08004fd4       0x18 ./Drivers/STM32H7xx_HAL_Driver/Src/stm32h7xx_hal.o
                0x08004fd4                HAL_GetREVID
 .text.__NVIC_SetPriorityGrouping
                0x08004fec       0x48 ./Drivers/STM32H7xx_HAL_Driver/Src/stm32h7xx_hal_cortex.o
 .text.__NVIC_GetPriorityGrouping
                0x08005034       0x1c ./Drivers/STM32H7xx_HAL_Driver/Src/stm32h7xx_hal_cortex.o
 .text.__NVIC_EnableIRQ
                0x08005050       0x3c ./Drivers/STM32H7xx_HAL_Driver/Src/stm32h7xx_hal_cortex.o
 .text.__NVIC_SetPriority
                0x0800508c       0x54 ./Drivers/STM32H7xx_HAL_Driver/Src/stm32h7xx_hal_cortex.o
 .text.NVIC_EncodePriority
                0x080050e0       0x66 ./Drivers/STM32H7xx_HAL_Driver/Src/stm32h7xx_hal_cortex.o
 *fill*         0x08005146        0x2 
 .text.SysTick_Config
                0x08005148       0x44 ./Drivers/STM32H7xx_HAL_Driver/Src/stm32h7xx_hal_cortex.o
 .text.HAL_NVIC_SetPriorityGrouping
                0x0800518c       0x16 ./Drivers/STM32H7xx_HAL_Driver/Src/stm32h7xx_hal_cortex.o
                0x0800518c                HAL_NVIC_SetPriorityGrouping
 .text.HAL_NVIC_SetPriority
                0x080051a2       0x34 ./Drivers/STM32H7xx_HAL_Driver/Src/stm32h7xx_hal_cortex.o
                0x080051a2                HAL_NVIC_SetPriority
 .text.HAL_NVIC_EnableIRQ
                0x080051d6       0x1c ./Drivers/STM32H7xx_HAL_Driver/Src/stm32h7xx_hal_cortex.o
                0x080051d6                HAL_NVIC_EnableIRQ
 .text.HAL_SYSTICK_Config
                0x080051f2       0x18 ./Drivers/STM32H7xx_HAL_Driver/Src/stm32h7xx_hal_cortex.o
                0x080051f2                HAL_SYSTICK_Config
 *fill*         0x0800520a        0x2 
 .text.HAL_MPU_Disable
                0x0800520c       0x30 ./Drivers/STM32H7xx_HAL_Driver/Src/stm32h7xx_hal_cortex.o
                0x0800520c                HAL_MPU_Disable
 .text.HAL_MPU_Enable
                0x0800523c       0x40 ./Drivers/STM32H7xx_HAL_Driver/Src/stm32h7xx_hal_cortex.o
                0x0800523c                HAL_MPU_Enable
 .text.HAL_MPU_ConfigRegion
                0x0800527c       0x80 ./Drivers/STM32H7xx_HAL_Driver/Src/stm32h7xx_hal_cortex.o
                0x0800527c                HAL_MPU_ConfigRegion
 .text.HAL_DMA_Init
                0x080052fc      0x6b8 ./Drivers/STM32H7xx_HAL_Driver/Src/stm32h7xx_hal_dma.o
                0x080052fc                HAL_DMA_Init
 .text.HAL_DMA_Start_IT
                0x080059b4      0x4d4 ./Drivers/STM32H7xx_HAL_Driver/Src/stm32h7xx_hal_dma.o
                0x080059b4                HAL_DMA_Start_IT
 .text.HAL_DMA_Abort
                0x08005e88      0x63c ./Drivers/STM32H7xx_HAL_Driver/Src/stm32h7xx_hal_dma.o
                0x08005e88                HAL_DMA_Abort
 .text.HAL_DMA_Abort_IT
                0x080064c4      0x48c ./Drivers/STM32H7xx_HAL_Driver/Src/stm32h7xx_hal_dma.o
                0x080064c4                HAL_DMA_Abort_IT
 .text.HAL_DMA_IRQHandler
                0x08006950      0xe54 ./Drivers/STM32H7xx_HAL_Driver/Src/stm32h7xx_hal_dma.o
                0x08006950                HAL_DMA_IRQHandler
 .text.HAL_DMA_GetState
                0x080077a4       0x1c ./Drivers/STM32H7xx_HAL_Driver/Src/stm32h7xx_hal_dma.o
                0x080077a4                HAL_DMA_GetState
 .text.HAL_DMA_GetError
                0x080077c0       0x18 ./Drivers/STM32H7xx_HAL_Driver/Src/stm32h7xx_hal_dma.o
                0x080077c0                HAL_DMA_GetError
 .text.DMA_SetConfig
                0x080077d8      0x358 ./Drivers/STM32H7xx_HAL_Driver/Src/stm32h7xx_hal_dma.o
 .text.DMA_CalcBaseAndBitshift
                0x08007b30      0x164 ./Drivers/STM32H7xx_HAL_Driver/Src/stm32h7xx_hal_dma.o
 .text.DMA_CheckFifoParam
                0x08007c94       0xf8 ./Drivers/STM32H7xx_HAL_Driver/Src/stm32h7xx_hal_dma.o
 .text.DMA_CalcDMAMUXChannelBaseAndMask
                0x08007d8c      0x134 ./Drivers/STM32H7xx_HAL_Driver/Src/stm32h7xx_hal_dma.o
 .text.DMA_CalcDMAMUXRequestGenBaseAndMask
                0x08007ec0       0xe8 ./Drivers/STM32H7xx_HAL_Driver/Src/stm32h7xx_hal_dma.o
 .text.HAL_GPIO_Init
                0x08007fa8      0x360 ./Drivers/STM32H7xx_HAL_Driver/Src/stm32h7xx_hal_gpio.o
                0x08007fa8                HAL_GPIO_Init
 .text.HAL_GPIO_ReadPin
                0x08008308       0x30 ./Drivers/STM32H7xx_HAL_Driver/Src/stm32h7xx_hal_gpio.o
                0x08008308                HAL_GPIO_ReadPin
 .text.HAL_GPIO_WritePin
                0x08008338       0x32 ./Drivers/STM32H7xx_HAL_Driver/Src/stm32h7xx_hal_gpio.o
                0x08008338                HAL_GPIO_WritePin
 *fill*         0x0800836a        0x2 
 .text.HAL_I2C_Init
                0x0800836c      0x138 ./Drivers/STM32H7xx_HAL_Driver/Src/stm32h7xx_hal_i2c.o
                0x0800836c                HAL_I2C_Init
 .text.HAL_I2C_Mem_Write
                0x080084a4      0x228 ./Drivers/STM32H7xx_HAL_Driver/Src/stm32h7xx_hal_i2c.o
                0x080084a4                HAL_I2C_Mem_Write
 .text.HAL_I2C_Mem_Read
                0x080086cc      0x234 ./Drivers/STM32H7xx_HAL_Driver/Src/stm32h7xx_hal_i2c.o
                0x080086cc                HAL_I2C_Mem_Read
 .text.HAL_I2C_EV_IRQHandler
                0x08008900       0x34 ./Drivers/STM32H7xx_HAL_Driver/Src/stm32h7xx_hal_i2c.o
                0x08008900                HAL_I2C_EV_IRQHandler
 .text.HAL_I2C_ER_IRQHandler
                0x08008934       0xc2 ./Drivers/STM32H7xx_HAL_Driver/Src/stm32h7xx_hal_i2c.o
                0x08008934                HAL_I2C_ER_IRQHandler
 .text.HAL_I2C_SlaveTxCpltCallback
                0x080089f6       0x14 ./Drivers/STM32H7xx_HAL_Driver/Src/stm32h7xx_hal_i2c.o
                0x080089f6                HAL_I2C_SlaveTxCpltCallback
 .text.HAL_I2C_SlaveRxCpltCallback
                0x08008a0a       0x14 ./Drivers/STM32H7xx_HAL_Driver/Src/stm32h7xx_hal_i2c.o
                0x08008a0a                HAL_I2C_SlaveRxCpltCallback
 .text.HAL_I2C_AddrCallback
                0x08008a1e       0x1c ./Drivers/STM32H7xx_HAL_Driver/Src/stm32h7xx_hal_i2c.o
                0x08008a1e                HAL_I2C_AddrCallback
 .text.HAL_I2C_ListenCpltCallback
                0x08008a3a       0x14 ./Drivers/STM32H7xx_HAL_Driver/Src/stm32h7xx_hal_i2c.o
                0x08008a3a                HAL_I2C_ListenCpltCallback
 .text.HAL_I2C_ErrorCallback
                0x08008a4e       0x14 ./Drivers/STM32H7xx_HAL_Driver/Src/stm32h7xx_hal_i2c.o
                0x08008a4e                HAL_I2C_ErrorCallback
 .text.HAL_I2C_AbortCpltCallback
                0x08008a62       0x14 ./Drivers/STM32H7xx_HAL_Driver/Src/stm32h7xx_hal_i2c.o
                0x08008a62                HAL_I2C_AbortCpltCallback
 .text.I2C_Slave_ISR_IT
                0x08008a76      0x208 ./Drivers/STM32H7xx_HAL_Driver/Src/stm32h7xx_hal_i2c.o
 *fill*         0x08008c7e        0x2 
 .text.I2C_RequestMemoryWrite
                0x08008c80       0xa8 ./Drivers/STM32H7xx_HAL_Driver/Src/stm32h7xx_hal_i2c.o
 .text.I2C_RequestMemoryRead
                0x08008d28       0xa8 ./Drivers/STM32H7xx_HAL_Driver/Src/stm32h7xx_hal_i2c.o
 .text.I2C_ITAddrCplt
                0x08008dd0      0x108 ./Drivers/STM32H7xx_HAL_Driver/Src/stm32h7xx_hal_i2c.o
 .text.I2C_ITSlaveSeqCplt
                0x08008ed8       0xbc ./Drivers/STM32H7xx_HAL_Driver/Src/stm32h7xx_hal_i2c.o
 .text.I2C_ITSlaveCplt
                0x08008f94      0x4b4 ./Drivers/STM32H7xx_HAL_Driver/Src/stm32h7xx_hal_i2c.o
 .text.I2C_ITListenCplt
                0x08009448       0xac ./Drivers/STM32H7xx_HAL_Driver/Src/stm32h7xx_hal_i2c.o
 .text.I2C_ITError
                0x080094f4      0x1e0 ./Drivers/STM32H7xx_HAL_Driver/Src/stm32h7xx_hal_i2c.o
 .text.I2C_TreatErrorCallback
                0x080096d4       0x4e ./Drivers/STM32H7xx_HAL_Driver/Src/stm32h7xx_hal_i2c.o
 .text.I2C_Flush_TXDR
                0x08009722       0x48 ./Drivers/STM32H7xx_HAL_Driver/Src/stm32h7xx_hal_i2c.o
 .text.I2C_DMAAbort
                0x0800976a       0x3c ./Drivers/STM32H7xx_HAL_Driver/Src/stm32h7xx_hal_i2c.o
 .text.I2C_WaitOnFlagUntilTimeout
                0x080097a6       0xb2 ./Drivers/STM32H7xx_HAL_Driver/Src/stm32h7xx_hal_i2c.o
 .text.I2C_WaitOnTXISFlagUntilTimeout
                0x08009858       0x8e ./Drivers/STM32H7xx_HAL_Driver/Src/stm32h7xx_hal_i2c.o
 .text.I2C_WaitOnSTOPFlagUntilTimeout
                0x080098e6       0x86 ./Drivers/STM32H7xx_HAL_Driver/Src/stm32h7xx_hal_i2c.o
 .text.I2C_IsErrorOccurred
                0x0800996c      0x1c0 ./Drivers/STM32H7xx_HAL_Driver/Src/stm32h7xx_hal_i2c.o
 .text.I2C_TransferConfig
                0x08009b2c       0x64 ./Drivers/STM32H7xx_HAL_Driver/Src/stm32h7xx_hal_i2c.o
 .text.I2C_Disable_IRQ
                0x08009b90       0xbc ./Drivers/STM32H7xx_HAL_Driver/Src/stm32h7xx_hal_i2c.o
 .text.HAL_I2CEx_ConfigAnalogFilter
                0x08009c4c       0x96 ./Drivers/STM32H7xx_HAL_Driver/Src/stm32h7xx_hal_i2c_ex.o
                0x08009c4c                HAL_I2CEx_ConfigAnalogFilter
 .text.HAL_I2CEx_ConfigDigitalFilter
                0x08009ce2       0x98 ./Drivers/STM32H7xx_HAL_Driver/Src/stm32h7xx_hal_i2c_ex.o
                0x08009ce2                HAL_I2CEx_ConfigDigitalFilter
 .text.HAL_PCD_Init
                0x08009d7a      0x218 ./Drivers/STM32H7xx_HAL_Driver/Src/stm32h7xx_hal_pcd.o
                0x08009d7a                HAL_PCD_Init
 .text.HAL_PCD_Start
                0x08009f92       0x6a ./Drivers/STM32H7xx_HAL_Driver/Src/stm32h7xx_hal_pcd.o
                0x08009f92                HAL_PCD_Start
 .text.HAL_PCD_IRQHandler
                0x08009ffc      0x99c ./Drivers/STM32H7xx_HAL_Driver/Src/stm32h7xx_hal_pcd.o
                0x08009ffc                HAL_PCD_IRQHandler
 .text.HAL_PCD_SetAddress
                0x0800a998       0x48 ./Drivers/STM32H7xx_HAL_Driver/Src/stm32h7xx_hal_pcd.o
                0x0800a998                HAL_PCD_SetAddress
 .text.HAL_PCD_EP_Open
                0x0800a9e0       0xd4 ./Drivers/STM32H7xx_HAL_Driver/Src/stm32h7xx_hal_pcd.o
                0x0800a9e0                HAL_PCD_EP_Open
 .text.HAL_PCD_EP_Close
                0x0800aab4       0x94 ./Drivers/STM32H7xx_HAL_Driver/Src/stm32h7xx_hal_pcd.o
                0x0800aab4                HAL_PCD_EP_Close
 .text.HAL_PCD_EP_Receive
                0x0800ab48       0x76 ./Drivers/STM32H7xx_HAL_Driver/Src/stm32h7xx_hal_pcd.o
                0x0800ab48                HAL_PCD_EP_Receive
 .text.HAL_PCD_EP_GetRxCount
                0x0800abbe       0x30 ./Drivers/STM32H7xx_HAL_Driver/Src/stm32h7xx_hal_pcd.o
                0x0800abbe                HAL_PCD_EP_GetRxCount
 .text.HAL_PCD_EP_Transmit
                0x0800abee       0x74 ./Drivers/STM32H7xx_HAL_Driver/Src/stm32h7xx_hal_pcd.o
                0x0800abee                HAL_PCD_EP_Transmit
 .text.HAL_PCD_EP_SetStall
                0x0800ac62       0xc6 ./Drivers/STM32H7xx_HAL_Driver/Src/stm32h7xx_hal_pcd.o
                0x0800ac62                HAL_PCD_EP_SetStall
 .text.HAL_PCD_EP_ClrStall
                0x0800ad28       0xac ./Drivers/STM32H7xx_HAL_Driver/Src/stm32h7xx_hal_pcd.o
                0x0800ad28                HAL_PCD_EP_ClrStall
 .text.HAL_PCD_EP_Abort
                0x0800add4       0x62 ./Drivers/STM32H7xx_HAL_Driver/Src/stm32h7xx_hal_pcd.o
                0x0800add4                HAL_PCD_EP_Abort
 .text.PCD_WriteEmptyTxFifo
                0x0800ae36      0x118 ./Drivers/STM32H7xx_HAL_Driver/Src/stm32h7xx_hal_pcd.o
 *fill*         0x0800af4e        0x2 
 .text.PCD_EP_OutXfrComplete_int
                0x0800af50      0x1d0 ./Drivers/STM32H7xx_HAL_Driver/Src/stm32h7xx_hal_pcd.o
 .text.PCD_EP_OutSetupPacket_int
                0x0800b120       0x8c ./Drivers/STM32H7xx_HAL_Driver/Src/stm32h7xx_hal_pcd.o
 .text.HAL_PCDEx_SetTxFiFo
                0x0800b1ac       0x8e ./Drivers/STM32H7xx_HAL_Driver/Src/stm32h7xx_hal_pcd_ex.o
                0x0800b1ac                HAL_PCDEx_SetTxFiFo
 .text.HAL_PCDEx_SetRxFiFo
                0x0800b23a       0x22 ./Drivers/STM32H7xx_HAL_Driver/Src/stm32h7xx_hal_pcd_ex.o
                0x0800b23a                HAL_PCDEx_SetRxFiFo
 .text.HAL_PCDEx_ActivateLPM
                0x0800b25c       0x48 ./Drivers/STM32H7xx_HAL_Driver/Src/stm32h7xx_hal_pcd_ex.o
                0x0800b25c                HAL_PCDEx_ActivateLPM
 .text.HAL_PCDEx_LPM_Callback
                0x0800b2a4       0x18 ./Drivers/STM32H7xx_HAL_Driver/Src/stm32h7xx_hal_pcd_ex.o
                0x0800b2a4                HAL_PCDEx_LPM_Callback
 .text.HAL_PWREx_ConfigSupply
                0x0800b2bc       0x74 ./Drivers/STM32H7xx_HAL_Driver/Src/stm32h7xx_hal_pwr_ex.o
                0x0800b2bc                HAL_PWREx_ConfigSupply
 .text.HAL_PWREx_EnableUSBVoltageDetector
                0x0800b330       0x20 ./Drivers/STM32H7xx_HAL_Driver/Src/stm32h7xx_hal_pwr_ex.o
                0x0800b330                HAL_PWREx_EnableUSBVoltageDetector
 .text.HAL_RCC_OscConfig
                0x0800b350      0x8b4 ./Drivers/STM32H7xx_HAL_Driver/Src/stm32h7xx_hal_rcc.o
                0x0800b350                HAL_RCC_OscConfig
 .text.HAL_RCC_ClockConfig
                0x0800bc04      0x36c ./Drivers/STM32H7xx_HAL_Driver/Src/stm32h7xx_hal_rcc.o
                0x0800bc04                HAL_RCC_ClockConfig
 .text.HAL_RCC_GetSysClockFreq
                0x0800bf70      0x2f4 ./Drivers/STM32H7xx_HAL_Driver/Src/stm32h7xx_hal_rcc.o
                0x0800bf70                HAL_RCC_GetSysClockFreq
 .text.HAL_RCC_GetHCLKFreq
                0x0800c264       0x60 ./Drivers/STM32H7xx_HAL_Driver/Src/stm32h7xx_hal_rcc.o
                0x0800c264                HAL_RCC_GetHCLKFreq
 .text.HAL_RCC_GetPCLK1Freq
                0x0800c2c4       0x2c ./Drivers/STM32H7xx_HAL_Driver/Src/stm32h7xx_hal_rcc.o
                0x0800c2c4                HAL_RCC_GetPCLK1Freq
 .text.HAL_RCC_GetPCLK2Freq
                0x0800c2f0       0x2c ./Drivers/STM32H7xx_HAL_Driver/Src/stm32h7xx_hal_rcc.o
                0x0800c2f0                HAL_RCC_GetPCLK2Freq
 .text.HAL_RCCEx_PeriphCLKConfig
                0x0800c31c     0x1414 ./Drivers/STM32H7xx_HAL_Driver/Src/stm32h7xx_hal_rcc_ex.o
                0x0800c31c                HAL_RCCEx_PeriphCLKConfig
 .text.HAL_RCCEx_GetD3PCLK1Freq
                0x0800d730       0x2c ./Drivers/STM32H7xx_HAL_Driver/Src/stm32h7xx_hal_rcc_ex.o
                0x0800d730                HAL_RCCEx_GetD3PCLK1Freq
 .text.HAL_RCCEx_GetPLL2ClockFreq
                0x0800d75c      0x2a8 ./Drivers/STM32H7xx_HAL_Driver/Src/stm32h7xx_hal_rcc_ex.o
                0x0800d75c                HAL_RCCEx_GetPLL2ClockFreq
 .text.HAL_RCCEx_GetPLL3ClockFreq
                0x0800da04      0x2a8 ./Drivers/STM32H7xx_HAL_Driver/Src/stm32h7xx_hal_rcc_ex.o
                0x0800da04                HAL_RCCEx_GetPLL3ClockFreq
 .text.RCCEx_PLL2_Config
                0x0800dcac      0x164 ./Drivers/STM32H7xx_HAL_Driver/Src/stm32h7xx_hal_rcc_ex.o
 .text.RCCEx_PLL3_Config
                0x0800de10      0x164 ./Drivers/STM32H7xx_HAL_Driver/Src/stm32h7xx_hal_rcc_ex.o
 .text.HAL_SPI_Init
                0x0800df74      0x248 ./Drivers/STM32H7xx_HAL_Driver/Src/stm32h7xx_hal_spi.o
                0x0800df74                HAL_SPI_Init
 .text.HAL_SPI_Transmit_DMA
                0x0800e1bc      0x284 ./Drivers/STM32H7xx_HAL_Driver/Src/stm32h7xx_hal_spi.o
                0x0800e1bc                HAL_SPI_Transmit_DMA
 .text.HAL_SPI_IRQHandler
                0x0800e440      0x39c ./Drivers/STM32H7xx_HAL_Driver/Src/stm32h7xx_hal_spi.o
                0x0800e440                HAL_SPI_IRQHandler
 .text.HAL_SPI_RxCpltCallback
                0x0800e7dc       0x14 ./Drivers/STM32H7xx_HAL_Driver/Src/stm32h7xx_hal_spi.o
                0x0800e7dc                HAL_SPI_RxCpltCallback
 .text.HAL_SPI_TxRxCpltCallback
                0x0800e7f0       0x14 ./Drivers/STM32H7xx_HAL_Driver/Src/stm32h7xx_hal_spi.o
                0x0800e7f0                HAL_SPI_TxRxCpltCallback
 .text.HAL_SPI_TxHalfCpltCallback
                0x0800e804       0x14 ./Drivers/STM32H7xx_HAL_Driver/Src/stm32h7xx_hal_spi.o
                0x0800e804                HAL_SPI_TxHalfCpltCallback
 .text.HAL_SPI_SuspendCallback
                0x0800e818       0x14 ./Drivers/STM32H7xx_HAL_Driver/Src/stm32h7xx_hal_spi.o
                0x0800e818                HAL_SPI_SuspendCallback
 .text.SPI_DMATransmitCplt
                0x0800e82c       0x46 ./Drivers/STM32H7xx_HAL_Driver/Src/stm32h7xx_hal_spi.o
 .text.SPI_DMAHalfTransmitCplt
                0x0800e872       0x1c ./Drivers/STM32H7xx_HAL_Driver/Src/stm32h7xx_hal_spi.o
 .text.SPI_DMAError
                0x0800e88e       0x46 ./Drivers/STM32H7xx_HAL_Driver/Src/stm32h7xx_hal_spi.o
 .text.SPI_DMAAbortOnError
                0x0800e8d4       0x34 ./Drivers/STM32H7xx_HAL_Driver/Src/stm32h7xx_hal_spi.o
 .text.SPI_CloseTransfer
                0x0800e908      0x140 ./Drivers/STM32H7xx_HAL_Driver/Src/stm32h7xx_hal_spi.o
 .text.SPI_GetPacketSize
                0x0800ea48       0x36 ./Drivers/STM32H7xx_HAL_Driver/Src/stm32h7xx_hal_spi.o
 .text.HAL_TIM_Base_Init
                0x0800ea7e       0xae ./Drivers/STM32H7xx_HAL_Driver/Src/stm32h7xx_hal_tim.o
                0x0800ea7e                HAL_TIM_Base_Init
 .text.HAL_TIM_IRQHandler
                0x0800eb2c      0x20e ./Drivers/STM32H7xx_HAL_Driver/Src/stm32h7xx_hal_tim.o
                0x0800eb2c                HAL_TIM_IRQHandler
 *fill*         0x0800ed3a        0x2 
 .text.HAL_TIM_ConfigClockSource
                0x0800ed3c      0x1f0 ./Drivers/STM32H7xx_HAL_Driver/Src/stm32h7xx_hal_tim.o
                0x0800ed3c                HAL_TIM_ConfigClockSource
 .text.HAL_TIM_PeriodElapsedCallback
                0x0800ef2c       0x14 ./Drivers/STM32H7xx_HAL_Driver/Src/stm32h7xx_hal_tim.o
                0x0800ef2c                HAL_TIM_PeriodElapsedCallback
 .text.HAL_TIM_OC_DelayElapsedCallback
                0x0800ef40       0x14 ./Drivers/STM32H7xx_HAL_Driver/Src/stm32h7xx_hal_tim.o
                0x0800ef40                HAL_TIM_OC_DelayElapsedCallback
 .text.HAL_TIM_IC_CaptureCallback
                0x0800ef54       0x14 ./Drivers/STM32H7xx_HAL_Driver/Src/stm32h7xx_hal_tim.o
                0x0800ef54                HAL_TIM_IC_CaptureCallback
 .text.HAL_TIM_PWM_PulseFinishedCallback
                0x0800ef68       0x14 ./Drivers/STM32H7xx_HAL_Driver/Src/stm32h7xx_hal_tim.o
                0x0800ef68                HAL_TIM_PWM_PulseFinishedCallback
 .text.HAL_TIM_TriggerCallback
                0x0800ef7c       0x14 ./Drivers/STM32H7xx_HAL_Driver/Src/stm32h7xx_hal_tim.o
                0x0800ef7c                HAL_TIM_TriggerCallback
 .text.TIM_Base_SetConfig
                0x0800ef90      0x140 ./Drivers/STM32H7xx_HAL_Driver/Src/stm32h7xx_hal_tim.o
                0x0800ef90                TIM_Base_SetConfig
 .text.TIM_TI1_ConfigInputStage
                0x0800f0d0       0x5e ./Drivers/STM32H7xx_HAL_Driver/Src/stm32h7xx_hal_tim.o
 .text.TIM_TI2_ConfigInputStage
                0x0800f12e       0x60 ./Drivers/STM32H7xx_HAL_Driver/Src/stm32h7xx_hal_tim.o
 *fill*         0x0800f18e        0x2 
 .text.TIM_ITRx_SetConfig
                0x0800f190       0x3c ./Drivers/STM32H7xx_HAL_Driver/Src/stm32h7xx_hal_tim.o
 .text.TIM_ETR_SetConfig
                0x0800f1cc       0x40 ./Drivers/STM32H7xx_HAL_Driver/Src/stm32h7xx_hal_tim.o
                0x0800f1cc                TIM_ETR_SetConfig
 .text.HAL_TIMEx_MasterConfigSynchronization
                0x0800f20c      0x11c ./Drivers/STM32H7xx_HAL_Driver/Src/stm32h7xx_hal_tim_ex.o
                0x0800f20c                HAL_TIMEx_MasterConfigSynchronization
 .text.HAL_TIMEx_CommutCallback
                0x0800f328       0x14 ./Drivers/STM32H7xx_HAL_Driver/Src/stm32h7xx_hal_tim_ex.o
                0x0800f328                HAL_TIMEx_CommutCallback
 .text.HAL_TIMEx_BreakCallback
                0x0800f33c       0x14 ./Drivers/STM32H7xx_HAL_Driver/Src/stm32h7xx_hal_tim_ex.o
                0x0800f33c                HAL_TIMEx_BreakCallback
 .text.HAL_TIMEx_Break2Callback
                0x0800f350       0x14 ./Drivers/STM32H7xx_HAL_Driver/Src/stm32h7xx_hal_tim_ex.o
                0x0800f350                HAL_TIMEx_Break2Callback
 .text.HAL_UART_Init
                0x0800f364       0xa0 ./Drivers/STM32H7xx_HAL_Driver/Src/stm32h7xx_hal_uart.o
                0x0800f364                HAL_UART_Init
 .text.HAL_UART_Transmit
                0x0800f404      0x11c ./Drivers/STM32H7xx_HAL_Driver/Src/stm32h7xx_hal_uart.o
                0x0800f404                HAL_UART_Transmit
 .text.HAL_UART_IRQHandler
                0x0800f520      0x7ac ./Drivers/STM32H7xx_HAL_Driver/Src/stm32h7xx_hal_uart.o
                0x0800f520                HAL_UART_IRQHandler
 .text.HAL_UART_TxCpltCallback
                0x0800fccc       0x14 ./Drivers/STM32H7xx_HAL_Driver/Src/stm32h7xx_hal_uart.o
                0x0800fccc                HAL_UART_TxCpltCallback
 .text.HAL_UART_RxCpltCallback
                0x0800fce0       0x14 ./Drivers/STM32H7xx_HAL_Driver/Src/stm32h7xx_hal_uart.o
                0x0800fce0                HAL_UART_RxCpltCallback
 .text.HAL_UART_RxHalfCpltCallback
                0x0800fcf4       0x14 ./Drivers/STM32H7xx_HAL_Driver/Src/stm32h7xx_hal_uart.o
                0x0800fcf4                HAL_UART_RxHalfCpltCallback
 .text.HAL_UART_ErrorCallback
                0x0800fd08       0x14 ./Drivers/STM32H7xx_HAL_Driver/Src/stm32h7xx_hal_uart.o
                0x0800fd08                HAL_UART_ErrorCallback
 .text.UART_SetConfig
                0x0800fd1c      0xad0 ./Drivers/STM32H7xx_HAL_Driver/Src/stm32h7xx_hal_uart.o
                0x0800fd1c                UART_SetConfig
 .text.UART_AdvFeatureConfig
                0x080107ec      0x144 ./Drivers/STM32H7xx_HAL_Driver/Src/stm32h7xx_hal_uart.o
                0x080107ec                UART_AdvFeatureConfig
 .text.UART_CheckIdleState
                0x08010930      0x154 ./Drivers/STM32H7xx_HAL_Driver/Src/stm32h7xx_hal_uart.o
                0x08010930                UART_CheckIdleState
 .text.UART_WaitOnFlagUntilTimeout
                0x08010a84       0xda ./Drivers/STM32H7xx_HAL_Driver/Src/stm32h7xx_hal_uart.o
                0x08010a84                UART_WaitOnFlagUntilTimeout
 *fill*         0x08010b5e        0x2 
 .text.UART_Start_Receive_DMA
                0x08010b60      0x14c ./Drivers/STM32H7xx_HAL_Driver/Src/stm32h7xx_hal_uart.o
                0x08010b60                UART_Start_Receive_DMA
 .text.UART_EndTxTransfer
                0x08010cac       0x82 ./Drivers/STM32H7xx_HAL_Driver/Src/stm32h7xx_hal_uart.o
 *fill*         0x08010d2e        0x2 
 .text.UART_EndRxTransfer
                0x08010d30       0xcc ./Drivers/STM32H7xx_HAL_Driver/Src/stm32h7xx_hal_uart.o
 .text.UART_DMAReceiveCplt
                0x08010dfc      0x128 ./Drivers/STM32H7xx_HAL_Driver/Src/stm32h7xx_hal_uart.o
 .text.UART_DMARxHalfCplt
                0x08010f24       0x3e ./Drivers/STM32H7xx_HAL_Driver/Src/stm32h7xx_hal_uart.o
 .text.UART_DMAError
                0x08010f62       0x80 ./Drivers/STM32H7xx_HAL_Driver/Src/stm32h7xx_hal_uart.o
 .text.UART_DMAAbortOnError
                0x08010fe2       0x24 ./Drivers/STM32H7xx_HAL_Driver/Src/stm32h7xx_hal_uart.o
 .text.UART_EndTransmit_IT
                0x08011006       0x56 ./Drivers/STM32H7xx_HAL_Driver/Src/stm32h7xx_hal_uart.o
 .text.HAL_UARTEx_WakeupCallback
                0x0801105c       0x14 ./Drivers/STM32H7xx_HAL_Driver/Src/stm32h7xx_hal_uart_ex.o
                0x0801105c                HAL_UARTEx_WakeupCallback
 .text.HAL_UARTEx_RxFifoFullCallback
                0x08011070       0x14 ./Drivers/STM32H7xx_HAL_Driver/Src/stm32h7xx_hal_uart_ex.o
                0x08011070                HAL_UARTEx_RxFifoFullCallback
 .text.HAL_UARTEx_TxFifoEmptyCallback
                0x08011084       0x14 ./Drivers/STM32H7xx_HAL_Driver/Src/stm32h7xx_hal_uart_ex.o
                0x08011084                HAL_UARTEx_TxFifoEmptyCallback
 .text.HAL_UARTEx_DisableFifoMode
                0x08011098       0x72 ./Drivers/STM32H7xx_HAL_Driver/Src/stm32h7xx_hal_uart_ex.o
                0x08011098                HAL_UARTEx_DisableFifoMode
 .text.HAL_UARTEx_SetTxFifoThreshold
                0x0801110a       0x7c ./Drivers/STM32H7xx_HAL_Driver/Src/stm32h7xx_hal_uart_ex.o
                0x0801110a                HAL_UARTEx_SetTxFifoThreshold
 .text.HAL_UARTEx_SetRxFifoThreshold
                0x08011186       0x7c ./Drivers/STM32H7xx_HAL_Driver/Src/stm32h7xx_hal_uart_ex.o
                0x08011186                HAL_UARTEx_SetRxFifoThreshold
 .text.HAL_UARTEx_ReceiveToIdle_DMA
                0x08011202       0xa8 ./Drivers/STM32H7xx_HAL_Driver/Src/stm32h7xx_hal_uart_ex.o
                0x08011202                HAL_UARTEx_ReceiveToIdle_DMA
 *fill*         0x080112aa        0x2 
 .text.UARTEx_SetNbDataToProcess
                0x080112ac       0x9c ./Drivers/STM32H7xx_HAL_Driver/Src/stm32h7xx_hal_uart_ex.o
 .text.USB_CoreInit
                0x08011348       0xe4 ./Drivers/STM32H7xx_HAL_Driver/Src/stm32h7xx_ll_usb.o
                0x08011348                USB_CoreInit
 .text.USB_SetTurnaroundTime
                0x0801142c      0x144 ./Drivers/STM32H7xx_HAL_Driver/Src/stm32h7xx_ll_usb.o
                0x0801142c                USB_SetTurnaroundTime
 .text.USB_EnableGlobalInt
                0x08011570       0x22 ./Drivers/STM32H7xx_HAL_Driver/Src/stm32h7xx_ll_usb.o
                0x08011570                USB_EnableGlobalInt
 .text.USB_DisableGlobalInt
                0x08011592       0x22 ./Drivers/STM32H7xx_HAL_Driver/Src/stm32h7xx_ll_usb.o
                0x08011592                USB_DisableGlobalInt
 .text.USB_SetCurrentMode
                0x080115b4       0x98 ./Drivers/STM32H7xx_HAL_Driver/Src/stm32h7xx_ll_usb.o
                0x080115b4                USB_SetCurrentMode
 .text.USB_DevInit
                0x0801164c      0x2bc ./Drivers/STM32H7xx_HAL_Driver/Src/stm32h7xx_ll_usb.o
                0x0801164c                USB_DevInit
 .text.USB_FlushTxFifo
                0x08011908       0x64 ./Drivers/STM32H7xx_HAL_Driver/Src/stm32h7xx_ll_usb.o
                0x08011908                USB_FlushTxFifo
 .text.USB_FlushRxFifo
                0x0801196c       0x5c ./Drivers/STM32H7xx_HAL_Driver/Src/stm32h7xx_ll_usb.o
                0x0801196c                USB_FlushRxFifo
 .text.USB_SetDevSpeed
                0x080119c8       0x32 ./Drivers/STM32H7xx_HAL_Driver/Src/stm32h7xx_ll_usb.o
                0x080119c8                USB_SetDevSpeed
 .text.USB_GetDevSpeed
                0x080119fa       0x4a ./Drivers/STM32H7xx_HAL_Driver/Src/stm32h7xx_ll_usb.o
                0x080119fa                USB_GetDevSpeed
 .text.USB_ActivateEndpoint
                0x08011a44      0x110 ./Drivers/STM32H7xx_HAL_Driver/Src/stm32h7xx_ll_usb.o
                0x08011a44                USB_ActivateEndpoint
 .text.USB_DeactivateEndpoint
                0x08011b54      0x1b8 ./Drivers/STM32H7xx_HAL_Driver/Src/stm32h7xx_ll_usb.o
                0x08011b54                USB_DeactivateEndpoint
 .text.USB_EPStartXfer
                0x08011d0c      0x548 ./Drivers/STM32H7xx_HAL_Driver/Src/stm32h7xx_ll_usb.o
                0x08011d0c                USB_EPStartXfer
 .text.USB_EPStopXfer
                0x08012254      0x154 ./Drivers/STM32H7xx_HAL_Driver/Src/stm32h7xx_ll_usb.o
                0x08012254                USB_EPStopXfer
 .text.USB_WritePacket
                0x080123a8       0x7c ./Drivers/STM32H7xx_HAL_Driver/Src/stm32h7xx_ll_usb.o
                0x080123a8                USB_WritePacket
 .text.USB_ReadPacket
                0x08012424       0xb0 ./Drivers/STM32H7xx_HAL_Driver/Src/stm32h7xx_ll_usb.o
                0x08012424                USB_ReadPacket
 .text.USB_EPSetStall
                0x080124d4       0xdc ./Drivers/STM32H7xx_HAL_Driver/Src/stm32h7xx_ll_usb.o
                0x080124d4                USB_EPSetStall
 .text.USB_EPClearStall
                0x080125b0       0xcc ./Drivers/STM32H7xx_HAL_Driver/Src/stm32h7xx_ll_usb.o
                0x080125b0                USB_EPClearStall
 .text.USB_SetDevAddress
                0x0801267c       0x4c ./Drivers/STM32H7xx_HAL_Driver/Src/stm32h7xx_ll_usb.o
                0x0801267c                USB_SetDevAddress
 .text.USB_DevConnect
                0x080126c8       0x42 ./Drivers/STM32H7xx_HAL_Driver/Src/stm32h7xx_ll_usb.o
                0x080126c8                USB_DevConnect
 .text.USB_DevDisconnect
                0x0801270a       0x42 ./Drivers/STM32H7xx_HAL_Driver/Src/stm32h7xx_ll_usb.o
                0x0801270a                USB_DevDisconnect
 .text.USB_ReadInterrupts
                0x0801274c       0x26 ./Drivers/STM32H7xx_HAL_Driver/Src/stm32h7xx_ll_usb.o
                0x0801274c                USB_ReadInterrupts
 .text.USB_ReadDevAllOutEpInterrupt
                0x08012772       0x34 ./Drivers/STM32H7xx_HAL_Driver/Src/stm32h7xx_ll_usb.o
                0x08012772                USB_ReadDevAllOutEpInterrupt
 .text.USB_ReadDevAllInEpInterrupt
                0x080127a6       0x34 ./Drivers/STM32H7xx_HAL_Driver/Src/stm32h7xx_ll_usb.o
                0x080127a6                USB_ReadDevAllInEpInterrupt
 .text.USB_ReadDevOutEPInterrupt
                0x080127da       0x3c ./Drivers/STM32H7xx_HAL_Driver/Src/stm32h7xx_ll_usb.o
                0x080127da                USB_ReadDevOutEPInterrupt
 .text.USB_ReadDevInEPInterrupt
                0x08012816       0x5c ./Drivers/STM32H7xx_HAL_Driver/Src/stm32h7xx_ll_usb.o
                0x08012816                USB_ReadDevInEPInterrupt
 .text.USB_GetMode
                0x08012872       0x1c ./Drivers/STM32H7xx_HAL_Driver/Src/stm32h7xx_ll_usb.o
                0x08012872                USB_GetMode
 *fill*         0x0801288e        0x2 
 .text.USB_ActivateSetup
                0x08012890       0x48 ./Drivers/STM32H7xx_HAL_Driver/Src/stm32h7xx_ll_usb.o
                0x08012890                USB_ActivateSetup
 .text.USB_EP0_OutStart
                0x080128d8       0xbc ./Drivers/STM32H7xx_HAL_Driver/Src/stm32h7xx_ll_usb.o
                0x080128d8                USB_EP0_OutStart
 .text.USB_CoreReset
                0x08012994       0x62 ./Drivers/STM32H7xx_HAL_Driver/Src/stm32h7xx_ll_usb.o
 *fill*         0x080129f6        0x2 
 .text.USBD_CDC_Init
                0x080129f8      0x1f0 ./Middlewares/ST/STM32_USB_Device_Library/Class/CDC/Src/usbd_cdc.o
 .text.USBD_CDC_DeInit
                0x08012be8      0x104 ./Middlewares/ST/STM32_USB_Device_Library/Class/CDC/Src/usbd_cdc.o
 .text.USBD_CDC_Setup
                0x08012cec      0x1b8 ./Middlewares/ST/STM32_USB_Device_Library/Class/CDC/Src/usbd_cdc.o
 .text.USBD_CDC_DataIn
                0x08012ea4       0xfe ./Middlewares/ST/STM32_USB_Device_Library/Class/CDC/Src/usbd_cdc.o
 .text.USBD_CDC_DataOut
                0x08012fa2       0x70 ./Middlewares/ST/STM32_USB_Device_Library/Class/CDC/Src/usbd_cdc.o
 .text.USBD_CDC_EP0_RxReady
                0x08013012       0x74 ./Middlewares/ST/STM32_USB_Device_Library/Class/CDC/Src/usbd_cdc.o
 *fill*         0x08013086        0x2 
 .text.USBD_CDC_GetFSCfgDesc
                0x08013088       0x70 ./Middlewares/ST/STM32_USB_Device_Library/Class/CDC/Src/usbd_cdc.o
 .text.USBD_CDC_GetHSCfgDesc
                0x080130f8       0x70 ./Middlewares/ST/STM32_USB_Device_Library/Class/CDC/Src/usbd_cdc.o
 .text.USBD_CDC_GetOtherSpeedCfgDesc
                0x08013168       0x70 ./Middlewares/ST/STM32_USB_Device_Library/Class/CDC/Src/usbd_cdc.o
 .text.USBD_CDC_GetDeviceQualifierDescriptor
                0x080131d8       0x20 ./Middlewares/ST/STM32_USB_Device_Library/Class/CDC/Src/usbd_cdc.o
                0x080131d8                USBD_CDC_GetDeviceQualifierDescriptor
 .text.USBD_CDC_RegisterInterface
                0x080131f8       0x34 ./Middlewares/ST/STM32_USB_Device_Library/Class/CDC/Src/usbd_cdc.o
                0x080131f8                USBD_CDC_RegisterInterface
 .text.USBD_CDC_SetTxBuffer
                0x0801322c       0x44 ./Middlewares/ST/STM32_USB_Device_Library/Class/CDC/Src/usbd_cdc.o
                0x0801322c                USBD_CDC_SetTxBuffer
 .text.USBD_CDC_SetRxBuffer
                0x08013270       0x3a ./Middlewares/ST/STM32_USB_Device_Library/Class/CDC/Src/usbd_cdc.o
                0x08013270                USBD_CDC_SetRxBuffer
 *fill*         0x080132aa        0x2 
 .text.USBD_CDC_TransmitPacket
                0x080132ac       0x80 ./Middlewares/ST/STM32_USB_Device_Library/Class/CDC/Src/usbd_cdc.o
                0x080132ac                USBD_CDC_TransmitPacket
 .text.USBD_CDC_ReceivePacket
                0x0801332c       0x6c ./Middlewares/ST/STM32_USB_Device_Library/Class/CDC/Src/usbd_cdc.o
                0x0801332c                USBD_CDC_ReceivePacket
 .text.USBD_Init
                0x08013398       0x60 ./Middlewares/ST/STM32_USB_Device_Library/Core/Src/usbd_core.o
                0x08013398                USBD_Init
 .text.USBD_RegisterClass
                0x080133f8       0x6c ./Middlewares/ST/STM32_USB_Device_Library/Core/Src/usbd_core.o
                0x080133f8                USBD_RegisterClass
 .text.USBD_Start
                0x08013464       0x18 ./Middlewares/ST/STM32_USB_Device_Library/Core/Src/usbd_core.o
                0x08013464                USBD_Start
 .text.USBD_RunTestMode
                0x0801347c       0x16 ./Middlewares/ST/STM32_USB_Device_Library/Core/Src/usbd_core.o
                0x0801347c                USBD_RunTestMode
 .text.USBD_SetClassConfig
                0x08013492       0x38 ./Middlewares/ST/STM32_USB_Device_Library/Core/Src/usbd_core.o
                0x08013492                USBD_SetClassConfig
 .text.USBD_ClrClassConfig
                0x080134ca       0x34 ./Middlewares/ST/STM32_USB_Device_Library/Core/Src/usbd_core.o
                0x080134ca                USBD_ClrClassConfig
 .text.USBD_LL_SetupStage
                0x080134fe       0xaa ./Middlewares/ST/STM32_USB_Device_Library/Core/Src/usbd_core.o
                0x080134fe                USBD_LL_SetupStage
 .text.USBD_LL_DataOutStage
                0x080135a8      0x166 ./Middlewares/ST/STM32_USB_Device_Library/Core/Src/usbd_core.o
                0x080135a8                USBD_LL_DataOutStage
 .text.USBD_LL_DataInStage
                0x0801370e      0x164 ./Middlewares/ST/STM32_USB_Device_Library/Core/Src/usbd_core.o
                0x0801370e                USBD_LL_DataInStage
 .text.USBD_LL_Reset
                0x08013872       0xa4 ./Middlewares/ST/STM32_USB_Device_Library/Core/Src/usbd_core.o
                0x08013872                USBD_LL_Reset
 .text.USBD_LL_SetSpeed
                0x08013916       0x20 ./Middlewares/ST/STM32_USB_Device_Library/Core/Src/usbd_core.o
                0x08013916                USBD_LL_SetSpeed
 .text.USBD_LL_Suspend
                0x08013936       0x38 ./Middlewares/ST/STM32_USB_Device_Library/Core/Src/usbd_core.o
                0x08013936                USBD_LL_Suspend
 .text.USBD_LL_Resume
                0x0801396e       0x30 ./Middlewares/ST/STM32_USB_Device_Library/Core/Src/usbd_core.o
                0x0801396e                USBD_LL_Resume
 .text.USBD_LL_SOF
                0x0801399e       0x40 ./Middlewares/ST/STM32_USB_Device_Library/Core/Src/usbd_core.o
                0x0801399e                USBD_LL_SOF
 .text.USBD_LL_IsoINIncomplete
                0x080139de       0x64 ./Middlewares/ST/STM32_USB_Device_Library/Core/Src/usbd_core.o
                0x080139de                USBD_LL_IsoINIncomplete
 .text.USBD_LL_IsoOUTIncomplete
                0x08013a42       0x64 ./Middlewares/ST/STM32_USB_Device_Library/Core/Src/usbd_core.o
                0x08013a42                USBD_LL_IsoOUTIncomplete
 .text.USBD_LL_DevConnected
                0x08013aa6       0x16 ./Middlewares/ST/STM32_USB_Device_Library/Core/Src/usbd_core.o
                0x08013aa6                USBD_LL_DevConnected
 .text.USBD_LL_DevDisconnected
                0x08013abc       0x46 ./Middlewares/ST/STM32_USB_Device_Library/Core/Src/usbd_core.o
                0x08013abc                USBD_LL_DevDisconnected
 .text.USBD_CoreFindIF
                0x08013b02       0x1a ./Middlewares/ST/STM32_USB_Device_Library/Core/Src/usbd_core.o
                0x08013b02                USBD_CoreFindIF
 .text.USBD_CoreFindEP
                0x08013b1c       0x1a ./Middlewares/ST/STM32_USB_Device_Library/Core/Src/usbd_core.o
                0x08013b1c                USBD_CoreFindEP
 .text.USBD_GetEpDesc
                0x08013b36       0x70 ./Middlewares/ST/STM32_USB_Device_Library/Core/Src/usbd_core.o
                0x08013b36                USBD_GetEpDesc
 .text.USBD_GetNextDesc
                0x08013ba6       0x38 ./Middlewares/ST/STM32_USB_Device_Library/Core/Src/usbd_core.o
                0x08013ba6                USBD_GetNextDesc
 .text.SWAPBYTE
                0x08013bde       0x3e ./Middlewares/ST/STM32_USB_Device_Library/Core/Src/usbd_ctlreq.o
 .text.USBD_StdDevReq
                0x08013c1c       0xe4 ./Middlewares/ST/STM32_USB_Device_Library/Core/Src/usbd_ctlreq.o
                0x08013c1c                USBD_StdDevReq
 .text.USBD_StdItfReq
                0x08013d00       0xd8 ./Middlewares/ST/STM32_USB_Device_Library/Core/Src/usbd_ctlreq.o
                0x08013d00                USBD_StdItfReq
 .text.USBD_StdEPReq
                0x08013dd8      0x33a ./Middlewares/ST/STM32_USB_Device_Library/Core/Src/usbd_ctlreq.o
                0x08013dd8                USBD_StdEPReq
 *fill*         0x08014112        0x2 
 .text.USBD_GetDescriptor
                0x08014114      0x328 ./Middlewares/ST/STM32_USB_Device_Library/Core/Src/usbd_ctlreq.o
 .text.USBD_SetAddress
                0x0801443c       0x88 ./Middlewares/ST/STM32_USB_Device_Library/Core/Src/usbd_ctlreq.o
 .text.USBD_SetConfig
                0x080144c4      0x154 ./Middlewares/ST/STM32_USB_Device_Library/Core/Src/usbd_ctlreq.o
 .text.USBD_GetConfig
                0x08014618       0x6c ./Middlewares/ST/STM32_USB_Device_Library/Core/Src/usbd_ctlreq.o
 .text.USBD_GetStatus
                0x08014684       0x68 ./Middlewares/ST/STM32_USB_Device_Library/Core/Src/usbd_ctlreq.o
 .text.USBD_SetFeature
                0x080146ec       0x52 ./Middlewares/ST/STM32_USB_Device_Library/Core/Src/usbd_ctlreq.o
 .text.USBD_ClrFeature
                0x0801473e       0x44 ./Middlewares/ST/STM32_USB_Device_Library/Core/Src/usbd_ctlreq.o
 .text.USBD_ParseSetupRequest
                0x08014782       0x74 ./Middlewares/ST/STM32_USB_Device_Library/Core/Src/usbd_ctlreq.o
                0x08014782                USBD_ParseSetupRequest
 .text.USBD_CtlError
                0x080147f6       0x22 ./Middlewares/ST/STM32_USB_Device_Library/Core/Src/usbd_ctlreq.o
                0x080147f6                USBD_CtlError
 .text.USBD_GetString
                0x08014818       0xa4 ./Middlewares/ST/STM32_USB_Device_Library/Core/Src/usbd_ctlreq.o
                0x08014818                USBD_GetString
 .text.USBD_GetLen
                0x080148bc       0x34 ./Middlewares/ST/STM32_USB_Device_Library/Core/Src/usbd_ctlreq.o
 .text.USBD_CtlSendData
                0x080148f0       0x36 ./Middlewares/ST/STM32_USB_Device_Library/Core/Src/usbd_ioreq.o
                0x080148f0                USBD_CtlSendData
 .text.USBD_CtlContinueSendData
                0x08014926       0x22 ./Middlewares/ST/STM32_USB_Device_Library/Core/Src/usbd_ioreq.o
                0x08014926                USBD_CtlContinueSendData
 .text.USBD_CtlPrepareRx
                0x08014948       0x3a ./Middlewares/ST/STM32_USB_Device_Library/Core/Src/usbd_ioreq.o
                0x08014948                USBD_CtlPrepareRx
 .text.USBD_CtlContinueRx
                0x08014982       0x22 ./Middlewares/ST/STM32_USB_Device_Library/Core/Src/usbd_ioreq.o
                0x08014982                USBD_CtlContinueRx
 .text.USBD_CtlSendStatus
                0x080149a4       0x26 ./Middlewares/ST/STM32_USB_Device_Library/Core/Src/usbd_ioreq.o
                0x080149a4                USBD_CtlSendStatus
 .text.USBD_CtlReceiveStatus
                0x080149ca       0x26 ./Middlewares/ST/STM32_USB_Device_Library/Core/Src/usbd_ioreq.o
                0x080149ca                USBD_CtlReceiveStatus
 .text.MX_USB_DEVICE_Init
                0x080149f0       0x64 ./USB_DEVICE/App/usb_device.o
                0x080149f0                MX_USB_DEVICE_Init
 .text.CDC_Init_FS
                0x08014a54       0x28 ./USB_DEVICE/App/usbd_cdc_if.o
 .text.CDC_DeInit_FS
                0x08014a7c       0x10 ./USB_DEVICE/App/usbd_cdc_if.o
 .text.CDC_Control_FS
                0x08014a8c       0xbc ./USB_DEVICE/App/usbd_cdc_if.o
 .text.CDC_Receive_FS
                0x08014b48       0x28 ./USB_DEVICE/App/usbd_cdc_if.o
 .text.CDC_Transmit_FS
                0x08014b70       0x4c ./USB_DEVICE/App/usbd_cdc_if.o
                0x08014b70                CDC_Transmit_FS
 .text.CDC_TransmitCplt_FS
                0x08014bbc       0x22 ./USB_DEVICE/App/usbd_cdc_if.o
 *fill*         0x08014bde        0x2 
 .text.USBD_FS_DeviceDescriptor
                0x08014be0       0x24 ./USB_DEVICE/App/usbd_desc.o
                0x08014be0                USBD_FS_DeviceDescriptor
 .text.USBD_FS_LangIDStrDescriptor
                0x08014c04       0x24 ./USB_DEVICE/App/usbd_desc.o
                0x08014c04                USBD_FS_LangIDStrDescriptor
 .text.USBD_FS_ProductStrDescriptor
                0x08014c28       0x3c ./USB_DEVICE/App/usbd_desc.o
                0x08014c28                USBD_FS_ProductStrDescriptor
 .text.USBD_FS_ManufacturerStrDescriptor
                0x08014c64       0x28 ./USB_DEVICE/App/usbd_desc.o
                0x08014c64                USBD_FS_ManufacturerStrDescriptor
 .text.USBD_FS_SerialStrDescriptor
                0x08014c8c       0x24 ./USB_DEVICE/App/usbd_desc.o
                0x08014c8c                USBD_FS_SerialStrDescriptor
 .text.USBD_FS_ConfigStrDescriptor
                0x08014cb0       0x3c ./USB_DEVICE/App/usbd_desc.o
                0x08014cb0                USBD_FS_ConfigStrDescriptor
 .text.USBD_FS_InterfaceStrDescriptor
                0x08014cec       0x3c ./USB_DEVICE/App/usbd_desc.o
                0x08014cec                USBD_FS_InterfaceStrDescriptor
 .text.Get_SerialNum
                0x08014d28       0x58 ./USB_DEVICE/App/usbd_desc.o
 .text.IntToUnicode
                0x08014d80       0x7e ./USB_DEVICE/App/usbd_desc.o
 *fill*         0x08014dfe        0x2 
 .text.HAL_PCD_MspInit
                0x08014e00      0x108 ./USB_DEVICE/Target/usbd_conf.o
                0x08014e00                HAL_PCD_MspInit
 .text.HAL_PCD_SetupStageCallback
                0x08014f08       0x24 ./USB_DEVICE/Target/usbd_conf.o
                0x08014f08                HAL_PCD_SetupStageCallback
 .text.HAL_PCD_DataOutStageCallback
                0x08014f2c       0x36 ./USB_DEVICE/Target/usbd_conf.o
                0x08014f2c                HAL_PCD_DataOutStageCallback
 .text.HAL_PCD_DataInStageCallback
                0x08014f62       0x34 ./USB_DEVICE/Target/usbd_conf.o
                0x08014f62                HAL_PCD_DataInStageCallback
 .text.HAL_PCD_SOFCallback
                0x08014f96       0x1c ./USB_DEVICE/Target/usbd_conf.o
                0x08014f96                HAL_PCD_SOFCallback
 .text.HAL_PCD_ResetCallback
                0x08014fb2       0x50 ./USB_DEVICE/Target/usbd_conf.o
                0x08014fb2                HAL_PCD_ResetCallback
 *fill*         0x08015002        0x2 
 .text.HAL_PCD_SuspendCallback
                0x08015004       0x4c ./USB_DEVICE/Target/usbd_conf.o
                0x08015004                HAL_PCD_SuspendCallback
 .text.HAL_PCD_ResumeCallback
                0x08015050       0x1c ./USB_DEVICE/Target/usbd_conf.o
                0x08015050                HAL_PCD_ResumeCallback
 .text.HAL_PCD_ISOOUTIncompleteCallback
                0x0801506c       0x24 ./USB_DEVICE/Target/usbd_conf.o
                0x0801506c                HAL_PCD_ISOOUTIncompleteCallback
 .text.HAL_PCD_ISOINIncompleteCallback
                0x08015090       0x24 ./USB_DEVICE/Target/usbd_conf.o
                0x08015090                HAL_PCD_ISOINIncompleteCallback
 .text.HAL_PCD_ConnectCallback
                0x080150b4       0x1c ./USB_DEVICE/Target/usbd_conf.o
                0x080150b4                HAL_PCD_ConnectCallback
 .text.HAL_PCD_DisconnectCallback
                0x080150d0       0x1c ./USB_DEVICE/Target/usbd_conf.o
                0x080150d0                HAL_PCD_DisconnectCallback
 .text.USBD_LL_Init
                0x080150ec       0xa0 ./USB_DEVICE/Target/usbd_conf.o
                0x080150ec                USBD_LL_Init
 .text.USBD_LL_Start
                0x0801518c       0x36 ./USB_DEVICE/Target/usbd_conf.o
                0x0801518c                USBD_LL_Start
 .text.USBD_LL_OpenEP
                0x080151c2       0x4c ./USB_DEVICE/Target/usbd_conf.o
                0x080151c2                USBD_LL_OpenEP
 .text.USBD_LL_CloseEP
                0x0801520e       0x3e ./USB_DEVICE/Target/usbd_conf.o
                0x0801520e                USBD_LL_CloseEP
 .text.USBD_LL_StallEP
                0x0801524c       0x3e ./USB_DEVICE/Target/usbd_conf.o
                0x0801524c                USBD_LL_StallEP
 .text.USBD_LL_ClearStallEP
                0x0801528a       0x3e ./USB_DEVICE/Target/usbd_conf.o
                0x0801528a                USBD_LL_ClearStallEP
 .text.USBD_LL_IsStallEP
                0x080152c8       0x58 ./USB_DEVICE/Target/usbd_conf.o
                0x080152c8                USBD_LL_IsStallEP
 .text.USBD_LL_SetUSBAddress
                0x08015320       0x3e ./USB_DEVICE/Target/usbd_conf.o
                0x08015320                USBD_LL_SetUSBAddress
 .text.USBD_LL_Transmit
                0x0801535e       0x42 ./USB_DEVICE/Target/usbd_conf.o
                0x0801535e                USBD_LL_Transmit
 .text.USBD_LL_PrepareReceive
                0x080153a0       0x42 ./USB_DEVICE/Target/usbd_conf.o
                0x080153a0                USBD_LL_PrepareReceive
 .text.USBD_LL_GetRxDataSize
                0x080153e2       0x26 ./USB_DEVICE/Target/usbd_conf.o
                0x080153e2                USBD_LL_GetRxDataSize
 .text.USBD_static_malloc
                0x08015408       0x1c ./USB_DEVICE/Target/usbd_conf.o
                0x08015408                USBD_static_malloc
 .text.USBD_static_free
                0x08015424       0x14 ./USB_DEVICE/Target/usbd_conf.o
                0x08015424                USBD_static_free
 .text.USBD_Get_USB_Status
                0x08015438       0x58 ./USB_DEVICE/Target/usbd_conf.o
                0x08015438                USBD_Get_USB_Status
 .text.atol     0x08015490        0x8 C:/ST/STM32CubeIDE_2.0.0/STM32CubeIDE/plugins/com.st.stm32cube.ide.mcu.externaltools.gnu-tools-for-stm32.13.3.rel1.win32_1.0.100.202509120712/tools/bin/../lib/gcc/arm-none-eabi/13.3.1/../../../../arm-none-eabi/lib/thumb/v7e-m+dp/hard\libc_nano.a(libc_a-atol.o)
                0x08015490                atol
 .text._strtol_l.isra.0
                0x08015498       0xf4 C:/ST/STM32CubeIDE_2.0.0/STM32CubeIDE/plugins/com.st.stm32cube.ide.mcu.externaltools.gnu-tools-for-stm32.13.3.rel1.win32_1.0.100.202509120712/tools/bin/../lib/gcc/arm-none-eabi/13.3.1/../../../../arm-none-eabi/lib/thumb/v7e-m+dp/hard\libc_nano.a(libc_a-strtol.o)
 .text.strtol   0x0801558c       0x14 C:/ST/STM32CubeIDE_2.0.0/STM32CubeIDE/plugins/com.st.stm32cube.ide.mcu.externaltools.gnu-tools-for-stm32.13.3.rel1.win32_1.0.100.202509120712/tools/bin/../lib/gcc/arm-none-eabi/13.3.1/../../../../arm-none-eabi/lib/thumb/v7e-m+dp/hard\libc_nano.a(libc_a-strtol.o)
                0x0801558c                strtol
 .text.atoll    0x080155a0        0x8 C:/ST/STM32CubeIDE_2.0.0/STM32CubeIDE/plugins/com.st.stm32cube.ide.mcu.externaltools.gnu-tools-for-stm32.13.3.rel1.win32_1.0.100.202509120712/tools/bin/../lib/gcc/arm-none-eabi/13.3.1/../../../../arm-none-eabi/lib/thumb/v7e-m+dp/hard\libc_nano.a(libc_a-atoll.o)
                0x080155a0                atoll
 .text.snprintf
                0x080155a8       0x6c C:/ST/STM32CubeIDE_2.0.0/STM32CubeIDE/plugins/com.st.stm32cube.ide.mcu.externaltools.gnu-tools-for-stm32.13.3.rel1.win32_1.0.100.202509120712/tools/bin/../lib/gcc/arm-none-eabi/13.3.1/../../../../arm-none-eabi/lib/thumb/v7e-m+dp/hard\libc_nano.a(libc_a-snprintf.o)
                0x080155a8                sniprintf
                0x080155a8                snprintf
 .text.sprintf  0x08015614       0x44 C:/ST/STM32CubeIDE_2.0.0/STM32CubeIDE/plugins/com.st.stm32cube.ide.mcu.externaltools.gnu-tools-for-stm32.13.3.rel1.win32_1.0.100.202509120712/tools/bin/../lib/gcc/arm-none-eabi/13.3.1/../../../../arm-none-eabi/lib/thumb/v7e-m+dp/hard\libc_nano.a(libc_a-sprintf.o)
                0x08015614                siprintf
                0x08015614                sprintf
 .text._vsnprintf_r
                0x08015658       0x5c C:/ST/STM32CubeIDE_2.0.0/STM32CubeIDE/plugins/com.st.stm32cube.ide.mcu.externaltools.gnu-tools-for-stm32.13.3.rel1.win32_1.0.100.202509120712/tools/bin/../lib/gcc/arm-none-eabi/13.3.1/../../../../arm-none-eabi/lib/thumb/v7e-m+dp/hard\libc_nano.a(libc_a-vsnprintf.o)
                0x08015658                _vsniprintf_r
                0x08015658                _vsnprintf_r
 .text.vsnprintf
                0x080156b4       0x1c C:/ST/STM32CubeIDE_2.0.0/STM32CubeIDE/plugins/com.st.stm32cube.ide.mcu.externaltools.gnu-tools-for-stm32.13.3.rel1.win32_1.0.100.202509120712/tools/bin/../lib/gcc/arm-none-eabi/13.3.1/../../../../arm-none-eabi/lib/thumb/v7e-m+dp/hard\libc_nano.a(libc_a-vsnprintf.o)
                0x080156b4                vsniprintf
                0x080156b4                vsnprintf
 .text.memset   0x080156d0       0x10 C:/ST/STM32CubeIDE_2.0.0/STM32CubeIDE/plugins/com.st.stm32cube.ide.mcu.externaltools.gnu-tools-for-stm32.13.3.rel1.win32_1.0.100.202509120712/tools/bin/../lib/gcc/arm-none-eabi/13.3.1/../../../../arm-none-eabi/lib/thumb/v7e-m+dp/hard\libc_nano.a(libc_a-memset.o)
                0x080156d0                memset
 .text.strchr   0x080156e0       0x1a C:/ST/STM32CubeIDE_2.0.0/STM32CubeIDE/plugins/com.st.stm32cube.ide.mcu.externaltools.gnu-tools-for-stm32.13.3.rel1.win32_1.0.100.202509120712/tools/bin/../lib/gcc/arm-none-eabi/13.3.1/../../../../arm-none-eabi/lib/thumb/v7e-m+dp/hard\libc_nano.a(libc_a-strchr.o)
                0x080156e0                strchr
 .text.strncpy  0x080156fa       0x26 C:/ST/STM32CubeIDE_2.0.0/STM32CubeIDE/plugins/com.st.stm32cube.ide.mcu.externaltools.gnu-tools-for-stm32.13.3.rel1.win32_1.0.100.202509120712/tools/bin/../lib/gcc/arm-none-eabi/13.3.1/../../../../arm-none-eabi/lib/thumb/v7e-m+dp/hard\libc_nano.a(libc_a-strncpy.o)
                0x080156fa                strncpy
 .text.__errno  0x08015720        0xc C:/ST/STM32CubeIDE_2.0.0/STM32CubeIDE/plugins/com.st.stm32cube.ide.mcu.externaltools.gnu-tools-for-stm32.13.3.rel1.win32_1.0.100.202509120712/tools/bin/../lib/gcc/arm-none-eabi/13.3.1/../../../../arm-none-eabi/lib/thumb/v7e-m+dp/hard\libc_nano.a(libc_a-errno.o)
                0x08015720                __errno
 .text.__libc_init_array
                0x0801572c       0x48 C:/ST/STM32CubeIDE_2.0.0/STM32CubeIDE/plugins/com.st.stm32cube.ide.mcu.externaltools.gnu-tools-for-stm32.13.3.rel1.win32_1.0.100.202509120712/tools/bin/../lib/gcc/arm-none-eabi/13.3.1/../../../../arm-none-eabi/lib/thumb/v7e-m+dp/hard\libc_nano.a(libc_a-init.o)
                0x0801572c                __libc_init_array
 .text.__retarget_lock_acquire_recursive
                0x08015774        0x2 C:/ST/STM32CubeIDE_2.0.0/STM32CubeIDE/plugins/com.st.stm32cube.ide.mcu.externaltools.gnu-tools-for-stm32.13.3.rel1.win32_1.0.100.202509120712/tools/bin/../lib/gcc/arm-none-eabi/13.3.1/../../../../arm-none-eabi/lib/thumb/v7e-m+dp/hard\libc_nano.a(libc_a-lock.o)
                0x08015774                __retarget_lock_acquire_recursive
 .text.__retarget_lock_release_recursive
                0x08015776        0x2 C:/ST/STM32CubeIDE_2.0.0/STM32CubeIDE/plugins/com.st.stm32cube.ide.mcu.externaltools.gnu-tools-for-stm32.13.3.rel1.win32_1.0.100.202509120712/tools/bin/../lib/gcc/arm-none-eabi/13.3.1/../../../../arm-none-eabi/lib/thumb/v7e-m+dp/hard\libc_nano.a(libc_a-lock.o)
                0x08015776                __retarget_lock_release_recursive
 .text.memcpy   0x08015778       0x1c C:/ST/STM32CubeIDE_2.0.0/STM32CubeIDE/plugins/com.st.stm32cube.ide.mcu.externaltools.gnu-tools-for-stm32.13.3.rel1.win32_1.0.100.202509120712/tools/bin/../lib/gcc/arm-none-eabi/13.3.1/../../../../arm-none-eabi/lib/thumb/v7e-m+dp/hard\libc_nano.a(libc_a-memcpy-stub.o)
                0x08015778                memcpy
 .text._free_r  0x08015794       0x94 C:/ST/STM32CubeIDE_2.0.0/STM32CubeIDE/plugins/com.st.stm32cube.ide.mcu.externaltools.gnu-tools-for-stm32.13.3.rel1.win32_1.0.100.202509120712/tools/bin/../lib/gcc/arm-none-eabi/13.3.1/../../../../arm-none-eabi/lib/thumb/v7e-m+dp/hard\libc_nano.a(libc_a-freer.o)
                0x08015794                _free_r
 .text.sbrk_aligned
                0x08015828       0x44 C:/ST/STM32CubeIDE_2.0.0/STM32CubeIDE/plugins/com.st.stm32cube.ide.mcu.externaltools.gnu-tools-for-stm32.13.3.rel1.win32_1.0.100.202509120712/tools/bin/../lib/gcc/arm-none-eabi/13.3.1/../../../../arm-none-eabi/lib/thumb/v7e-m+dp/hard\libc_nano.a(libc_a-mallocr.o)
 .text._malloc_r
                0x0801586c      0x100 C:/ST/STM32CubeIDE_2.0.0/STM32CubeIDE/plugins/com.st.stm32cube.ide.mcu.externaltools.gnu-tools-for-stm32.13.3.rel1.win32_1.0.100.202509120712/tools/bin/../lib/gcc/arm-none-eabi/13.3.1/../../../../arm-none-eabi/lib/thumb/v7e-m+dp/hard\libc_nano.a(libc_a-mallocr.o)
                0x0801586c                _malloc_r
 .text.__malloc_lock
                0x0801596c        0xc C:/ST/STM32CubeIDE_2.0.0/STM32CubeIDE/plugins/com.st.stm32cube.ide.mcu.externaltools.gnu-tools-for-stm32.13.3.rel1.win32_1.0.100.202509120712/tools/bin/../lib/gcc/arm-none-eabi/13.3.1/../../../../arm-none-eabi/lib/thumb/v7e-m+dp/hard\libc_nano.a(libc_a-mlock.o)
                0x0801596c                __malloc_lock
 .text.__malloc_unlock
                0x08015978        0xc C:/ST/STM32CubeIDE_2.0.0/STM32CubeIDE/plugins/com.st.stm32cube.ide.mcu.externaltools.gnu-tools-for-stm32.13.3.rel1.win32_1.0.100.202509120712/tools/bin/../lib/gcc/arm-none-eabi/13.3.1/../../../../arm-none-eabi/lib/thumb/v7e-m+dp/hard\libc_nano.a(libc_a-mlock.o)
                0x08015978                __malloc_unlock
 .text._strtoll_l.isra.0
                0x08015984      0x11c C:/ST/STM32CubeIDE_2.0.0/STM32CubeIDE/plugins/com.st.stm32cube.ide.mcu.externaltools.gnu-tools-for-stm32.13.3.rel1.win32_1.0.100.202509120712/tools/bin/../lib/gcc/arm-none-eabi/13.3.1/../../../../arm-none-eabi/lib/thumb/v7e-m+dp/hard\libc_nano.a(libc_a-strtoll.o)
 .text.strtoll  0x08015aa0       0x14 C:/ST/STM32CubeIDE_2.0.0/STM32CubeIDE/plugins/com.st.stm32cube.ide.mcu.externaltools.gnu-tools-for-stm32.13.3.rel1.win32_1.0.100.202509120712/tools/bin/../lib/gcc/arm-none-eabi/13.3.1/../../../../arm-none-eabi/lib/thumb/v7e-m+dp/hard\libc_nano.a(libc_a-strtoll.o)
                0x08015aa0                strtoll
 .text.__ssputs_r
                0x08015ab4       0xb6 C:/ST/STM32CubeIDE_2.0.0/STM32CubeIDE/plugins/com.st.stm32cube.ide.mcu.externaltools.gnu-tools-for-stm32.13.3.rel1.win32_1.0.100.202509120712/tools/bin/../lib/gcc/arm-none-eabi/13.3.1/../../../../arm-none-eabi/lib/thumb/v7e-m+dp/hard\libc_nano.a(libc_a-nano-svfprintf.o)
                0x08015ab4                __ssputs_r
 *fill*         0x08015b6a        0x2 
 .text._svfprintf_r
                0x08015b6c      0x1f8 C:/ST/STM32CubeIDE_2.0.0/STM32CubeIDE/plugins/com.st.stm32cube.ide.mcu.externaltools.gnu-tools-for-stm32.13.3.rel1.win32_1.0.100.202509120712/tools/bin/../lib/gcc/arm-none-eabi/13.3.1/../../../../arm-none-eabi/lib/thumb/v7e-m+dp/hard\libc_nano.a(libc_a-nano-svfprintf.o)
                0x08015b6c                _svfiprintf_r
                0x08015b6c                _svfprintf_r
 .text._printf_common
                0x08015d64       0xda C:/ST/STM32CubeIDE_2.0.0/STM32CubeIDE/plugins/com.st.stm32cube.ide.mcu.externaltools.gnu-tools-for-stm32.13.3.rel1.win32_1.0.100.202509120712/tools/bin/../lib/gcc/arm-none-eabi/13.3.1/../../../../arm-none-eabi/lib/thumb/v7e-m+dp/hard\libc_nano.a(libc_a-nano-vfprintf_i.o)
                0x08015d64                _printf_common
 *fill*         0x08015e3e        0x2 
 .text._printf_i
                0x08015e40      0x23c C:/ST/STM32CubeIDE_2.0.0/STM32CubeIDE/plugins/com.st.stm32cube.ide.mcu.externaltools.gnu-tools-for-stm32.13.3.rel1.win32_1.0.100.202509120712/tools/bin/../lib/gcc/arm-none-eabi/13.3.1/../../../../arm-none-eabi/lib/thumb/v7e-m+dp/hard\libc_nano.a(libc_a-nano-vfprintf_i.o)
                0x08015e40                _printf_i
 .text.memmove  0x0801607c       0x34 C:/ST/STM32CubeIDE_2.0.0/STM32CubeIDE/plugins/com.st.stm32cube.ide.mcu.externaltools.gnu-tools-for-stm32.13.3.rel1.win32_1.0.100.202509120712/tools/bin/../lib/gcc/arm-none-eabi/13.3.1/../../../../arm-none-eabi/lib/thumb/v7e-m+dp/hard\libc_nano.a(libc_a-memmove.o)
                0x0801607c                memmove
 .text._sbrk_r  0x080160b0       0x20 C:/ST/STM32CubeIDE_2.0.0/STM32CubeIDE/plugins/com.st.stm32cube.ide.mcu.externaltools.gnu-tools-for-stm32.13.3.rel1.win32_1.0.100.202509120712/tools/bin/../lib/gcc/arm-none-eabi/13.3.1/../../../../arm-none-eabi/lib/thumb/v7e-m+dp/hard\libc_nano.a(libc_a-sbrkr.o)
                0x080160b0                _sbrk_r
 .text._realloc_r
                0x080160d0       0x5c C:/ST/STM32CubeIDE_2.0.0/STM32CubeIDE/plugins/com.st.stm32cube.ide.mcu.externaltools.gnu-tools-for-stm32.13.3.rel1.win32_1.0.100.202509120712/tools/bin/../lib/gcc/arm-none-eabi/13.3.1/../../../../arm-none-eabi/lib/thumb/v7e-m+dp/hard\libc_nano.a(libc_a-reallocr.o)
                0x080160d0                _realloc_r
 .text._malloc_usable_size_r
                0x0801612c       0x10 C:/ST/STM32CubeIDE_2.0.0/STM32CubeIDE/plugins/com.st.stm32cube.ide.mcu.externaltools.gnu-tools-for-stm32.13.3.rel1.win32_1.0.100.202509120712/tools/bin/../lib/gcc/arm-none-eabi/13.3.1/../../../../arm-none-eabi/lib/thumb/v7e-m+dp/hard\libc_nano.a(libc_a-msizer.o)
                0x0801612c                _malloc_usable_size_r
 *(.glue_7)
 .glue_7        0x0801613c        0x0 linker stubs
 *(.glue_7t)
 .glue_7t       0x0801613c        0x0 linker stubs
 *(.eh_frame)
 .eh_frame      0x0801613c        0x0 C:/ST/STM32CubeIDE_2.0.0/STM32CubeIDE/plugins/com.st.stm32cube.ide.mcu.externaltools.gnu-tools-for-stm32.13.3.rel1.win32_1.0.100.202509120712/tools/bin/../lib/gcc/arm-none-eabi/13.3.1/thumb/v7e-m+dp/hard/crtbegin.o
 *(.init)
 .init          0x0801613c        0x4 C:/ST/STM32CubeIDE_2.0.0/STM32CubeIDE/plugins/com.st.stm32cube.ide.mcu.externaltools.gnu-tools-for-stm32.13.3.rel1.win32_1.0.100.202509120712/tools/bin/../lib/gcc/arm-none-eabi/13.3.1/thumb/v7e-m+dp/hard/crti.o
                0x0801613c                _init
 .init          0x08016140        0x8 C:/ST/STM32CubeIDE_2.0.0/STM32CubeIDE/plugins/com.st.stm32cube.ide.mcu.externaltools.gnu-tools-for-stm32.13.3.rel1.win32_1.0.100.202509120712/tools/bin/../lib/gcc/arm-none-eabi/13.3.1/thumb/v7e-m+dp/hard/crtn.o
 *(.fini)
 .fini          0x08016148        0x4 C:/ST/STM32CubeIDE_2.0.0/STM32CubeIDE/plugins/com.st.stm32cube.ide.mcu.externaltools.gnu-tools-for-stm32.13.3.rel1.win32_1.0.100.202509120712/tools/bin/../lib/gcc/arm-none-eabi/13.3.1/thumb/v7e-m+dp/hard/crti.o
                0x08016148                _fini
 .fini          0x0801614c        0x8 C:/ST/STM32CubeIDE_2.0.0/STM32CubeIDE/plugins/com.st.stm32cube.ide.mcu.externaltools.gnu-tools-for-stm32.13.3.rel1.win32_1.0.100.202509120712/tools/bin/../lib/gcc/arm-none-eabi/13.3.1/thumb/v7e-m+dp/hard/crtn.o
                0x08016154                        . = ALIGN (0x4)
                0x08016154                        _etext = .

.vfp11_veneer   0x08016154        0x0
 .vfp11_veneer  0x08016154        0x0 linker stubs

.v4_bx          0x08016154        0x0
 .v4_bx         0x08016154        0x0 linker stubs

.iplt           0x08016154        0x0
 .iplt          0x08016154        0x0 C:/ST/STM32CubeIDE_2.0.0/STM32CubeIDE/plugins/com.st.stm32cube.ide.mcu.externaltools.gnu-tools-for-stm32.13.3.rel1.win32_1.0.100.202509120712/tools/bin/../lib/gcc/arm-none-eabi/13.3.1/thumb/v7e-m+dp/hard/crtbegin.o

.rodata         0x08016154      0xe78
                0x08016154                        . = ALIGN (0x4)
 *(.rodata)
 .rodata        0x08016154      0x5ec ./Core/Src/dispenser.o
 .rodata        0x08016740       0x38 ./Core/Src/main.o
 .rodata        0x08016778      0x384 ./Core/Src/ui_manager.o
 .rodata        0x08016afc       0x46 ./USB_DEVICE/App/usbd_desc.o
 *(.rodata*)
 *fill*         0x08016b42        0x2 
 .rodata.key_map
                0x08016b44       0x14 ./Core/Src/keyboard.o
 .rodata.font8x8_basic
                0x08016b58      0x300 ./Core/Src/ssd1309.o
 .rodata.D1CorePrescTable
                0x08016e58       0x10 ./Core/Src/system_stm32h7xx.o
                0x08016e58                D1CorePrescTable
 .rodata.flagBitshiftOffset.0
                0x08016e68        0x8 ./Drivers/STM32H7xx_HAL_Driver/Src/stm32h7xx_hal_dma.o
 .rodata.UARTPrescTable
                0x08016e70       0x18 ./Drivers/STM32H7xx_HAL_Driver/Src/stm32h7xx_hal_uart.o
                0x08016e70                UARTPrescTable
 .rodata.numerator.1
                0x08016e88        0x8 ./Drivers/STM32H7xx_HAL_Driver/Src/stm32h7xx_hal_uart_ex.o
 .rodata.denominator.0
                0x08016e90        0x8 ./Drivers/STM32H7xx_HAL_Driver/Src/stm32h7xx_hal_uart_ex.o
 .rodata._ctype_
                0x08016e98      0x101 C:/ST/STM32CubeIDE_2.0.0/STM32CubeIDE/plugins/com.st.stm32cube.ide.mcu.externaltools.gnu-tools-for-stm32.13.3.rel1.win32_1.0.100.202509120712/tools/bin/../lib/gcc/arm-none-eabi/13.3.1/../../../../arm-none-eabi/lib/thumb/v7e-m+dp/hard\libc_nano.a(libc_a-ctype_.o)
                0x08016e98                _ctype_
 .rodata._svfprintf_r.str1.1
                0x08016f99       0x33 C:/ST/STM32CubeIDE_2.0.0/STM32CubeIDE/plugins/com.st.stm32cube.ide.mcu.externaltools.gnu-tools-for-stm32.13.3.rel1.win32_1.0.100.202509120712/tools/bin/../lib/gcc/arm-none-eabi/13.3.1/../../../../arm-none-eabi/lib/thumb/v7e-m+dp/hard\libc_nano.a(libc_a-nano-svfprintf.o)
                                 0x11 (size before relaxing)
 .rodata._printf_i.str1.1