Archive member included to satisfy reference by file (symbol)

C:/ST/STM32CubeIDE_2.0.0/STM32CubeIDE/plugins/com.st.stm32cube.ide.mcu.externaltools.gnu-tools-for-stm32.13.3.rel1.win32_1.0.100.202509120712/tools/bin/../lib/gcc/arm-none-eabi/13.3.1/../../../../arm-none-eabi/lib/thumb/v7e-m+dp/hard\libc_nano.a(libc_a-atol.o)
                              ./Core/Src/dispenser.o (atol)
C:/ST/STM32CubeIDE_2.0.0/STM32CubeIDE/plugins/com.st.stm32cube.ide.mcu.externaltools.gnu-tools-for-stm32.13.3.rel1.win32_1.0.100.202509120712/tools/bin/../lib/gcc/arm-none-eabi/13.3.1/../../../../arm-none-eabi/lib/thumb/v7e-m+dp/hard\libc_nano.a(libc_a-exit.o)
                              C:/ST/STM32CubeIDE_2.0.0/STM32CubeIDE/plugins/com.st.stm32cube.ide.mcu.externaltools.gnu-tools-for-stm32.13.3.rel1.win32_1.0.100.202509120712/tools/bin/../lib/gcc/arm-none-eabi/13.3.1/../../../../arm-none-eabi/lib/thumb/v7e-m+dp/hard/crt0.o (exit)
C:/ST/STM32CubeIDE_2.0.0/STM32CubeIDE/plugins/com.st.stm32cube.ide.mcu.externaltools.gnu-tools-for-stm32.13.3.rel1.win32_1.0.100.202509120712/tools/bin/../lib/gcc/arm-none-eabi/13.3.1/../../../../arm-none-eabi/lib/thumb/v7e-m+dp/hard\libc_nano.a(libc_a-strtol.o)
                              C:/ST/STM32CubeIDE_2.0.0/STM32CubeIDE/plugins/com.st.stm32cube.ide.mcu.externaltools.gnu-tools-for-stm32.13.3.rel1.win32_1.0.100.202509120712/tools/bin/../lib/gcc/arm-none-eabi/13.3.1/../../../../arm-none-eabi/lib/thumb/v7e-m+dp/hard\libc_nano.a(libc_a-atol.o) (_strtol_r)
C:/ST/STM32CubeIDE_2.0.0/STM32CubeIDE/plugins/com.st.stm32cube.ide.mcu.externaltools.gnu-tools-for-stm32.13.3.rel1.win32_1.0.100.202509120712/tools/bin/../lib/gcc/arm-none-eabi/13.3.1/../../../../arm-none-eabi/lib/thumb/v7e-m+dp/hard\libc_nano.a(libc_a-atoll.o)
                              ./Core/Src/dispenser.o (atoll)
C:/ST/STM32CubeIDE_2.0.0/STM32CubeIDE/plugins/com.st.stm32cube.ide.mcu.externaltools.gnu-tools-for-stm32.13.3.rel1.win32_1.0.100.202509120712/tools/bin/../lib/gcc/arm-none-eabi/13.3.1/../../../../arm-none-eabi/lib/thumb/v7e-m+dp/hard\libc_nano.a(libc_a-ctype_.o)
                              C:/ST/STM32CubeIDE_2.0.0/STM32CubeIDE/plugins/com.st.stm32cube.ide.mcu.externaltools.gnu-tools-for-stm32.13.3.rel1.win32_1.0.100.202509120712/tools/bin/../lib/gcc/arm-none-eabi/13.3.1/../../../../arm-none-eabi/lib/thumb/v7e-m+dp/hard\libc_nano.a(libc_a-strtol.o) (_ctype_)
C:/ST/STM32CubeIDE_2.0.0/STM32CubeIDE/plugins/com.st.stm32cube.ide.mcu.externaltools.gnu-tools-for-stm32.13.3.rel1.win32_1.0.100.202509120712/tools/bin/../lib/gcc/arm-none-eabi/13.3.1/../../../../arm-none-eabi/lib/thumb/v7e-m+dp/hard\libc_nano.a(libc_a-findfp.o)
                              C:/ST/STM32CubeIDE_2.0.0/STM32CubeIDE/plugins/com.st.stm32cube.ide.mcu.externaltools.gnu-tools-for-stm32.13.3.rel1.win32_1.0.100.202509120712/tools/bin/../lib/gcc/arm-none-eabi/13.3.1/../../../../arm-none-eabi/lib/thumb/v7e-m+dp/hard\libc_nano.a(libc_a-exit.o) (__stdio_exit_handler)
C:/ST/STM32CubeIDE_2.0.0/STM32CubeIDE/plugins/com.st.stm32cube.ide.mcu.externaltools.gnu-tools-for-stm32.13.3.rel1.win32_1.0.100.202509120712/tools/bin/../lib/gcc/arm-none-eabi/13.3.1/../../../../arm-none-eabi/lib/thumb/v7e-m+dp/hard\libc_nano.a(libc_a-fwalk.o)
                              C:/ST/STM32CubeIDE_2.0.0/STM32CubeIDE/plugins/com.st.stm32cube.ide.mcu.externaltools.gnu-tools-for-stm32.13.3.rel1.win32_1.0.100.202509120712/tools/bin/../lib/gcc/arm-none-eabi/13.3.1/../../../../arm-none-eabi/lib/thumb/v7e-m+dp/hard\libc_nano.a(libc_a-findfp.o) (_fwalk_sglue)
C:/ST/STM32CubeIDE_2.0.0/STM32CubeIDE/plugins/com.st.stm32cube.ide.mcu.externaltools.gnu-tools-for-stm32.13.3.rel1.win32_1.0.100.202509120712/tools/bin/../lib/gcc/arm-none-eabi/13.3.1/../../../../arm-none-eabi/lib/thumb/v7e-m+dp/hard\libc_nano.a(libc_a-snprintf.o)
                              ./Core/Src/dispenser.o (snprintf)
C:/ST/STM32CubeIDE_2.0.0/STM32CubeIDE/plugins/com.st.stm32cube.ide.mcu.externaltools.gnu-tools-for-stm32.13.3.rel1.win32_1.0.100.202509120712/tools/bin/../lib/gcc/arm-none-eabi/13.3.1/../../../../arm-none-eabi/lib/thumb/v7e-m+dp/hard\libc_nano.a(libc_a-sprintf.o)
                              ./Core/Src/ui_manager.o (sprintf)
C:/ST/STM32CubeIDE_2.0.0/STM32CubeIDE/plugins/com.st.stm32cube.ide.mcu.externaltools.gnu-tools-for-stm32.13.3.rel1.win32_1.0.100.202509120712/tools/bin/../lib/gcc/arm-none-eabi/13.3.1/../../../../arm-none-eabi/lib/thumb/v7e-m+dp/hard\libc_nano.a(libc_a-stdio.o)
                              C:/ST/STM32CubeIDE_2.0.0/STM32CubeIDE/plugins/com.st.stm32cube.ide.mcu.externaltools.gnu-tools-for-stm32.13.3.rel1.win32_1.0.100.202509120712/tools/bin/../lib/gcc/arm-none-eabi/13.3.1/../../../../arm-none-eabi/lib/thumb/v7e-m+dp/hard\libc_nano.a(libc_a-findfp.o) (__sread)
[...]
Memory Configuration

Name             Origin             Length             Attributes
FLASH            0x08000000         0x00020000         xr
DTCMRAM          0x20000000         0x00020000         xrw
RAM_D1           0x24000000         0x00080000         xrw
RAM_D2           0x30000000         0x00048000         xrw
RAM_D3           0x38000000         0x00010000         xrw
ITCMRAM          0x00000000         0x00010000         xrw
*default*        0x00000000         0xffffffff

Linker script and memory map

LOAD C:/ST/STM32CubeIDE_2.0.0/STM32CubeIDE/plugins/com.st.stm32cube.ide.mcu.externaltools.gnu-tools-for-stm32.13.3.rel1.win32_1.0.100.202509120712/tools/bin/../lib/gcc/arm-none-eabi/13.3.1/thumb/v7e-m+dp/hard/crti.o
LOAD C:/ST/STM32CubeIDE_2.0.0/STM32CubeIDE/plugins/com.st.stm32cube.ide.mcu.externaltools.gnu-tools-for-stm32.13.3.rel1.win32_1.0.100.202509120712/tools/bin/../lib/gcc/arm-none-eabi/13.3.1/thumb/v7e-m+dp/hard/crtbegin.o
LOAD C:/ST/STM32CubeIDE_2.0.0/STM32CubeIDE/plugins/com.st.stm32cube.ide.mcu.externaltools.gnu-tools-for-stm32.13.3.rel1.win32_1.0.100.202509120712/tools/bin/../lib/gcc/arm-none-eabi/13.3.1/../../../../arm-none-eabi/lib/thumb/v7e-m+dp/hard/crt0.o
LOAD ./Core/Src/dispenser.o
LOAD ./Core/Src/dma.o
LOAD ./Core/Src/eeprom_at24.o
LOAD ./Core/Src/gaskitlink.o
LOAD ./Core/Src/gpio.o
LOAD ./Core/Src/i2c.o
LOAD ./Core/Src/keyboard.o
LOAD ./Core/Src/main.o
LOAD ./Core/Src/spi.o
LOAD ./Core/Src/ssd1309.o
LOAD ./Core/Src/stm32h7xx_hal_msp.o
LOAD ./Core/Src/stm32h7xx_it.o
LOAD ./Core/Src/syscalls.o
LOAD ./Core/Src/sysmem.o
LOAD ./Core/Src/system_stm32h7xx.o
LOAD ./Core/Src/tim.o
LOAD ./Core/Src/ui_manager.o
LOAD ./Core/Src/usart.o
LOAD ./Core/Startup/startup_stm32h750vbtx.o
LOAD ./Drivers/STM32H7xx_HAL_Driver/Src/stm32h7xx_hal.o
LOAD ./Drivers/STM32H7xx_HAL_Driver/Src/stm32h7xx_hal_cortex.o
LOAD ./Drivers/STM32H7xx_HAL_Driver/Src/stm32h7xx_hal_dma.o
LOAD ./Drivers/STM32H7xx_HAL_Driver/Src/stm32h7xx_hal_dma_ex.o
LOAD ./Drivers/STM32H7xx_HAL_Driver/Src/stm32h7xx_hal_exti.o
LOAD ./Drivers/STM32H7xx_HAL_Driver/Src/stm32h7xx_hal_flash.o
LOAD ./Drivers/STM32H7xx_HAL_Driver/Src/stm32h7xx_hal_flash_ex.o
LOAD ./Drivers/STM32H7xx_HAL_Driver/Src/stm32h7xx_hal_gpio.o
LOAD ./Drivers/STM32H7xx_HAL_Driver/Src/stm32h7xx_hal_hsem.o
LOAD ./Drivers/STM32H7xx_HAL_Driver/Src/stm32h7xx_hal_i2c.o
LOAD ./Drivers/STM32H7xx_HAL_Driver/Src/stm32h7xx_hal_i2c_ex.o
LOAD ./Drivers/STM32H7xx_HAL_Driver/Src/stm32h7xx_hal_mdma.o
LOAD ./Drivers/STM32H7xx_HAL_Driver/Src/stm32h7xx_hal_pcd.o
LOAD ./Drivers/STM32H7xx_HAL_Driver/Src/stm32h7xx_hal_pcd_ex.o
LOAD ./Drivers/STM32H7xx_HAL_Driver/Src/stm32h7xx_hal_pwr.o
LOAD ./Drivers/STM32H7xx_HAL_Driver/Src/stm32h7xx_hal_pwr_ex.o
LOAD ./Drivers/STM32H7xx_HAL_Driver/Src/stm32h7xx_hal_rcc.o
LOAD ./Drivers/STM32H7xx_HAL_Driver/Src/stm32h7xx_hal_rcc_ex.o
LOAD ./Drivers/STM32H7xx_HAL_Driver/Src/stm32h7xx_hal_spi.o
LOAD ./Drivers/STM32H7xx_HAL_Driver/Src/stm32h7xx_hal_spi_ex.o
LOAD ./Drivers/STM32H7xx_HAL_Driver/Src/stm32h7xx_hal_tim.o
LOAD ./Drivers/STM32H7xx_HAL_Driver/Src/stm32h7xx_hal_tim_ex.o
LOAD ./Drivers/STM32H7xx_HAL_Driver/Src/stm32h7xx_hal_uart.o
LOAD ./Drivers/STM32H7xx_HAL_Driver/Src/stm32h7xx_hal_uart_ex.o
LOAD ./Drivers/STM32H7xx_HAL_Driver/Src/stm32h7xx_ll_usb.o
LOAD ./Middlewares/ST/STM32_USB_Device_Library/Class/CDC/Src/usbd_cdc.o
LOAD ./Middlewares/ST/STM32_USB_Device_Library/Core/Src/usbd_core.o
LOAD ./Middlewares/ST/STM32_USB_Device_Library/Core/Src/usbd_ctlreq.o
LOAD ./Middlewares/ST/STM32_USB_Device_Library/Core/Src/usbd_ioreq.o
LOAD ./USB_DEVICE/App/usb_device.o
LOAD ./USB_DEVICE/App/usbd_cdc_if.o
LOAD ./USB_DEVICE/App/usbd_desc.o
LOAD ./USB_DEVICE/Target/usbd_conf.o
START GROUP
LOAD C:/ST/STM32CubeIDE_2.0.0/STM32CubeIDE/plugins/com.st.stm32cube.ide.mcu.externaltools.gnu-tools-for-stm32.13.3.rel1.win32_1.0.100.202509120712/tools/bin/../lib/gcc/arm-none-eabi/13.3.1/../../../../arm-none-eabi/lib/thumb/v7e-m+dp/hard\libc_nano.a
LOAD C:/ST/STM32CubeIDE_2.0.0/STM32CubeIDE/plugins/com.st.stm32cube.ide.mcu.externaltools.gnu-tools-for-stm32.13.3.rel1.win32_1.0.100.202509120712/tools/bin/../lib/gcc/arm-none-eabi/13.3.1/../../../../arm-none-eabi/lib/thumb/v7e-m+dp/hard\libm.a
END GROUP
START GROUP
LOAD C:/ST/STM32CubeIDE_2.0.0/STM32CubeIDE/plugins/com.st.stm32cube.ide.mcu.externaltools.gnu-tools-for-stm32.13.3.rel1.win32_1.0.100.202509120712/tools/bin/../lib/gcc/arm-none-eabi/13.3.1/thumb/v7e-m+dp/hard\libgcc.a
LOAD C:/ST/STM32CubeIDE_2.0.0/STM32CubeIDE/plugins/com.st.stm32cube.ide.mcu.externaltools.gnu-tools-for-stm32.13.3.rel1.win32_1.0.100.202509120712/tools/bin/../lib/gcc/arm-none-eabi/13.3.1/../../../../arm-none-eabi/lib/thumb/v7e-m+dp/hard\libc_nano.a
END GROUP
START GROUP
LOAD C:/ST/STM32CubeIDE_2.0.0/STM32CubeIDE/plugins/com.st.stm32cube.ide.mcu.externaltools.gnu-tools-for-stm32.13.3.rel1.win32_1.0.100.202509120712/tools/bin/../lib/gcc/arm-none-eabi/13.3.1/thumb/v7e-m+dp/hard\libgcc.a
LOAD C:/ST/STM32CubeIDE_2.0.0/STM32CubeIDE/plugins/com.st.stm32cube.ide.mcu.externaltools.gnu-tools-for-stm32.13.3.rel1.win32_1.0.100.202509120712/tools/bin/../lib/gcc/arm-none-eabi/13.3.1/../../../../arm-none-eabi/lib/thumb/v7e-m+dp/hard\libc_nano.a
LOAD C:/ST/STM32CubeIDE_2.0.0/STM32CubeIDE/plugins/com.st.stm32cube.ide.mcu.externaltools.gnu-tools-for-stm32.13.3.rel1.win32_1.0.100.202509120712/tools/bin/../lib/gcc/arm-none-eabi/13.3.1/../../../../arm-none-eabi/lib/thumb/v7e-m+dp/hard\libnosys.a
END GROUP
START GROUP
LOAD C:/ST/STM32CubeIDE_2.0.0/STM32CubeIDE/plugins/com.st.stm32cube.ide.mcu.externaltools.gnu-tools-for-stm32.13.3.rel1.win32_1.0.100.202509120712/tools/bin/../lib/gcc/arm-none-eabi/13.3.1/thumb/v7e-m+dp/hard\libgcc.a
LOAD C:/ST/STM32CubeIDE_2.0.0/STM32CubeIDE/plugins/com.st.stm32cube.ide.mcu.externaltools.gnu-tools-for-stm32.13.3.rel1.win32_1.0.100.202509120712/tools/bin/../lib/gcc/arm-none-eabi/13.3.1/../../../../arm-none-eabi/lib/thumb/v7e-m+dp/hard\libc_nano.a
LOAD C:/ST/STM32CubeIDE_2.0.0/STM32CubeIDE/plugins/com.st.stm32cube.ide.mcu.externaltools.gnu-tools-for-stm32.13.3.rel1.win32_1.0.100.202509120712/tools/bin/../lib/gcc/arm-none-eabi/13.3.1/../../../../arm-none-eabi/lib/thumb/v7e-m+dp/hard\libnosys.a
END GROUP
LOAD C:/ST/STM32CubeIDE_2.0.0/STM32CubeIDE/plugins/com.st.stm32cube.ide.mcu.externaltools.gnu-tools-for-stm32.13.3.rel1.win32_1.0.100.202509120712/tools/bin/../lib/gcc/arm-none-eabi/13.3.1/thumb/v7e-m+dp/hard/crtend.o
LOAD C:/ST/STM32CubeIDE_2.0.0/STM32CubeIDE/plugins/com.st.stm32cube.ide.mcu.externaltools.gnu-tools-for-stm32.13.3.rel1.win32_1.0.100.202509120712/tools/bin/../lib/gcc/arm-none-eabi/13.3.1/thumb/v7e-m+dp/hard/crtn.o
                0x24080000                        _estack = (ORIGIN (RAM_D1) + LENGTH (RAM_D1))
                0x00001000                        _Min_Heap_Size = 0x1000
                0x00001000                        _Min_Stack_Size = 0x1000

.isr_vector     0x08000000      0x298
                0x08000000                        . = ALIGN (0x4)
 *(.isr_vector)
 .isr_vector    0x08000000      0x298 ./Core/Startup/startup_stm32h750vbtx.o
                0x08000000                g_pfnVectors
                0x08000298                        . = ALIGN (0x4)

.text           0x080002a0    0x1510c
                0x080002a0                        . = ALIGN (0x4)
 *(.text)
 .text          0x080002a0       0x40 C:/ST/STM32CubeIDE_2.0.0/STM32CubeIDE/plugins/com.st.stm32cube.ide.mcu.externaltools.gnu-tools-for-stm32.13.3.rel1.win32_1.0.100.202509120712/tools/bin/../lib/gcc/arm-none-eabi/13.3.1/thumb/v7e-m+dp/hard/crtbegin.o
 .text          0x080002e0       0x10 C:/ST/STM32CubeIDE_2.0.0/STM32CubeIDE/plugins/com.st.stm32cube.ide.mcu.externaltools.gnu-tools-for-stm32.13.3.rel1.win32_1.0.100.202509120712/tools/bin/../lib/gcc/arm-none-eabi/13.3.1/../../../../arm-none-eabi/lib/thumb/v7e-m+dp/hard\libc_nano.a(libc_a-strlen.o)
                0x080002e0                strlen
 .text          0x080002f0       0xa0 C:/ST/STM32CubeIDE_2.0.0/STM32CubeIDE/plugins/com.st.stm32cube.ide.mcu.externaltools.gnu-tools-for-stm32.13.3.rel1.win32_1.0.100.202509120712/tools/bin/../lib/gcc/arm-none-eabi/13.3.1/../../../../arm-none-eabi/lib/thumb/v7e-m+dp/hard\libc_nano.a(libc_a-memchr.o)
                0x080002f0                memchr
 .text          0x08000390       0x30 C:/ST/STM32CubeIDE_2.0.0/STM32CubeIDE/plugins/com.st.stm32cube.ide.mcu.externaltools.gnu-tools-for-stm32.13.3.rel1.win32_1.0.100.202509120712/tools/bin/../lib/gcc/arm-none-eabi/13.3.1/thumb/v7e-m+dp/hard\libgcc.a(_aeabi_uldivmod.o)
                0x08000390                __aeabi_uldivmod
 .text          0x080003c0      0x2f8 C:/ST/STM32CubeIDE_2.0.0/STM32CubeIDE/plugins/com.st.stm32cube.ide.mcu.externaltools.gnu-tools-for-stm32.13.3.rel1.win32_1.0.100.202509120712/tools/bin/../lib/gcc/arm-none-eabi/13.3.1/thumb/v7e-m+dp/hard\libgcc.a(_udivmoddi4.o)
                0x080003c0                __udivmoddi4
 .text          0x080006b8        0x4 C:/ST/STM32CubeIDE_2.0.0/STM32CubeIDE/plugins/com.st.stm32cube.ide.mcu.externaltools.gnu-tools-for-stm32.13.3.rel1.win32_1.0.100.202509120712/tools/bin/../lib/gcc/arm-none-eabi/13.3.1/thumb/v7e-m+dp/hard\libgcc.a(_dvmd_tls.o)
                0x080006b8                __aeabi_idiv0
                0x080006b8                __aeabi_ldiv0
 *(.text*)
 .text.Dispenser_Init
                0x080006bc       0x4c ./Core/Src/dispenser.o
                0x080006bc                Dispenser_Init
 .text.ChangeState
                0x08000708       0x78 ./Core/Src/dispenser.o
 .text.SendFrame
                0x08000780       0x88 ./Core/Src/dispenser.o
 .text.IsStateTimeout
                0x08000808       0x30 ./Core/Src/dispenser.o
 .text.ProcessStatusResponse
                0x08000838      0x174 ./Core/Src/dispenser.o
 .text.Dispenser_Update
                0x080009ac      0x6b8 ./Core/Src/dispenser.o
                0x080009ac                Dispenser_Update
 .text.Dispenser_StartVolume
                0x08001064       0x68 ./Core/Src/dispenser.o
                0x08001064                Dispenser_StartVolume
 .text.Dispenser_StartAmount
                0x080010cc       0x68 ./Core/Src/dispenser.o
                0x080010cc                Dispenser_StartAmount
 .text.Dispenser_RequestTotalizer
                0x08001134       0x14 ./Core/Src/dispenser.o
                0x08001134                Dispenser_RequestTotalizer
 .text.Dispenser_CloseTransaction
                0x08001148       0x14 ./Core/Src/dispenser.o
                0x08001148                Dispenser_CloseTransaction
 .text.HAL_UARTEx_RxEventCallback
                0x0800115c       0xdc ./Core/Src/dispenser.o
                0x0800115c                HAL_UARTEx_RxEventCallback
 .text.MX_DMA_Init
                0x08001238       0x60 ./Core/Src/dma.o
                0x08001238                MX_DMA_Init
 .text.EEPROM_Write
                0x08001298       0x48 ./Core/Src/eeprom_at24.o
                0x08001298                EEPROM_Write
 .text.EEPROM_Read
                0x080012e0       0x38 ./Core/Src/eeprom_at24.o
                0x080012e0                EEPROM_Read
 .text.EEPROM_SavePrice
                0x08001318       0x3e ./Core/Src/eeprom_at24.o
                0x08001318                EEPROM_SavePrice
 .text.EEPROM_LoadPrice
                0x08001356       0x38 ./Core/Src/eeprom_at24.o
                0x08001356                EEPROM_LoadPrice
 .text.Gas_CalculateCRC
                0x0800138e       0x40 ./Core/Src/gaskitlink.o
                0x0800138e                Gas_CalculateCRC
 .text.Gas_BuildFrame
                0x080013ce       0xb8 ./Core/Src/gaskitlink.o
                0x080013ce                Gas_BuildFrame
 .text.Gas_ParseFrame
                0x08001486       0xae ./Core/Src/gaskitlink.o
                0x08001486                Gas_ParseFrame
 .text.MX_GPIO_Init
                0x08001534      0x138 ./Core/Src/gpio.o
                0x08001534                MX_GPIO_Init
 .text.MX_I2C1_Init
                0x0800166c       0x80 ./Core/Src/i2c.o
                0x0800166c                MX_I2C1_Init
 .text.HAL_I2C_MspInit
                0x080016ec       0xf0 ./Core/Src/i2c.o
                0x080016ec                HAL_I2C_MspInit
 .text.Keyboard_Init
                0x080017dc       0x44 ./Core/Src/keyboard.o
                0x080017dc                Keyboard_Init
 .text.Keyboard_Scan
                0x08001820       0xd0 ./Core/Src/keyboard.o
                0x08001820                Keyboard_Scan
 .text.Keyboard_GetKey
                0x080018f0       0x54 ./Core/Src/keyboard.o
                0x080018f0                Keyboard_GetKey
 .text.SSD1309_IsReady
                0x08001944       0x26 ./Core/Src/main.o
 *fill*         0x0800196a        0x2 
 .text.UsbLog_Push
                0x0800196c       0x84 ./Core/Src/main.o
 .text.UsbLog_Printf
                0x080019f0       0x6e ./Core/Src/main.o
                0x080019f0                UsbLog_Printf
 *fill*         0x08001a5e        0x2 
 .text.UsbLog_Task
                0x08001a60       0xb0 ./Core/Src/main.o
 .text.main     0x08001b10       0x98 ./Core/Src/main.o
                0x08001b10                main
 .text.SystemClock_Config
                0x08001ba8       0xf8 ./Core/Src/main.o
                0x08001ba8                SystemClock_Config
 .text.HAL_SPI_TxCpltCallback
                0x08001ca0       0x28 ./Core/Src/main.o
                0x08001ca0                HAL_SPI_TxCpltCallback
 .text.HAL_SPI_ErrorCallback
                0x08001cc8       0x28 ./Core/Src/main.o
                0x08001cc8                HAL_SPI_ErrorCallback
 .text.MPU_Config
                0x08001cf0       0x58 ./Core/Src/main.o
 .text.Error_Handler
                0x08001d48        0xc ./Core/Src/main.o
                0x08001d48                Error_Handler
 .text.MX_SPI2_Init
                0x08001d54       0xb0 ./Core/Src/spi.o
                0x08001d54                MX_SPI2_Init
 .text.HAL_SPI_MspInit
                0x08001e04      0x144 ./Core/Src/spi.o
                0x08001e04                HAL_SPI_MspInit
 .text.cs_low   0x08001f48       0x20 ./Core/Src/ssd1309.o
 .text.cs_high  0x08001f68       0x20 ./Core/Src/ssd1309.o
 .text.dc_cmd   0x08001f88       0x20 ./Core/Src/ssd1309.o
 .text.dc_data  0x08001fa8       0x20 ./Core/Src/ssd1309.o
 .text.rst_low  0x08001fc8       0x20 ./Core/Src/ssd1309.o
 .text.rst_high
                0x08001fe8       0x20 ./Core/Src/ssd1309.o
 .text.dcache_clean
                0x08002008       0x90 ./Core/Src/ssd1309.o
 .text.build_init_seq
                0x08002098      0x1d2 ./Core/Src/ssd1309.o
 .text.start_init_chunk
                0x0800226a       0xe2 ./Core/Src/ssd1309.o
 .text.start_page_cmd
                0x0800234c       0xb8 ./Core/Src/ssd1309.o
 .text.start_page_data
                0x08002404       0x6e ./Core/Src/ssd1309.o
 .text.SSD1309_Init
                0x08002472       0x6c ./Core/Src/ssd1309.o
                0x08002472                SSD1309_Init
 .text.SSD1309_BeginAsync
                0x080024de       0x4a ./Core/Src/ssd1309.o
                0x080024de                SSD1309_BeginAsync
 .text.SSD1309_Task
                0x08002528      0x100 ./Core/Src/ssd1309.o
                0x08002528                SSD1309_Task
 .text.SSD1309_UpdateAsync
                0x08002628       0x3e ./Core/Src/ssd1309.o
                0x08002628                SSD1309_UpdateAsync
 .text.SSD1309_Clear
                0x08002666       0x28 ./Core/Src/ssd1309.o
                0x08002666                SSD1309_Clear
 .text.SSD1309_DrawPixel
                0x0800268e       0x9c ./Core/Src/ssd1309.o
                0x0800268e                SSD1309_DrawPixel
 *fill*         0x0800272a        0x2 
 .text.SSD1309_DrawChar8x8
                0x0800272c       0xac ./Core/Src/ssd1309.o
                0x0800272c                SSD1309_DrawChar8x8
 .text.SSD1309_DrawString8x8
                0x080027d8       0x4c ./Core/Src/ssd1309.o
                0x080027d8                SSD1309_DrawString8x8
 .text.SSD1309_OnSpiTxCplt
                0x08002824       0xac ./Core/Src/ssd1309.o
                0x08002824                SSD1309_OnSpiTxCplt
 .text.SSD1309_OnSpiError
                0x080028d0       0x3a ./Core/Src/ssd1309.o
                0x080028d0                SSD1309_OnSpiError
 *fill*         0x0800290a        0x2 
 .text.HAL_MspInit
                0x0800290c       0x34 ./Core/Src/stm32h7xx_hal_msp.o
                0x0800290c                HAL_MspInit
 .text.NMI_Handler
                0x08002940        0x8 ./Core/Src/stm32h7xx_it.o
                0x08002940                NMI_Handler
 .text.HardFault_Handler
                0x08002948        0x8 ./Core/Src/stm32h7xx_it.o
                0x08002948                HardFault_Handler
 .text.MemManage_Handler
                0x08002950        0x8 ./Core/Src/stm32h7xx_it.o
                0x08002950                MemManage_Handler
 .text.BusFault_Handler
                0x08002958        0x8 ./Core/Src/stm32h7xx_it.o
                0x08002958                BusFault_Handler
 .text.UsageFault_Handler
                0x08002960        0x8 ./Core/Src/stm32h7xx_it.o
                0x08002960                UsageFault_Handler
 .text.SVC_Handler
                0x08002968        0xe ./Core/Src/stm32h7xx_it.o
                0x08002968                SVC_Handler
 .text.DebugMon_Handler
                0x08002976        0xe ./Core/Src/stm32h7xx_it.o
                0x08002976                DebugMon_Handler
 .text.PendSV_Handler
                0x08002984        0xe ./Core/Src/stm32h7xx_it.o
                0x08002984                PendSV_Handler
 .text.SysTick_Handler
                0x08002992        0xc ./Core/Src/stm32h7xx_it.o
                0x08002992                SysTick_Handler
 *fill*         0x0800299e        0x2 
 .text.DMA1_Stream1_IRQHandler
                0x080029a0       0x14 ./Core/Src/stm32h7xx_it.o
                0x080029a0                DMA1_Stream1_IRQHandler
 .text.DMA1_Stream2_IRQHandler
                0x080029b4       0x14 ./Core/Src/stm32h7xx_it.o
                0x080029b4                DMA1_Stream2_IRQHandler
 .text.DMA1_Stream5_IRQHandler
                0x080029c8       0x14 ./Core/Src/stm32h7xx_it.o
                0x080029c8                DMA1_Stream5_IRQHandler
 .text.TIM2_IRQHandler
                0x080029dc       0x14 ./Core/Src/stm32h7xx_it.o
                0x080029dc                TIM2_IRQHandler
 .text.TIM3_IRQHandler
                0x080029f0       0x14 ./Core/Src/stm32h7xx_it.o
                0x080029f0                TIM3_IRQHandler
 .text.I2C1_EV_IRQHandler
                0x08002a04       0x14 ./Core/Src/stm32h7xx_it.o
                0x08002a04                I2C1_EV_IRQHandler
 .text.I2C1_ER_IRQHandler
                0x08002a18       0x14 ./Core/Src/stm32h7xx_it.o
                0x08002a18                I2C1_ER_IRQHandler
 .text.SPI2_IRQHandler
                0x08002a2c       0x14 ./Core/Src/stm32h7xx_it.o
                0x08002a2c                SPI2_IRQHandler
 .text.USART2_IRQHandler
                0x08002a40       0x14 ./Core/Src/stm32h7xx_it.o
                0x08002a40                USART2_IRQHandler
 .text.OTG_FS_EP1_OUT_IRQHandler
                0x08002a54       0x14 ./Core/Src/stm32h7xx_it.o
                0x08002a54                OTG_FS_EP1_OUT_IRQHandler
 .text.OTG_FS_EP1_IN_IRQHandler
                0x08002a68       0x14 ./Core/Src/stm32h7xx_it.o
                0x08002a68                OTG_FS_EP1_IN_IRQHandler
 .text.OTG_FS_IRQHandler
                0x08002a7c       0x14 ./Core/Src/stm32h7xx_it.o
                0x08002a7c                OTG_FS_IRQHandler
 .text._sbrk    0x08002a90       0x6c ./Core/Src/sysmem.o
                0x08002a90                _sbrk
 .text.SystemInit
                0x08002afc      0x140 ./Core/Src/system_stm32h7xx.o
                0x08002afc                SystemInit
 .text.ExitRun0Mode
                0x08002c3c       0x30 ./Core/Src/system_stm32h7xx.o
                0x08002c3c                ExitRun0Mode
 .text.MX_TIM2_Init
                0x08002c6c       0x9c ./Core/Src/tim.o
                0x08002c6c                MX_TIM2_Init
 .text.MX_TIM3_Init
                0x08002d08       0xa0 ./Core/Src/tim.o
                0x08002d08                MX_TIM3_Init
 .text.HAL_TIM_Base_MspInit
                0x08002da8       0x8c ./Core/Src/tim.o
                0x08002da8                HAL_TIM_Base_MspInit
 .text.ParseDecimalVolume
                0x08002e34      0x108 ./Core/Src/ui_manager.o
 .text.UI_Init  0x08002f3c       0x8c ./Core/Src/ui_manager.o
                0x08002f3c                UI_Init
 .text.DrawMain
                0x08002fc8       0xc0 ./Core/Src/ui_manager.o
 .text.DrawTotalizer
                0x08003088       0xb4 ./Core/Src/ui_manager.o
 .text.DrawSetPrice
                0x0800313c       0x90 ./Core/Src/ui_manager.o
 .text.DrawInputVolume
                0x080031cc       0x90 ./Core/Src/ui_manager.o
 .text.DrawInputAmount
                0x0800325c       0x90 ./Core/Src/ui_manager.o
 .text.DrawFuelling
                0x080032ec      0x264 ./Core/Src/ui_manager.o
 .text.DrawTransactionResult
                0x08003550       0xe4 ./Core/Src/ui_manager.o
 .text.ShowErrorMessage
                0x08003634       0x3c ./Core/Src/ui_manager.o
 .text.DrawErrorMessage
                0x08003670       0x58 ./Core/Src/ui_manager.o
 .text.UI_ProcessInput
                0x080036c8      0x6ac ./Core/Src/ui_manager.o
                0x080036c8                UI_ProcessInput
 .text.UI_Draw  0x08003d74       0xb0 ./Core/Src/ui_manager.o
                0x08003d74                UI_Draw
 .text.MX_USART2_UART_Init
                0x08003e24       0x98 ./Core/Src/usart.o
                0x08003e24                MX_USART2_UART_Init
 .text.HAL_UART_MspInit
                0x08003ebc      0x1ac ./Core/Src/usart.o
                0x08003ebc                HAL_UART_MspInit
 .text.Reset_Handler
                0x08004068       0x54 ./Core/Startup/startup_stm32h750vbtx.o
                0x08004068                Reset_Handler
 .text.Default_Handler
                0x080040bc        0x2 ./Core/Startup/startup_stm32h750vbtx.o
                0x080040bc                RTC_Alarm_IRQHandler
                0x080040bc                HASH_RNG_IRQHandler
                0x080040bc                EXTI2_IRQHandler
                0x080040bc                TIM8_CC_IRQHandler
                0x080040bc                HRTIM1_Master_IRQHandler
                0x080040bc                UART8_IRQHandler
                0x080040bc                SPI4_IRQHandler
                0x080040bc                TIM1_CC_IRQHandler
                0x080040bc                BDMA_Channel6_IRQHandler
                0x080040bc                DMA2_Stream5_IRQHandler
                0x080040bc                HRTIM1_FLT_IRQHandler
                0x080040bc                JPEG_IRQHandler
                0x080040bc                BDMA_Channel1_IRQHandler
                0x080040bc                HRTIM1_TIMD_IRQHandler
                0x080040bc                TAMP_STAMP_IRQHandler
                0x080040bc                EXTI3_IRQHandler
                0x080040bc                LPTIM4_IRQHandler
                0x080040bc                TIM8_TRG_COM_TIM14_IRQHandler
                0x080040bc                LPTIM2_IRQHandler
                0x080040bc                DFSDM1_FLT1_IRQHandler
                0x080040bc                DMAMUX2_OVR_IRQHandler
                0x080040bc                TIM8_UP_TIM13_IRQHandler
                0x080040bc                I2C3_ER_IRQHandler
                0x080040bc                DFSDM1_FLT2_IRQHandler
                0x080040bc                MDMA_IRQHandler
                0x080040bc                LPTIM3_IRQHandler
                0x080040bc                HSEM1_IRQHandler
                0x080040bc                EXTI0_IRQHandler
                0x080040bc                I2C2_EV_IRQHandler
                0x080040bc                FPU_IRQHandler
                0x080040bc                OTG_HS_WKUP_IRQHandler
                0x080040bc                FDCAN1_IT1_IRQHandler
                0x080040bc                LTDC_ER_IRQHandler
                0x080040bc                DMA2_Stream2_IRQHandler
                0x080040bc                HRTIM1_TIME_IRQHandler
                0x080040bc                SPI1_IRQHandler
                0x080040bc                TIM6_DAC_IRQHandler
                0x080040bc                DCMI_IRQHandler
                0x080040bc                HRTIM1_TIMC_IRQHandler
                0x080040bc                DMA2_Stream3_IRQHandler
                0x080040bc                SAI2_IRQHandler
                0x080040bc                DFSDM1_FLT3_IRQHandler
                0x080040bc                USART6_IRQHandler
                0x080040bc                TIM17_IRQHandler
                0x080040bc                USART3_IRQHandler
                0x080040bc                BDMA_Channel7_IRQHandler
                0x080040bc                CRYP_IRQHandler
                0x080040bc                LPTIM5_IRQHandler
                0x080040bc                UART5_IRQHandler
                0x080040bc                ADC3_IRQHandler
                0x080040bc                DMA2_Stream0_IRQHandler
                0x080040bc                TIM4_IRQHandler
                0x080040bc                BDMA_Channel2_IRQHandler
                0x080040bc                QUADSPI_IRQHandler
                0x080040bc                DMA1_Stream6_IRQHandler
                0x080040bc                DMAMUX1_OVR_IRQHandler
                0x080040bc                TIM16_IRQHandler
                0x080040bc                UART4_IRQHandler
                0x080040bc                BDMA_Channel5_IRQHandler
                0x080040bc                RCC_IRQHandler
                0x080040bc                TIM8_BRK_TIM12_IRQHandler
                0x080040bc                TIM1_TRG_COM_IRQHandler
                0x080040bc                Default_Handler
                0x080040bc                ECC_IRQHandler
                0x080040bc                CEC_IRQHandler
                0x080040bc                EXTI15_10_IRQHandler
                0x080040bc                BDMA_Channel0_IRQHandler
                0x080040bc                ADC_IRQHandler
                0x080040bc                DMA1_Stream7_IRQHandler
                0x080040bc                HRTIM1_TIMA_IRQHandler
                0x080040bc                SPI5_IRQHandler
                0x080040bc                TIM7_IRQHandler
                0x080040bc                SDMMC1_IRQHandler
                0x080040bc                TIM5_IRQHandler
                0x080040bc                DMA2_Stream7_IRQHandler
                0x080040bc                TIM15_IRQHandler
                0x080040bc                PVD_AVD_IRQHandler
                0x080040bc                I2C3_EV_IRQHandler
                0x080040bc                EXTI9_5_IRQHandler
                0x080040bc                RTC_WKUP_IRQHandler
                0x080040bc                LTDC_IRQHandler
                0x080040bc                SAI3_IRQHandler
                0x080040bc                ETH_WKUP_IRQHandler
                0x080040bc                SPDIF_RX_IRQHandler
                0x080040bc                OTG_HS_EP1_IN_IRQHandler
                0x080040bc                DMA1_Stream0_IRQHandler
                0x080040bc                CRS_IRQHandler
                0x080040bc                EXTI4_IRQHandler
                0x080040bc                HRTIM1_TIMB_IRQHandler
                0x080040bc                FDCAN2_IT1_IRQHandler
                0x080040bc                ETH_IRQHandler
                0x080040bc                TIM1_UP_IRQHandler
                0x080040bc                BDMA_Channel4_IRQHandler
                0x080040bc                OTG_HS_EP1_OUT_IRQHandler
                0x080040bc                WWDG_IRQHandler
                0x080040bc                SPI6_IRQHandler
                0x080040bc                MDIOS_IRQHandler
                0x080040bc                I2C4_EV_IRQHandler
                0x080040bc                FDCAN2_IT0_IRQHandler
                0x080040bc                LPUART1_IRQHandler
                0x080040bc                FDCAN1_IT0_IRQHandler
                0x080040bc                OTG_FS_WKUP_IRQHandler
                0x080040bc                OTG_HS_IRQHandler
                0x080040bc                DMA2D_IRQHandler
                0x080040bc                TIM1_BRK_IRQHandler
                0x080040bc                EXTI1_IRQHandler
                0x080040bc                SDMMC2_IRQHandler
                0x080040bc                BDMA_Channel3_IRQHandler
                0x080040bc                UART7_IRQHandler
                0x080040bc                MDIOS_WKUP_IRQHandler
                0x080040bc                DFSDM1_FLT0_IRQHandler
                0x080040bc                SAI4_IRQHandler
                0x080040bc                I2C2_ER_IRQHandler
                0x080040bc                DMA2_Stream1_IRQHandler
                0x080040bc                FLASH_IRQHandler
                0x080040bc                DMA2_Stream4_IRQHandler
                0x080040bc                USART1_IRQHandler
                0x080040bc                SPI3_IRQHandler
                0x080040bc                WAKEUP_PIN_IRQHandler
                0x080040bc                DMA1_Stream4_IRQHandler
                0x080040bc                FMC_IRQHandler
                0x080040bc                FDCAN_CAL_IRQHandler
                0x080040bc                SWPMI1_IRQHandler
                0x080040bc                COMP1_IRQHandler
                0x080040bc                LPTIM1_IRQHandler
                0x080040bc                I2C4_ER_IRQHandler
                0x080040bc                DMA2_Stream6_IRQHandler
                0x080040bc                SAI1_IRQHandler
                0x080040bc                DMA1_Stream3_IRQHandler
 *fill*         0x080040be        0x2 
 .text.HAL_Init
                0x080040c0       0x78 ./Drivers/STM32H7xx_HAL_Driver/Src/stm32h7xx_hal.o
                0x080040c0                HAL_Init
 .text.HAL_InitTick
                0x08004138       0x6c ./Drivers/STM32H7xx_HAL_Driver/Src/stm32h7xx_hal.o
                0x08004138                HAL_InitTick
 .text.HAL_IncTick
                0x080041a4       0x28 ./Drivers/STM32H7xx_HAL_Driver/Src/stm32h7xx_hal.o
                0x080041a4                HAL_IncTick
 .text.HAL_GetTick
                0x080041cc       0x18 ./Drivers/STM32H7xx_HAL_Driver/Src/stm32h7xx_hal.o
                0x080041cc                HAL_GetTick
 .text.HAL_Delay
                0x080041e4       0x48 ./Drivers/STM32H7xx_HAL_Driver/Src/stm32h7xx_hal.o
                0x080041e4                HAL_Delay
 .text.HAL_GetREVID
                0x0800422c       0x18 ./Drivers/STM32H7xx_HAL_Driver/Src/stm32h7xx_hal.o
                0x0800422c                HAL_GetREVID
 .text.__NVIC_SetPriorityGrouping
                0x08004244       0x48 ./Drivers/STM32H7xx_HAL_Driver/Src/stm32h7xx_hal_cortex.o
 .text.__NVIC_GetPriorityGrouping
                0x0800428c       0x1c ./Drivers/STM32H7xx_HAL_Driver/Src/stm32h7xx_hal_cortex.o
 .text.__NVIC_EnableIRQ
                0x080042a8       0x3c ./Drivers/STM32H7xx_HAL_Driver/Src/stm32h7xx_hal_cortex.o
 .text.__NVIC_SetPriority
                0x080042e4       0x54 ./Drivers/STM32H7xx_HAL_Driver/Src/stm32h7xx_hal_cortex.o
 .text.NVIC_EncodePriority
                0x08004338       0x66 ./Drivers/STM32H7xx_HAL_Driver/Src/stm32h7xx_hal_cortex.o
 *fill*         0x0800439e        0x2 
 .text.SysTick_Config
                0x080043a0       0x44 ./Drivers/STM32H7xx_HAL_Driver/Src/stm32h7xx_hal_cortex.o
 .text.HAL_NVIC_SetPriorityGrouping
                0x080043e4       0x16 ./Drivers/STM32H7xx_HAL_Driver/Src/stm32h7xx_hal_cortex.o
                0x080043e4                HAL_NVIC_SetPriorityGrouping
 .text.HAL_NVIC_SetPriority
                0x080043fa       0x34 ./Drivers/STM32H7xx_HAL_Driver/Src/stm32h7xx_hal_cortex.o
                0x080043fa                HAL_NVIC_SetPriority
 .text.HAL_NVIC_EnableIRQ
                0x0800442e       0x1c ./Drivers/STM32H7xx_HAL_Driver/Src/stm32h7xx_hal_cortex.o
                0x0800442e                HAL_NVIC_EnableIRQ
 .text.HAL_SYSTICK_Config
                0x0800444a       0x18 ./Drivers/STM32H7xx_HAL_Driver/Src/stm32h7xx_hal_cortex.o
                0x0800444a                HAL_SYSTICK_Config
 *fill*         0x08004462        0x2 
 .text.HAL_MPU_Disable
                0x08004464       0x30 ./Drivers/STM32H7xx_HAL_Driver/Src/stm32h7xx_hal_cortex.o
                0x08004464                HAL_MPU_Disable
 .text.HAL_MPU_Enable
                0x08004494       0x40 ./Drivers/STM32H7xx_HAL_Driver/Src/stm32h7xx_hal_cortex.o
                0x08004494                HAL_MPU_Enable
 .text.HAL_MPU_ConfigRegion
                0x080044d4       0x80 ./Drivers/STM32H7xx_HAL_Driver/Src/stm32h7xx_hal_cortex.o
                0x080044d4                HAL_MPU_ConfigRegion
 .text.HAL_DMA_Init
                0x08004554      0x6b8 ./Drivers/STM32H7xx_HAL_Driver/Src/stm32h7xx_hal_dma.o
                0x08004554                HAL_DMA_Init
 .text.HAL_DMA_Start_IT
                0x08004c0c      0x4d4 ./Drivers/STM32H7xx_HAL_Driver/Src/stm32h7xx_hal_dma.o
                0x08004c0c                HAL_DMA_Start_IT
 .text.HAL_DMA_Abort
                0x080050e0      0x63c ./Drivers/STM32H7xx_HAL_Driver/Src/stm32h7xx_hal_dma.o
                0x080050e0                HAL_DMA_Abort
 .text.HAL_DMA_Abort_IT
                0x0800571c      0x48c ./Drivers/STM32H7xx_HAL_Driver/Src/stm32h7xx_hal_dma.o
                0x0800571c                HAL_DMA_Abort_IT
 .text.HAL_DMA_IRQHandler
                0x08005ba8      0xe54 ./Drivers/STM32H7xx_HAL_Driver/Src/stm32h7xx_hal_dma.o
                0x08005ba8                HAL_DMA_IRQHandler
 .text.HAL_DMA_GetState
                0x080069fc       0x1c ./Drivers/STM32H7xx_HAL_Driver/Src/stm32h7xx_hal_dma.o
                0x080069fc                HAL_DMA_GetState
 .text.HAL_DMA_GetError
                0x08006a18       0x18 ./Drivers/STM32H7xx_HAL_Driver/Src/stm32h7xx_hal_dma.o
                0x08006a18                HAL_DMA_GetError
 .text.DMA_SetConfig
                0x08006a30      0x358 ./Drivers/STM32H7xx_HAL_Driver/Src/stm32h7xx_hal_dma.o
 .text.DMA_CalcBaseAndBitshift
                0x08006d88      0x164 ./Drivers/STM32H7xx_HAL_Driver/Src/stm32h7xx_hal_dma.o
 .text.DMA_CheckFifoParam
                0x08006eec       0xf8 ./Drivers/STM32H7xx_HAL_Driver/Src/stm32h7xx_hal_dma.o
 .text.DMA_CalcDMAMUXChannelBaseAndMask
                0x08006fe4      0x134 ./Drivers/STM32H7xx_HAL_Driver/Src/stm32h7xx_hal_dma.o
 .text.DMA_CalcDMAMUXRequestGenBaseAndMask
                0x08007118       0xe8 ./Drivers/STM32H7xx_HAL_Driver/Src/stm32h7xx_hal_dma.o
 .text.HAL_GPIO_Init
                0x08007200      0x360 ./Drivers/STM32H7xx_HAL_Driver/Src/stm32h7xx_hal_gpio.o
                0x08007200                HAL_GPIO_Init
 .text.HAL_GPIO_ReadPin
                0x08007560       0x30 ./Drivers/STM32H7xx_HAL_Driver/Src/stm32h7xx_hal_gpio.o
                0x08007560                HAL_GPIO_ReadPin
 .text.HAL_GPIO_WritePin
                0x08007590       0x32 ./Drivers/STM32H7xx_HAL_Driver/Src/stm32h7xx_hal_gpio.o
                0x08007590                HAL_GPIO_WritePin
 *fill*         0x080075c2        0x2 
 .text.HAL_I2C_Init
                0x080075c4      0x138 ./Drivers/STM32H7xx_HAL_Driver/Src/stm32h7xx_hal_i2c.o
                0x080075c4                HAL_I2C_Init
 .text.HAL_I2C_Mem_Write
                0x080076fc      0x228 ./Drivers/STM32H7xx_HAL_Driver/Src/stm32h7xx_hal_i2c.o
                0x080076fc                HAL_I2C_Mem_Write
 .text.HAL_I2C_Mem_Read
                0x08007924      0x234 ./Drivers/STM32H7xx_HAL_Driver/Src/stm32h7xx_hal_i2c.o
                0x08007924                HAL_I2C_Mem_Read
 .text.HAL_I2C_EV_IRQHandler
                0x08007b58       0x34 ./Drivers/STM32H7xx_HAL_Driver/Src/stm32h7xx_hal_i2c.o
                0x08007b58                HAL_I2C_EV_IRQHandler
 .text.HAL_I2C_ER_IRQHandler
                0x08007b8c       0xc2 ./Drivers/STM32H7xx_HAL_Driver/Src/stm32h7xx_hal_i2c.o
                0x08007b8c                HAL_I2C_ER_IRQHandler
 .text.HAL_I2C_SlaveTxCpltCallback
                0x08007c4e       0x14 ./Drivers/STM32H7xx_HAL_Driver/Src/stm32h7xx_hal_i2c.o
                0x08007c4e                HAL_I2C_SlaveTxCpltCallback
 .text.HAL_I2C_SlaveRxCpltCallback
                0x08007c62       0x14 ./Drivers/STM32H7xx_HAL_Driver/Src/stm32h7xx_hal_i2c.o
                0x08007c62                HAL_I2C_SlaveRxCpltCallback
 .text.HAL_I2C_AddrCallback
                0x08007c76       0x1c ./Drivers/STM32H7xx_HAL_Driver/Src/stm32h7xx_hal_i2c.o
                0x08007c76                HAL_I2C_AddrCallback
 .text.HAL_I2C_ListenCpltCallback
                0x08007c92       0x14 ./Drivers/STM32H7xx_HAL_Driver/Src/stm32h7xx_hal_i2c.o
                0x08007c92                HAL_I2C_ListenCpltCallback
 .text.HAL_I2C_ErrorCallback
                0x08007ca6       0x14 ./Drivers/STM32H7xx_HAL_Driver/Src/stm32h7xx_hal_i2c.o
                0x08007ca6                HAL_I2C_ErrorCallback
 .text.HAL_I2C_AbortCpltCallback
                0x08007cba       0x14 ./Drivers/STM32H7xx_HAL_Driver/Src/stm32h7xx_hal_i2c.o
                0x08007cba                HAL_I2C_AbortCpltCallback
 .text.I2C_Slave_ISR_IT
                0x08007cce      0x208 ./Drivers/STM32H7xx_HAL_Driver/Src/stm32h7xx_hal_i2c.o
 *fill*         0x08007ed6        0x2 
 .text.I2C_RequestMemoryWrite
                0x08007ed8       0xa8 ./Drivers/STM32H7xx_HAL_Driver/Src/stm32h7xx_hal_i2c.o
 .text.I2C_RequestMemoryRead
                0x08007f80       0xa8 ./Drivers/STM32H7xx_HAL_Driver/Src/stm32h7xx_hal_i2c.o
 .text.I2C_ITAddrCplt
                0x08008028      0x108 ./Drivers/STM32H7xx_HAL_Driver/Src/stm32h7xx_hal_i2c.o
 .text.I2C_ITSlaveSeqCplt
                0x08008130       0xbc ./Drivers/STM32H7xx_HAL_Driver/Src/stm32h7xx_hal_i2c.o
 .text.I2C_ITSlaveCplt
                0x080081ec      0x4b4 ./Drivers/STM32H7xx_HAL_Driver/Src/stm32h7xx_hal_i2c.o
 .text.I2C_ITListenCplt
                0x080086a0       0xac ./Drivers/STM32H7xx_HAL_Driver/Src/stm32h7xx_hal_i2c.o
 .text.I2C_ITError
                0x0800874c      0x1e0 ./Drivers/STM32H7xx_HAL_Driver/Src/stm32h7xx_hal_i2c.o
 .text.I2C_TreatErrorCallback
                0x0800892c       0x4e ./Drivers/STM32H7xx_HAL_Driver/Src/stm32h7xx_hal_i2c.o
 .text.I2C_Flush_TXDR
                0x0800897a       0x48 ./Drivers/STM32H7xx_HAL_Driver/Src/stm32h7xx_hal_i2c.o
 .text.I2C_DMAAbort
                0x080089c2       0x3c ./Drivers/STM32H7xx_HAL_Driver/Src/stm32h7xx_hal_i2c.o
 .text.I2C_WaitOnFlagUntilTimeout
                0x080089fe       0xb2 ./Drivers/STM32H7xx_HAL_Driver/Src/stm32h7xx_hal_i2c.o
 .text.I2C_WaitOnTXISFlagUntilTimeout
                0x08008ab0       0x8e ./Drivers/STM32H7xx_HAL_Driver/Src/stm32h7xx_hal_i2c.o
 .text.I2C_WaitOnSTOPFlagUntilTimeout
                0x08008b3e       0x86 ./Drivers/STM32H7xx_HAL_Driver/Src/stm32h7xx_hal_i2c.o
 .text.I2C_IsErrorOccurred
                0x08008bc4      0x1c0 ./Drivers/STM32H7xx_HAL_Driver/Src/stm32h7xx_hal_i2c.o
 .text.I2C_TransferConfig
                0x08008d84       0x64 ./Drivers/STM32H7xx_HAL_Driver/Src/stm32h7xx_hal_i2c.o
 .text.I2C_Disable_IRQ
                0x08008de8       0xbc ./Drivers/STM32H7xx_HAL_Driver/Src/stm32h7xx_hal_i2c.o
 .text.HAL_I2CEx_ConfigAnalogFilter
                0x08008ea4       0x96 ./Drivers/STM32H7xx_HAL_Driver/Src/stm32h7xx_hal_i2c_ex.o
                0x08008ea4                HAL_I2CEx_ConfigAnalogFilter
 .text.HAL_I2CEx_ConfigDigitalFilter
                0x08008f3a       0x98 ./Drivers/STM32H7xx_HAL_Driver/Src/stm32h7xx_hal_i2c_ex.o
                0x08008f3a                HAL_I2CEx_ConfigDigitalFilter
 .text.HAL_PCD_Init
                0x08008fd2      0x218 ./Drivers/STM32H7xx_HAL_Driver/Src/stm32h7xx_hal_pcd.o
                0x08008fd2                HAL_PCD_Init
 .text.HAL_PCD_Start
                0x080091ea       0x6a ./Drivers/STM32H7xx_HAL_Driver/Src/stm32h7xx_hal_pcd.o
                0x080091ea                HAL_PCD_Start
 .text.HAL_PCD_IRQHandler
                0x08009254      0x99c ./Drivers/STM32H7xx_HAL_Driver/Src/stm32h7xx_hal_pcd.o
                0x08009254                HAL_PCD_IRQHandler
 .text.HAL_PCD_SetAddress
                0x08009bf0       0x48 ./Drivers/STM32H7xx_HAL_Driver/Src/stm32h7xx_hal_pcd.o
                0x08009bf0                HAL_PCD_SetAddress
 .text.HAL_PCD_EP_Open
                0x08009c38       0xd4 ./Drivers/STM32H7xx_HAL_Driver/Src/stm32h7xx_hal_pcd.o
                0x08009c38                HAL_PCD_EP_Open
 .text.HAL_PCD_EP_Close
                0x08009d0c       0x94 ./Drivers/STM32H7xx_HAL_Driver/Src/stm32h7xx_hal_pcd.o
                0x08009d0c                HAL_PCD_EP_Close
 .text.HAL_PCD_EP_Receive
                0x08009da0       0x76 ./Drivers/STM32H7xx_HAL_Driver/Src/stm32h7xx_hal_pcd.o
                0x08009da0                HAL_PCD_EP_Receive
 .text.HAL_PCD_EP_GetRxCount
                0x08009e16       0x30 ./Drivers/STM32H7xx_HAL_Driver/Src/stm32h7xx_hal_pcd.o
                0x08009e16                HAL_PCD_EP_GetRxCount
 .text.HAL_PCD_EP_Transmit
                0x08009e46       0x74 ./Drivers/STM32H7xx_HAL_Driver/Src/stm32h7xx_hal_pcd.o
                0x08009e46                HAL_PCD_EP_Transmit
 .text.HAL_PCD_EP_SetStall
                0x08009eba       0xc6 ./Drivers/STM32H7xx_HAL_Driver/Src/stm32h7xx_hal_pcd.o
                0x08009eba                HAL_PCD_EP_SetStall
 .text.HAL_PCD_EP_ClrStall
                0x08009f80       0xac ./Drivers/STM32H7xx_HAL_Driver/Src/stm32h7xx_hal_pcd.o
                0x08009f80                HAL_PCD_EP_ClrStall
 .text.HAL_PCD_EP_Abort
                0x0800a02c       0x62 ./Drivers/STM32H7xx_HAL_Driver/Src/stm32h7xx_hal_pcd.o
                0x0800a02c                HAL_PCD_EP_Abort
 .text.PCD_WriteEmptyTxFifo
                0x0800a08e      0x118 ./Drivers/STM32H7xx_HAL_Driver/Src/stm32h7xx_hal_pcd.o
 *fill*         0x0800a1a6        0x2 
 .text.PCD_EP_OutXfrComplete_int
                0x0800a1a8      0x1d0 ./Drivers/STM32H7xx_HAL_Driver/Src/stm32h7xx_hal_pcd.o
 .text.PCD_EP_OutSetupPacket_int
                0x0800a378       0x8c ./Drivers/STM32H7xx_HAL_Driver/Src/stm32h7xx_hal_pcd.o
 .text.HAL_PCDEx_SetTxFiFo
                0x0800a404       0x8e ./Drivers/STM32H7xx_HAL_Driver/Src/stm32h7xx_hal_pcd_ex.o
                0x0800a404                HAL_PCDEx_SetTxFiFo
 .text.HAL_PCDEx_SetRxFiFo
                0x0800a492       0x22 ./Drivers/STM32H7xx_HAL_Driver/Src/stm32h7xx_hal_pcd_ex.o
                0x0800a492                HAL_PCDEx_SetRxFiFo
 .text.HAL_PCDEx_ActivateLPM
                0x0800a4b4       0x48 ./Drivers/STM32H7xx_HAL_Driver/Src/stm32h7xx_hal_pcd_ex.o
                0x0800a4b4                HAL_PCDEx_ActivateLPM
 .text.HAL_PCDEx_LPM_Callback
                0x0800a4fc       0x18 ./Drivers/STM32H7xx_HAL_Driver/Src/stm32h7xx_hal_pcd_ex.o
                0x0800a4fc                HAL_PCDEx_LPM_Callback
 .text.HAL_PWREx_ConfigSupply
                0x0800a514       0x74 ./Drivers/STM32H7xx_HAL_Driver/Src/stm32h7xx_hal_pwr_ex.o
                0x0800a514                HAL_PWREx_ConfigSupply
 .text.HAL_PWREx_EnableUSBVoltageDetector
                0x0800a588       0x20 ./Drivers/STM32H7xx_HAL_Driver/Src/stm32h7xx_hal_pwr_ex.o
                0x0800a588                HAL_PWREx_EnableUSBVoltageDetector
 .text.HAL_RCC_OscConfig
                0x0800a5a8      0x8b4 ./Drivers/STM32H7xx_HAL_Driver/Src/stm32h7xx_hal_rcc.o
                0x0800a5a8                HAL_RCC_OscConfig
 .text.HAL_RCC_ClockConfig
                0x0800ae5c      0x36c ./Drivers/STM32H7xx_HAL_Driver/Src/stm32h7xx_hal_rcc.o
                0x0800ae5c                HAL_RCC_ClockConfig
 .text.HAL_RCC_GetSysClockFreq
                0x0800b1c8      0x2f4 ./Drivers/STM32H7xx_HAL_Driver/Src/stm32h7xx_hal_rcc.o
                0x0800b1c8                HAL_RCC_GetSysClockFreq
 .text.HAL_RCC_GetHCLKFreq
                0x0800b4bc       0x60 ./Drivers/STM32H7xx_HAL_Driver/Src/stm32h7xx_hal_rcc.o
                0x0800b4bc                HAL_RCC_GetHCLKFreq
 .text.HAL_RCC_GetPCLK1Freq
                0x0800b51c       0x2c ./Drivers/STM32H7xx_HAL_Driver/Src/stm32h7xx_hal_rcc.o
                0x0800b51c                HAL_RCC_GetPCLK1Freq
 .text.HAL_RCC_GetPCLK2Freq
                0x0800b548       0x2c ./Drivers/STM32H7xx_HAL_Driver/Src/stm32h7xx_hal_rcc.o
                0x0800b548                HAL_RCC_GetPCLK2Freq
 .text.HAL_RCCEx_PeriphCLKConfig
                0x0800b574     0x1414 ./Drivers/STM32H7xx_HAL_Driver/Src/stm32h7xx_hal_rcc_ex.o
                0x0800b574                HAL_RCCEx_PeriphCLKConfig
 .text.HAL_RCCEx_GetD3PCLK1Freq
                0x0800c988       0x2c ./Drivers/STM32H7xx_HAL_Driver/Src/stm32h7xx_hal_rcc_ex.o
                0x0800c988                HAL_RCCEx_GetD3PCLK1Freq
 .text.HAL_RCCEx_GetPLL2ClockFreq
                0x0800c9b4      0x2a8 ./Drivers/STM32H7xx_HAL_Driver/Src/stm32h7xx_hal_rcc_ex.o
                0x0800c9b4                HAL_RCCEx_GetPLL2ClockFreq
 .text.HAL_RCCEx_GetPLL3ClockFreq
                0x0800cc5c      0x2a8 ./Drivers/STM32H7xx_HAL_Driver/Src/stm32h7xx_hal_rcc_ex.o
                0x0800cc5c                HAL_RCCEx_GetPLL3ClockFreq
 .text.RCCEx_PLL2_Config
                0x0800cf04      0x164 ./Drivers/STM32H7xx_HAL_Driver/Src/stm32h7xx_hal_rcc_ex.o
 .text.RCCEx_PLL3_Config
                0x0800d068      0x164 ./Drivers/STM32H7xx_HAL_Driver/Src/stm32h7xx_hal_rcc_ex.o
 .text.HAL_SPI_Init
                0x0800d1cc      0x248 ./Drivers/STM32H7xx_HAL_Driver/Src/stm32h7xx_hal_spi.o
                0x0800d1cc                HAL_SPI_Init
 .text.HAL_SPI_Transmit_DMA
                0x0800d414      0x284 ./Drivers/STM32H7xx_HAL_Driver/Src/stm32h7xx_hal_spi.o
                0x0800d414                HAL_SPI_Transmit_DMA
 .text.HAL_SPI_IRQHandler
                0x0800d698      0x39c ./Drivers/STM32H7xx_HAL_Driver/Src/stm32h7xx_hal_spi.o
                0x0800d698                HAL_SPI_IRQHandler
 .text.HAL_SPI_RxCpltCallback
                0x0800da34       0x14 ./Drivers/STM32H7xx_HAL_Driver/Src/stm32h7xx_hal_spi.o
                0x0800da34                HAL_SPI_RxCpltCallback
 .text.HAL_SPI_TxRxCpltCallback
                0x0800da48       0x14 ./Drivers/STM32H7xx_HAL_Driver/Src/stm32h7xx_hal_spi.o
                0x0800da48                HAL_SPI_TxRxCpltCallback
 .text.HAL_SPI_TxHalfCpltCallback
                0x0800da5c       0x14 ./Drivers/STM32H7xx_HAL_Driver/Src/stm32h7xx_hal_spi.o
                0x0800da5c                HAL_SPI_TxHalfCpltCallback
 .text.HAL_SPI_SuspendCallback
                0x0800da70       0x14 ./Drivers/STM32H7xx_HAL_Driver/Src/stm32h7xx_hal_spi.o
                0x0800da70                HAL_SPI_SuspendCallback
 .text.SPI_DMATransmitCplt
                0x0800da84       0x46 ./Drivers/STM32H7xx_HAL_Driver/Src/stm32h7xx_hal_spi.o
 .text.SPI_DMAHalfTransmitCplt
                0x0800daca       0x1c ./Drivers/STM32H7xx_HAL_Driver/Src/stm32h7xx_hal_spi.o
 .text.SPI_DMAError
                0x0800dae6       0x46 ./Drivers/STM32H7xx_HAL_Driver/Src/stm32h7xx_hal_spi.o
 .text.SPI_DMAAbortOnError
                0x0800db2c       0x34 ./Drivers/STM32H7xx_HAL_Driver/Src/stm32h7xx_hal_spi.o
 .text.SPI_CloseTransfer
                0x0800db60      0x140 ./Drivers/STM32H7xx_HAL_Driver/Src/stm32h7xx_hal_spi.o
 .text.SPI_GetPacketSize
                0x0800dca0       0x36 ./Drivers/STM32H7xx_HAL_Driver/Src/stm32h7xx_hal_spi.o
 .text.HAL_TIM_Base_Init
                0x0800dcd6       0xae ./Drivers/STM32H7xx_HAL_Driver/Src/stm32h7xx_hal_tim.o
                0x0800dcd6                HAL_TIM_Base_Init
 .text.HAL_TIM_IRQHandler
                0x0800dd84      0x20e ./Drivers/STM32H7xx_HAL_Driver/Src/stm32h7xx_hal_tim.o
                0x0800dd84                HAL_TIM_IRQHandler
 *fill*         0x0800df92        0x2 
 .text.HAL_TIM_ConfigClockSource
                0x0800df94      0x1f0 ./Drivers/STM32H7xx_HAL_Driver/Src/stm32h7xx_hal_tim.o
                0x0800df94                HAL_TIM_ConfigClockSource
 .text.HAL_TIM_PeriodElapsedCallback
                0x0800e184       0x14 ./Drivers/STM32H7xx_HAL_Driver/Src/stm32h7xx_hal_tim.o
                0x0800e184                HAL_TIM_PeriodElapsedCallback
 .text.HAL_TIM_OC_DelayElapsedCallback
                0x0800e198       0x14 ./Drivers/STM32H7xx_HAL_Driver/Src/stm32h7xx_hal_tim.o
                0x0800e198                HAL_TIM_OC_DelayElapsedCallback
 .text.HAL_TIM_IC_CaptureCallback
                0x0800e1ac       0x14 ./Drivers/STM32H7xx_HAL_Driver/Src/stm32h7xx_hal_tim.o
                0x0800e1ac                HAL_TIM_IC_CaptureCallback
 .text.HAL_TIM_PWM_PulseFinishedCallback
                0x0800e1c0       0x14 ./Drivers/STM32H7xx_HAL_Driver/Src/stm32h7xx_hal_tim.o
                0x0800e1c0                HAL_TIM_PWM_PulseFinishedCallback
 .text.HAL_TIM_TriggerCallback
                0x0800e1d4       0x14 ./Drivers/STM32H7xx_HAL_Driver/Src/stm32h7xx_hal_tim.o
                0x0800e1d4                HAL_TIM_TriggerCallback
 .text.TIM_Base_SetConfig
                0x0800e1e8      0x140 ./Drivers/STM32H7xx_HAL_Driver/Src/stm32h7xx_hal_tim.o
                0x0800e1e8                TIM_Base_SetConfig
 .text.TIM_TI1_ConfigInputStage
                0x0800e328       0x5e ./Drivers/STM32H7xx_HAL_Driver/Src/stm32h7xx_hal_tim.o
 .text.TIM_TI2_ConfigInputStage
                0x0800e386       0x60 ./Drivers/STM32H7xx_HAL_Driver/Src/stm32h7xx_hal_tim.o
 *fill*         0x0800e3e6        0x2 
 .text.TIM_ITRx_SetConfig
                0x0800e3e8       0x3c ./Drivers/STM32H7xx_HAL_Driver/Src/stm32h7xx_hal_tim.o
 .text.TIM_ETR_SetConfig
                0x0800e424       0x40 ./Drivers/STM32H7xx_HAL_Driver/Src/stm32h7xx_hal_tim.o
                0x0800e424                TIM_ETR_SetConfig
 .text.HAL_TIMEx_MasterConfigSynchronization
                0x0800e464      0x11c ./Drivers/STM32H7xx_HAL_Driver/Src/stm32h7xx_hal_tim_ex.o
                0x0800e464                HAL_TIMEx_MasterConfigSynchronization
 .text.HAL_TIMEx_CommutCallback
                0x0800e580       0x14 ./Drivers/STM32H7xx_HAL_Driver/Src/stm32h7xx_hal_tim_ex.o
                0x0800e580                HAL_TIMEx_CommutCallback
 .text.HAL_TIMEx_BreakCallback
                0x0800e594       0x14 ./Drivers/STM32H7xx_HAL_Driver/Src/stm32h7xx_hal_tim_ex.o
                0x0800e594                HAL_TIMEx_BreakCallback
 .text.HAL_TIMEx_Break2Callback
                0x0800e5a8       0x14 ./Drivers/STM32H7xx_HAL_Driver/Src/stm32h7xx_hal_tim_ex.o
                0x0800e5a8                HAL_TIMEx_Break2Callback
 .text.HAL_UART_Init
                0x0800e5bc       0xa0 ./Drivers/STM32H7xx_HAL_Driver/Src/stm32h7xx_hal_uart.o
                0x0800e5bc                HAL_UART_Init
 .text.HAL_UART_Transmit
                0x0800e65c      0x11c ./Drivers/STM32H7xx_HAL_Driver/Src/stm32h7xx_hal_uart.o
                0x0800e65c                HAL_UART_Transmit
 .text.HAL_UART_IRQHandler
                0x0800e778      0x7ac ./Drivers/STM32H7xx_HAL_Driver/Src/stm32h7xx_hal_uart.o
                0x0800e778                HAL_UART_IRQHandler
 .text.HAL_UART_TxCpltCallback
                0x0800ef24       0x14 ./Drivers/STM32H7xx_HAL_Driver/Src/stm32h7xx_hal_uart.o
                0x0800ef24                HAL_UART_TxCpltCallback
 .text.HAL_UART_RxCpltCallback
                0x0800ef38       0x14 ./Drivers/STM32H7xx_HAL_Driver/Src/stm32h7xx_hal_uart.o
                0x0800ef38                HAL_UART_RxCpltCallback
 .text.HAL_UART_RxHalfCpltCallback
                0x0800ef4c       0x14 ./Drivers/STM32H7xx_HAL_Driver/Src/stm32h7xx_hal_uart.o
                0x0800ef4c                HAL_UART_RxHalfCpltCallback
 .text.HAL_UART_ErrorCallback
                0x0800ef60       0x14 ./Drivers/STM32H7xx_HAL_Driver/Src/stm32h7xx_hal_uart.o
                0x0800ef60                HAL_UART_ErrorCallback
 .text.UART_SetConfig
                0x0800ef74      0xad0 ./Drivers/STM32H7xx_HAL_Driver/Src/stm32h7xx_hal_uart.o
                0x0800ef74                UART_SetConfig
 .text.UART_AdvFeatureConfig
                0x0800fa44      0x144 ./Drivers/STM32H7xx_HAL_Driver/Src/stm32h7xx_hal_uart.o
                0x0800fa44                UART_AdvFeatureConfig
 .text.UART_CheckIdleState
                0x0800fb88      0x154 ./Drivers/STM32H7xx_HAL_Driver/Src/stm32h7xx_hal_uart.o
                0x0800fb88                UART_CheckIdleState
 .text.UART_WaitOnFlagUntilTimeout
                0x0800fcdc       0xda ./Drivers/STM32H7xx_HAL_Driver/Src/stm32h7xx_hal_uart.o
                0x0800fcdc                UART_WaitOnFlagUntilTimeout
 *fill*         0x0800fdb6        0x2 
 .text.UART_Start_Receive_DMA
                0x0800fdb8      0x14c ./Drivers/STM32H7xx_HAL_Driver/Src/stm32h7xx_hal_uart.o
                0x0800fdb8                UART_Start_Receive_DMA
 .text.UART_EndTxTransfer
                0x0800ff04       0x82 ./Drivers/STM32H7xx_HAL_Driver/Src/stm32h7xx_hal_uart.o
 *fill*         0x0800ff86        0x2 
 .text.UART_EndRxTransfer
                0x0800ff88       0xcc ./Drivers/STM32H7xx_HAL_Driver/Src/stm32h7xx_hal_uart.o
 .text.UART_DMAReceiveCplt
                0x08010054      0x128 ./Drivers/STM32H7xx_HAL_Driver/Src/stm32h7xx_hal_uart.o
 .text.UART_DMARxHalfCplt
                0x0801017c       0x3e ./Drivers/STM32H7xx_HAL_Driver/Src/stm32h7xx_hal_uart.o
 .text.UART_DMAError
                0x080101ba       0x80 ./Drivers/STM32H7xx_HAL_Driver/Src/stm32h7xx_hal_uart.o
 .text.UART_DMAAbortOnError
                0x0801023a       0x24 ./Drivers/STM32H7xx_HAL_Driver/Src/stm32h7xx_hal_uart.o
 .text.UART_EndTransmit_IT
                0x0801025e       0x56 ./Drivers/STM32H7xx_HAL_Driver/Src/stm32h7xx_hal_uart.o
 .text.HAL_UARTEx_WakeupCallback
                0x080102b4       0x14 ./Drivers/STM32H7xx_HAL_Driver/Src/stm32h7xx_hal_uart_ex.o
                0x080102b4                HAL_UARTEx_WakeupCallback
 .text.HAL_UARTEx_RxFifoFullCallback
                0x080102c8       0x14 ./Drivers/STM32H7xx_HAL_Driver/Src/stm32h7xx_hal_uart_ex.o
                0x080102c8                HAL_UARTEx_RxFifoFullCallback
 .text.HAL_UARTEx_TxFifoEmptyCallback
                0x080102dc       0x14 ./Drivers/STM32H7xx_HAL_Driver/Src/stm32h7xx_hal_uart_ex.o
                0x080102dc                HAL_UARTEx_TxFifoEmptyCallback
 .text.HAL_UARTEx_DisableFifoMode
                0x080102f0       0x72 ./Drivers/STM32H7xx_HAL_Driver/Src/stm32h7xx_hal_uart_ex.o
                0x080102f0                HAL_UARTEx_DisableFifoMode
 .text.HAL_UARTEx_SetTxFifoThreshold
                0x08010362       0x7c ./Drivers/STM32H7xx_HAL_Driver/Src/stm32h7xx_hal_uart_ex.o
                0x08010362                HAL_UARTEx_SetTxFifoThreshold
 .text.HAL_UARTEx_SetRxFifoThreshold
                0x080103de       0x7c ./Drivers/STM32H7xx_HAL_Driver/Src/stm32h7xx_hal_uart_ex.o
                0x080103de                HAL_UARTEx_SetRxFifoThreshold
 .text.HAL_UARTEx_ReceiveToIdle_DMA
                0x0801045a       0xa8 ./Drivers/STM32H7xx_HAL_Driver/Src/stm32h7xx_hal_uart_ex.o
                0x0801045a                HAL_UARTEx_ReceiveToIdle_DMA
 *fill*         0x08010502        0x2 
 .text.UARTEx_SetNbDataToProcess
                0x08010504       0x9c ./Drivers/STM32H7xx_HAL_Driver/Src/stm32h7xx_hal_uart_ex.o
 .text.USB_CoreInit
                0x080105a0       0xe4 ./Drivers/STM32H7xx_HAL_Driver/Src/stm32h7xx_ll_usb.o
                0x080105a0                USB_CoreInit
 .text.USB_SetTurnaroundTime
                0x08010684      0x144 ./Drivers/STM32H7xx_HAL_Driver/Src/stm32h7xx_ll_usb.o
                0x08010684                USB_SetTurnaroundTime
 .text.USB_EnableGlobalInt
                0x080107c8       0x22 ./Drivers/STM32H7xx_HAL_Driver/Src/stm32h7xx_ll_usb.o
                0x080107c8                USB_EnableGlobalInt
 .text.USB_DisableGlobalInt
                0x080107ea       0x22 ./Drivers/STM32H7xx_HAL_Driver/Src/stm32h7xx_ll_usb.o
                0x080107ea                USB_DisableGlobalInt
 .text.USB_SetCurrentMode
                0x0801080c       0x98 ./Drivers/STM32H7xx_HAL_Driver/Src/stm32h7xx_ll_usb.o
                0x0801080c                USB_SetCurrentMode
 .text.USB_DevInit
                0x080108a4      0x2bc ./Drivers/STM32H7xx_HAL_Driver/Src/stm32h7xx_ll_usb.o
                0x080108a4                USB_DevInit
 .text.USB_FlushTxFifo
                0x08010b60       0x64 ./Drivers/STM32H7xx_HAL_Driver/Src/stm32h7xx_ll_usb.o
                0x08010b60                USB_FlushTxFifo
 .text.USB_FlushRxFifo
                0x08010bc4       0x5c ./Drivers/STM32H7xx_HAL_Driver/Src/stm32h7xx_ll_usb.o
                0x08010bc4                USB_FlushRxFifo
 .text.USB_SetDevSpeed
                0x08010c20       0x32 ./Drivers/STM32H7xx_HAL_Driver/Src/stm32h7xx_ll_usb.o
                0x08010c20                USB_SetDevSpeed
 .text.USB_GetDevSpeed
                0x08010c52       0x4a ./Drivers/STM32H7xx_HAL_Driver/Src/stm32h7xx_ll_usb.o
                0x08010c52                USB_GetDevSpeed
 .text.USB_ActivateEndpoint
                0x08010c9c      0x110 ./Drivers/STM32H7xx_HAL_Driver/Src/stm32h7xx_ll_usb.o
                0x08010c9c                USB_ActivateEndpoint
 .text.USB_DeactivateEndpoint
                0x08010dac      0x1b8 ./Drivers/STM32H7xx_HAL_Driver/Src/stm32h7xx_ll_usb.o
                0x08010dac                USB_DeactivateEndpoint
 .text.USB_EPStartXfer
                0x08010f64      0x548 ./Drivers/STM32H7xx_HAL_Driver/Src/stm32h7xx_ll_usb.o
                0x08010f64                USB_EPStartXfer
 .text.USB_EPStopXfer
                0x080114ac      0x154 ./Drivers/STM32H7xx_HAL_Driver/Src/stm32h7xx_ll_usb.o
                0x080114ac                USB_EPStopXfer
 .text.USB_WritePacket
                0x08011600       0x7c ./Drivers/STM32H7xx_HAL_Driver/Src/stm32h7xx_ll_usb.o
                0x08011600                USB_WritePacket
 .text.USB_ReadPacket
                0x0801167c       0xb0 ./Drivers/STM32H7xx_HAL_Driver/Src/stm32h7xx_ll_usb.o
                0x0801167c                USB_ReadPacket
 .text.USB_EPSetStall
                0x0801172c       0xdc ./Drivers/STM32H7xx_HAL_Driver/Src/stm32h7xx_ll_usb.o
                0x0801172c                USB_EPSetStall
 .text.USB_EPClearStall
                0x08011808       0xcc ./Drivers/STM32H7xx_HAL_Driver/Src/stm32h7xx_ll_usb.o
                0x08011808                USB_EPClearStall
 .text.USB_SetDevAddress
                0x080118d4       0x4c ./Drivers/STM32H7xx_HAL_Driver/Src/stm32h7xx_ll_usb.o
                0x080118d4                USB_SetDevAddress
 .text.USB_DevConnect
                0x08011920       0x42 ./Drivers/STM32H7xx_HAL_Driver/Src/stm32h7xx_ll_usb.o
                0x08011920                USB_DevConnect
 .text.USB_DevDisconnect
                0x08011962       0x42 ./Drivers/STM32H7xx_HAL_Driver/Src/stm32h7xx_ll_usb.o
                0x08011962                USB_DevDisconnect
 .text.USB_ReadInterrupts
                0x080119a4       0x26 ./Drivers/STM32H7xx_HAL_Driver/Src/stm32h7xx_ll_usb.o
                0x080119a4                USB_ReadInterrupts
 .text.USB_ReadDevAllOutEpInterrupt
                0x080119ca       0x34 ./Drivers/STM32H7xx_HAL_Driver/Src/stm32h7xx_ll_usb.o
                0x080119ca                USB_ReadDevAllOutEpInterrupt
 .text.USB_ReadDevAllInEpInterrupt
                0x080119fe       0x34 ./Drivers/STM32H7xx_HAL_Driver/Src/stm32h7xx_ll_usb.o
                0x080119fe                USB_ReadDevAllInEpInterrupt
 .text.USB_ReadDevOutEPInterrupt
                0x08011a32       0x3c ./Drivers/STM32H7xx_HAL_Driver/Src/stm32h7xx_ll_usb.o
                0x08011a32                USB_ReadDevOutEPInterrupt
 .text.USB_ReadDevInEPInterrupt
                0x08011a6e       0x5c ./Drivers/STM32H7xx_HAL_Driver/Src/stm32h7xx_ll_usb.o
                0x08011a6e                USB_ReadDevInEPInterrupt
 .text.USB_GetMode
                0x08011aca       0x1c ./Drivers/STM32H7xx_HAL_Driver/Src/stm32h7xx_ll_usb.o
                0x08011aca                USB_GetMode
 *fill*         0x08011ae6        0x2 
 .text.USB_ActivateSetup
                0x08011ae8       0x48 ./Drivers/STM32H7xx_HAL_Driver/Src/stm32h7xx_ll_usb.o
                0x08011ae8                USB_ActivateSetup
 .text.USB_EP0_OutStart
                0x08011b30       0xbc ./Drivers/STM32H7xx_HAL_Driver/Src/stm32h7xx_ll_usb.o
                0x08011b30                USB_EP0_OutStart
 .text.USB_CoreReset
                0x08011bec       0x62 ./Drivers/STM32H7xx_HAL_Driver/Src/stm32h7xx_ll_usb.o
 *fill*         0x08011c4e        0x2 
 .text.USBD_CDC_Init
                0x08011c50      0x1f0 ./Middlewares/ST/STM32_USB_Device_Library/Class/CDC/Src/usbd_cdc.o
 .text.USBD_CDC_DeInit
                0x08011e40      0x104 ./Middlewares/ST/STM32_USB_Device_Library/Class/CDC/Src/usbd_cdc.o
 .text.USBD_CDC_Setup
                0x08011f44      0x1b8 ./Middlewares/ST/STM32_USB_Device_Library/Class/CDC/Src/usbd_cdc.o
 .text.USBD_CDC_DataIn
                0x080120fc       0xfe ./Middlewares/ST/STM32_USB_Device_Library/Class/CDC/Src/usbd_cdc.o
 .text.USBD_CDC_DataOut
                0x080121fa       0x70 ./Middlewares/ST/STM32_USB_Device_Library/Class/CDC/Src/usbd_cdc.o
 .text.USBD_CDC_EP0_RxReady
                0x0801226a       0x74 ./Middlewares/ST/STM32_USB_Device_Library/Class/CDC/Src/usbd_cdc.o
 *fill*         0x080122de        0x2 
 .text.USBD_CDC_GetFSCfgDesc
                0x080122e0       0x70 ./Middlewares/ST/STM32_USB_Device_Library/Class/CDC/Src/usbd_cdc.o
 .text.USBD_CDC_GetHSCfgDesc
                0x08012350       0x70 ./Middlewares/ST/STM32_USB_Device_Library/Class/CDC/Src/usbd_cdc.o
 .text.USBD_CDC_GetOtherSpeedCfgDesc
                0x080123c0       0x70 ./Middlewares/ST/STM32_USB_Device_Library/Class/CDC/Src/usbd_cdc.o
 .text.USBD_CDC_GetDeviceQualifierDescriptor
                0x08012430       0x20 ./Middlewares/ST/STM32_USB_Device_Library/Class/CDC/Src/usbd_cdc.o
                0x08012430                USBD_CDC_GetDeviceQualifierDescriptor
 .text.USBD_CDC_RegisterInterface
                0x08012450       0x34 ./Middlewares/ST/STM32_USB_Device_Library/Class/CDC/Src/usbd_cdc.o
                0x08012450                USBD_CDC_RegisterInterface
 .text.USBD_CDC_SetTxBuffer
                0x08012484       0x44 ./Middlewares/ST/STM32_USB_Device_Library/Class/CDC/Src/usbd_cdc.o
                0x08012484                USBD_CDC_SetTxBuffer
 .text.USBD_CDC_SetRxBuffer
                0x080124c8       0x3a ./Middlewares/ST/STM32_USB_Device_Library/Class/CDC/Src/usbd_cdc.o
                0x080124c8                USBD_CDC_SetRxBuffer
 *fill*         0x08012502        0x2 
 .text.USBD_CDC_TransmitPacket
                0x08012504       0x80 ./Middlewares/ST/STM32_USB_Device_Library/Class/CDC/Src/usbd_cdc.o
                0x08012504                USBD_CDC_TransmitPacket
 .text.USBD_CDC_ReceivePacket
                0x08012584       0x6c ./Middlewares/ST/STM32_USB_Device_Library/Class/CDC/Src/usbd_cdc.o
                0x08012584                USBD_CDC_ReceivePacket
 .text.USBD_Init
                0x080125f0       0x60 ./Middlewares/ST/STM32_USB_Device_Library/Core/Src/usbd_core.o
                0x080125f0                USBD_Init
 .text.USBD_RegisterClass
                0x08012650       0x6c ./Middlewares/ST/STM32_USB_Device_Library/Core/Src/usbd_core.o
                0x08012650                USBD_RegisterClass
 .text.USBD_Start
                0x080126bc       0x18 ./Middlewares/ST/STM32_USB_Device_Library/Core/Src/usbd_core.o
                0x080126bc                USBD_Start
 .text.USBD_RunTestMode
                0x080126d4       0x16 ./Middlewares/ST/STM32_USB_Device_Library/Core/Src/usbd_core.o
                0x080126d4                USBD_RunTestMode
 .text.USBD_SetClassConfig
                0x080126ea       0x38 ./Middlewares/ST/STM32_USB_Device_Library/Core/Src/usbd_core.o
                0x080126ea                USBD_SetClassConfig
 .text.USBD_ClrClassConfig
                0x08012722       0x34 ./Middlewares/ST/STM32_USB_Device_Library/Core/Src/usbd_core.o
                0x08012722                USBD_ClrClassConfig
 .text.USBD_LL_SetupStage
                0x08012756       0xaa ./Middlewares/ST/STM32_USB_Device_Library/Core/Src/usbd_core.o
                0x08012756                USBD_LL_SetupStage
 .text.USBD_LL_DataOutStage
                0x08012800      0x166 ./Middlewares/ST/STM32_USB_Device_Library/Core/Src/usbd_core.o
                0x08012800                USBD_LL_DataOutStage
 .text.USBD_LL_DataInStage
                0x08012966      0x164 ./Middlewares/ST/STM32_USB_Device_Library/Core/Src/usbd_core.o
                0x08012966                USBD_LL_DataInStage
 .text.USBD_LL_Reset
                0x08012aca       0xa4 ./Middlewares/ST/STM32_USB_Device_Library/Core/Src/usbd_core.o
                0x08012aca                USBD_LL_Reset
 .text.USBD_LL_SetSpeed
                0x08012b6e       0x20 ./Middlewares/ST/STM32_USB_Device_Library/Core/Src/usbd_core.o
                0x08012b6e                USBD_LL_SetSpeed
 .text.USBD_LL_Suspend
                0x08012b8e       0x38 ./Middlewares/ST/STM32_USB_Device_Library/Core/Src/usbd_core.o
                0x08012b8e                USBD_LL_Suspend
 .text.USBD_LL_Resume
                0x08012bc6       0x30 ./Middlewares/ST/STM32_USB_Device_Library/Core/Src/usbd_core.o
                0x08012bc6                USBD_LL_Resume
 .text.USBD_LL_SOF
                0x08012bf6       0x40 ./Middlewares/ST/STM32_USB_Device_Library/Core/Src/usbd_core.o
                0x08012bf6                USBD_LL_SOF
 .text.USBD_LL_IsoINIncomplete
                0x08012c36       0x64 ./Middlewares/ST/STM32_USB_Device_Library/Core/Src/usbd_core.o
                0x08012c36                USBD_LL_IsoINIncomplete
 .text.USBD_LL_IsoOUTIncomplete
                0x08012c9a       0x64 ./Middlewares/ST/STM32_USB_Device_Library/Core/Src/usbd_core.o
                0x08012c9a                USBD_LL_IsoOUTIncomplete
 .text.USBD_LL_DevConnected
                0x08012cfe       0x16 ./Middlewares/ST/STM32_USB_Device_Library/Core/Src/usbd_core.o
                0x08012cfe                USBD_LL_DevConnected
 .text.USBD_LL_DevDisconnected
                0x08012d14       0x46 ./Middlewares/ST/STM32_USB_Device_Library/Core/Src/usbd_core.o
                0x08012d14                USBD_LL_DevDisconnected
 .text.USBD_CoreFindIF
                0x08012d5a       0x1a ./Middlewares/ST/STM32_USB_Device_Library/Core/Src/usbd_core.o
                0x08012d5a                USBD_CoreFindIF
 .text.USBD_CoreFindEP
                0x08012d74       0x1a ./Middlewares/ST/STM32_USB_Device_Library/Core/Src/usbd_core.o
                0x08012d74                USBD_CoreFindEP
 .text.USBD_GetEpDesc
                0x08012d8e       0x70 ./Middlewares/ST/STM32_USB_Device_Library/Core/Src/usbd_core.o
                0x08012d8e                USBD_GetEpDesc
 .text.USBD_GetNextDesc
                0x08012dfe       0x38 ./Middlewares/ST/STM32_USB_Device_Library/Core/Src/usbd_core.o
                0x08012dfe                USBD_GetNextDesc
 .text.SWAPBYTE
                0x08012e36       0x3e ./Middlewares/ST/STM32_USB_Device_Library/Core/Src/usbd_ctlreq.o
 .text.USBD_StdDevReq
                0x08012e74       0xe4 ./Middlewares/ST/STM32_USB_Device_Library/Core/Src/usbd_ctlreq.o
                0x08012e74                USBD_StdDevReq
 .text.USBD_StdItfReq
                0x08012f58       0xd8 ./Middlewares/ST/STM32_USB_Device_Library/Core/Src/usbd_ctlreq.o
                0x08012f58                USBD_StdItfReq
 .text.USBD_StdEPReq
                0x08013030      0x33a ./Middlewares/ST/STM32_USB_Device_Library/Core/Src/usbd_ctlreq.o
                0x08013030                USBD_StdEPReq
 *fill*         0x0801336a        0x2 
 .text.USBD_GetDescriptor
                0x0801336c      0x328 ./Middlewares/ST/STM32_USB_Device_Library/Core/Src/usbd_ctlreq.o
 .text.USBD_SetAddress
                0x08013694       0x88 ./Middlewares/ST/STM32_USB_Device_Library/Core/Src/usbd_ctlreq.o
 .text.USBD_SetConfig
                0x0801371c      0x154 ./Middlewares/ST/STM32_USB_Device_Library/Core/Src/usbd_ctlreq.o
 .text.USBD_GetConfig
                0x08013870       0x6c ./Middlewares/ST/STM32_USB_Device_Library/Core/Src/usbd_ctlreq.o
 .text.USBD_GetStatus
                0x080138dc       0x68 ./Middlewares/ST/STM32_USB_Device_Library/Core/Src/usbd_ctlreq.o
 .text.USBD_SetFeature
                0x08013944       0x52 ./Middlewares/ST/STM32_USB_Device_Library/Core/Src/usbd_ctlreq.o
 .text.USBD_ClrFeature
                0x08013996       0x44 ./Middlewares/ST/STM32_USB_Device_Library/Core/Src/usbd_ctlreq.o
 .text.USBD_ParseSetupRequest
                0x080139da       0x74 ./Middlewares/ST/STM32_USB_Device_Library/Core/Src/usbd_ctlreq.o
                0x080139da                USBD_ParseSetupRequest
 .text.USBD_CtlError
                0x08013a4e       0x22 ./Middlewares/ST/STM32_USB_Device_Library/Core/Src/usbd_ctlreq.o
                0x08013a4e                USBD_CtlError
 .text.USBD_GetString
                0x08013a70       0xa4 ./Middlewares/ST/STM32_USB_Device_Library/Core/Src/usbd_ctlreq.o
                0x08013a70                USBD_GetString
 .text.USBD_GetLen
                0x08013b14       0x34 ./Middlewares/ST/STM32_USB_Device_Library/Core/Src/usbd_ctlreq.o
 .text.USBD_CtlSendData
                0x08013b48       0x36 ./Middlewares/ST/STM32_USB_Device_Library/Core/Src/usbd_ioreq.o
                0x08013b48                USBD_CtlSendData
 .text.USBD_CtlContinueSendData
                0x08013b7e       0x22 ./Middlewares/ST/STM32_USB_Device_Library/Core/Src/usbd_ioreq.o
                0x08013b7e                USBD_CtlContinueSendData
 .text.USBD_CtlPrepareRx
                0x08013ba0       0x3a ./Middlewares/ST/STM32_USB_Device_Library/Core/Src/usbd_ioreq.o
                0x08013ba0                USBD_CtlPrepareRx
 .text.USBD_CtlContinueRx
                0x08013bda       0x22 ./Middlewares/ST/STM32_USB_Device_Library/Core/Src/usbd_ioreq.o
                0x08013bda                USBD_CtlContinueRx
 .text.USBD_CtlSendStatus
                0x08013bfc       0x26 ./Middlewares/ST/STM32_USB_Device_Library/Core/Src/usbd_ioreq.o
                0x08013bfc                USBD_CtlSendStatus
 .text.USBD_CtlReceiveStatus
                0x08013c22       0x26 ./Middlewares/ST/STM32_USB_Device_Library/Core/Src/usbd_ioreq.o
                0x08013c22                USBD_CtlReceiveStatus
 .text.MX_USB_DEVICE_Init
                0x08013c48       0x64 ./USB_DEVICE/App/usb_device.o
                0x08013c48                MX_USB_DEVICE_Init
 .text.CDC_Init_FS
                0x08013cac       0x28 ./USB_DEVICE/App/usbd_cdc_if.o
 .text.CDC_DeInit_FS
                0x08013cd4       0x10 ./USB_DEVICE/App/usbd_cdc_if.o
 .text.CDC_Control_FS
                0x08013ce4       0xbc ./USB_DEVICE/App/usbd_cdc_if.o
 .text.CDC_Receive_FS
                0x08013da0       0x28 ./USB_DEVICE/App/usbd_cdc_if.o
 .text.CDC_Transmit_FS
                0x08013dc8       0x4c ./USB_DEVICE/App/usbd_cdc_if.o
                0x08013dc8                CDC_Transmit_FS
 .text.CDC_TransmitCplt_FS
                0x08013e14       0x22 ./USB_DEVICE/App/usbd_cdc_if.o
 *fill*         0x08013e36        0x2 
 .text.USBD_FS_DeviceDescriptor
                0x08013e38       0x24 ./USB_DEVICE/App/usbd_desc.o
                0x08013e38                USBD_FS_DeviceDescriptor
 .text.USBD_FS_LangIDStrDescriptor
                0x08013e5c       0x24 ./USB_DEVICE/App/usbd_desc.o
                0x08013e5c                USBD_FS_LangIDStrDescriptor
 .text.USBD_FS_ProductStrDescriptor
                0x08013e80       0x3c ./USB_DEVICE/App/usbd_desc.o
                0x08013e80                USBD_FS_ProductStrDescriptor
 .text.USBD_FS_ManufacturerStrDescriptor
                0x08013ebc       0x28 ./USB_DEVICE/App/usbd_desc.o
                0x08013ebc                USBD_FS_ManufacturerStrDescriptor
 .text.USBD_FS_SerialStrDescriptor
                0x08013ee4       0x24 ./USB_DEVICE/App/usbd_desc.o
                0x08013ee4                USBD_FS_SerialStrDescriptor
 .text.USBD_FS_ConfigStrDescriptor
                0x08013f08       0x3c ./USB_DEVICE/App/usbd_desc.o
                0x08013f08                USBD_FS_ConfigStrDescriptor
 .text.USBD_FS_InterfaceStrDescriptor
                0x08013f44       0x3c ./USB_DEVICE/App/usbd_desc.o
                0x08013f44                USBD_FS_InterfaceStrDescriptor
 .text.Get_SerialNum
                0x08013f80       0x58 ./USB_DEVICE/App/usbd_desc.o
 .text.IntToUnicode
                0x08013fd8       0x7e ./USB_DEVICE/App/usbd_desc.o
 *fill*         0x08014056        0x2 
 .text.HAL_PCD_MspInit
                0x08014058      0x108 ./USB_DEVICE/Target/usbd_conf.o
                0x08014058                HAL_PCD_MspInit
 .text.HAL_PCD_SetupStageCallback
                0x08014160       0x24 ./USB_DEVICE/Target/usbd_conf.o
                0x08014160                HAL_PCD_SetupStageCallback
 .text.HAL_PCD_DataOutStageCallback
                0x08014184       0x36 ./USB_DEVICE/Target/usbd_conf.o
                0x08014184                HAL_PCD_DataOutStageCallback
 .text.HAL_PCD_DataInStageCallback
                0x080141ba       0x34 ./USB_DEVICE/Target/usbd_conf.o
                0x080141ba                HAL_PCD_DataInStageCallback
 .text.HAL_PCD_SOFCallback
                0x080141ee       0x1c ./USB_DEVICE/Target/usbd_conf.o
                0x080141ee                HAL_PCD_SOFCallback
 .text.HAL_PCD_ResetCallback
                0x0801420a       0x50 ./USB_DEVICE/Target/usbd_conf.o
                0x0801420a                HAL_PCD_ResetCallback
 *fill*         0x0801425a        0x2 
 .text.HAL_PCD_SuspendCallback
                0x0801425c       0x4c ./USB_DEVICE/Target/usbd_conf.o
                0x0801425c                HAL_PCD_SuspendCallback
 .text.HAL_PCD_ResumeCallback
                0x080142a8       0x1c ./USB_DEVICE/Target/usbd_conf.o
                0x080142a8                HAL_PCD_ResumeCallback
 .text.HAL_PCD_ISOOUTIncompleteCallback
                0x080142c4       0x24 ./USB_DEVICE/Target/usbd_conf.o
                0x080142c4                HAL_PCD_ISOOUTIncompleteCallback
 .text.HAL_PCD_ISOINIncompleteCallback
                0x080142e8       0x24 ./USB_DEVICE/Target/usbd_conf.o
                0x080142e8                HAL_PCD_ISOINIncompleteCallback
 .text.HAL_PCD_ConnectCallback
                0x0801430c       0x1c ./USB_DEVICE/Target/usbd_conf.o
                0x0801430c                HAL_PCD_ConnectCallback
 .text.HAL_PCD_DisconnectCallback
                0x08014328       0x1c ./USB_DEVICE/Target/usbd_conf.o
                0x08014328                HAL_PCD_DisconnectCallback
 .text.USBD_LL_Init
                0x08014344       0xa0 ./USB_DEVICE/Target/usbd_conf.o
                0x08014344                USBD_LL_Init
 .text.USBD_LL_Start
                0x080143e4       0x36 ./USB_DEVICE/Target/usbd_conf.o
                0x080143e4                USBD_LL_Start
 .text.USBD_LL_OpenEP
                0x0801441a       0x4c ./USB_DEVICE/Target/usbd_conf.o
                0x0801441a                USBD_LL_OpenEP
 .text.USBD_LL_CloseEP
                0x08014466       0x3e ./USB_DEVICE/Target/usbd_conf.o
                0x08014466                USBD_LL_CloseEP
 .text.USBD_LL_StallEP
                0x080144a4       0x3e ./USB_DEVICE/Target/usbd_conf.o
                0x080144a4                USBD_LL_StallEP
 .text.USBD_LL_ClearStallEP
                0x080144e2       0x3e ./USB_DEVICE/Target/usbd_conf.o
                0x080144e2                USBD_LL_ClearStallEP
 .text.USBD_LL_IsStallEP
                0x08014520       0x58 ./USB_DEVICE/Target/usbd_conf.o
                0x08014520                USBD_LL_IsStallEP
 .text.USBD_LL_SetUSBAddress
                0x08014578       0x3e ./USB_DEVICE/Target/usbd_conf.o
                0x08014578                USBD_LL_SetUSBAddress
 .text.USBD_LL_Transmit
                0x080145b6       0x42 ./USB_DEVICE/Target/usbd_conf.o
                0x080145b6                USBD_LL_Transmit
 .text.USBD_LL_PrepareReceive
                0x080145f8       0x42 ./USB_DEVICE/Target/usbd_conf.o
                0x080145f8                USBD_LL_PrepareReceive
 .text.USBD_LL_GetRxDataSize
                0x0801463a       0x26 ./USB_DEVICE/Target/usbd_conf.o
                0x0801463a                USBD_LL_GetRxDataSize
 .text.USBD_static_malloc
                0x08014660       0x1c ./USB_DEVICE/Target/usbd_conf.o
                0x08014660                USBD_static_malloc
 .text.USBD_static_free
                0x0801467c       0x14 ./USB_DEVICE/Target/usbd_conf.o
                0x0801467c                USBD_static_free
 .text.USBD_Get_USB_Status
                0x08014690       0x58 ./USB_DEVICE/Target/usbd_conf.o
                0x08014690                USBD_Get_USB_Status
 .text.atol     0x080146e8        0x8 C:/ST/STM32CubeIDE_2.0.0/STM32CubeIDE/plugins/com.st.stm32cube.ide.mcu.externaltools.gnu-tools-for-stm32.13.3.rel1.win32_1.0.100.202509120712/tools/bin/../lib/gcc/arm-none-eabi/13.3.1/../../../../arm-none-eabi/lib/thumb/v7e-m+dp/hard\libc_nano.a(libc_a-atol.o)
                0x080146e8                atol
 .text._strtol_l.isra.0
                0x080146f0       0xf4 C:/ST/STM32CubeIDE_2.0.0/STM32CubeIDE/plugins/com.st.stm32cube.ide.mcu.externaltools.gnu-tools-for-stm32.13.3.rel1.win32_1.0.100.202509120712/tools/bin/../lib/gcc/arm-none-eabi/13.3.1/../../../../arm-none-eabi/lib/thumb/v7e-m+dp/hard\libc_nano.a(libc_a-strtol.o)
 .text.strtol   0x080147e4       0x14 C:/ST/STM32CubeIDE_2.0.0/STM32CubeIDE/plugins/com.st.stm32cube.ide.mcu.externaltools.gnu-tools-for-stm32.13.3.rel1.win32_1.0.100.202509120712/tools/bin/../lib/gcc/arm-none-eabi/13.3.1/../../../../arm-none-eabi/lib/thumb/v7e-m+dp/hard\libc_nano.a(libc_a-strtol.o)
                0x080147e4                strtol
 .text.atoll    0x080147f8        0x8 C:/ST/STM32CubeIDE_2.0.0/STM32CubeIDE/plugins/com.st.stm32cube.ide.mcu.externaltools.gnu-tools-for-stm32.13.3.rel1.win32_1.0.100.202509120712/tools/bin/../lib/gcc/arm-none-eabi/13.3.1/../../../../arm-none-eabi/lib/thumb/v7e-m+dp/hard\libc_nano.a(libc_a-atoll.o)
                0x080147f8                atoll
 .text.snprintf
                0x08014800       0x6c C:/ST/STM32CubeIDE_2.0.0/STM32CubeIDE/plugins/com.st.stm32cube.ide.mcu.externaltools.gnu-tools-for-stm32.13.3.rel1.win32_1.0.100.202509120712/tools/bin/../lib/gcc/arm-none-eabi/13.3.1/../../../../arm-none-eabi/lib/thumb/v7e-m+dp/hard\libc_nano.a(libc_a-snprintf.o)
                0x08014800                sniprintf
                0x08014800                snprintf
 .text.sprintf  0x0801486c       0x44 C:/ST/STM32CubeIDE_2.0.0/STM32CubeIDE/plugins/com.st.stm32cube.ide.mcu.externaltools.gnu-tools-for-stm32.13.3.rel1.win32_1.0.100.202509120712/tools/bin/../lib/gcc/arm-none-eabi/13.3.1/../../../../arm-none-eabi/lib/thumb/v7e-m+dp/hard\libc_nano.a(libc_a-sprintf.o)
                0x0801486c                siprintf
                0x0801486c                sprintf
 .text._vsnprintf_r
                0x080148b0       0x5c C:/ST/STM32CubeIDE_2.0.0/STM32CubeIDE/plugins/com.st.stm32cube.ide.mcu.externaltools.gnu-tools-for-stm32.13.3.rel1.win32_1.0.100.202509120712/tools/bin/../lib/gcc/arm-none-eabi/13.3.1/../../../../arm-none-eabi/lib/thumb/v7e-m+dp/hard\libc_nano.a(libc_a-vsnprintf.o)
                0x080148b0                _vsniprintf_r
                0x080148b0                _vsnprintf_r
 .text.vsnprintf
                0x0801490c       0x1c C:/ST/STM32CubeIDE_2.0.0/STM32CubeIDE/plugins/com.st.stm32cube.ide.mcu.externaltools.gnu-tools-for-stm32.13.3.rel1.win32_1.0.100.202509120712/tools/bin/../lib/gcc/arm-none-eabi/13.3.1/../../../../arm-none-eabi/lib/thumb/v7e-m+dp/hard\libc_nano.a(libc_a-vsnprintf.o)
                0x0801490c                vsniprintf
                0x0801490c                vsnprintf
 .text.memset   0x08014928       0x10 C:/ST/STM32CubeIDE_2.0.0/STM32CubeIDE/plugins/com.st.stm32cube.ide.mcu.externaltools.gnu-tools-for-stm32.13.3.rel1.win32_1.0.100.202509120712/tools/bin/../lib/gcc/arm-none-eabi/13.3.1/../../../../arm-none-eabi/lib/thumb/v7e-m+dp/hard\libc_nano.a(libc_a-memset.o)
                0x08014928                memset
 .text.strchr   0x08014938       0x1a C:/ST/STM32CubeIDE_2.0.0/STM32CubeIDE/plugins/com.st.stm32cube.ide.mcu.externaltools.gnu-tools-for-stm32.13.3.rel1.win32_1.0.100.202509120712/tools/bin/../lib/gcc/arm-none-eabi/13.3.1/../../../../arm-none-eabi/lib/thumb/v7e-m+dp/hard\libc_nano.a(libc_a-strchr.o)
                0x08014938                strchr
 .text.strncpy  0x08014952       0x26 C:/ST/STM32CubeIDE_2.0.0/STM32CubeIDE/plugins/com.st.stm32cube.ide.mcu.externaltools.gnu-tools-for-stm32.13.3.rel1.win32_1.0.100.202509120712/tools/bin/../lib/gcc/arm-none-eabi/13.3.1/../../../../arm-none-eabi/lib/thumb/v7e-m+dp/hard\libc_nano.a(libc_a-strncpy.o)
                0x08014952                strncpy
 .text.__errno  0x08014978        0xc C:/ST/STM32CubeIDE_2.0.0/STM32CubeIDE/plugins/com.st.stm32cube.ide.mcu.externaltools.gnu-tools-for-stm32.13.3.rel1.win32_1.0.100.202509120712/tools/bin/../lib/gcc/arm-none-eabi/13.3.1/../../../../arm-none-eabi/lib/thumb/v7e-m+dp/hard\libc_nano.a(libc_a-errno.o)
                0x08014978                __errno
 .text.__libc_init_array
                0x08014984       0x48 C:/ST/STM32CubeIDE_2.0.0/STM32CubeIDE/plugins/com.st.stm32cube.ide.mcu.externaltools.gnu-tools-for-stm32.13.3.rel1.win32_1.0.100.202509120712/tools/bin/../lib/gcc/arm-none-eabi/13.3.1/../../../../arm-none-eabi/lib/thumb/v7e-m+dp/hard\libc_nano.a(libc_a-init.o)
                0x08014984                __libc_init_array
 .text.__retarget_lock_acquire_recursive
                0x080149cc        0x2 C:/ST/STM32CubeIDE_2.0.0/STM32CubeIDE/plugins/com.st.stm32cube.ide.mcu.externaltools.gnu-tools-for-stm32.13.3.rel1.win32_1.0.100.202509120712/tools/bin/../lib/gcc/arm-none-eabi/13.3.1/../../../../arm-none-eabi/lib/thumb/v7e-m+dp/hard\libc_nano.a(libc_a-lock.o)
                0x080149cc                __retarget_lock_acquire_recursive
 .text.__retarget_lock_release_recursive
                0x080149ce        0x2 C:/ST/STM32CubeIDE_2.0.0/STM32CubeIDE/plugins/com.st.stm32cube.ide.mcu.externaltools.gnu-tools-for-stm32.13.3.rel1.win32_1.0.100.202509120712/tools/bin/../lib/gcc/arm-none-eabi/13.3.1/../../../../arm-none-eabi/lib/thumb/v7e-m+dp/hard\libc_nano.a(libc_a-lock.o)
                0x080149ce                __retarget_lock_release_recursive
 .text.memcpy   0x080149d0       0x1c C:/ST/STM32CubeIDE_2.0.0/STM32CubeIDE/plugins/com.st.stm32cube.ide.mcu.externaltools.gnu-tools-for-stm32.13.3.rel1.win32_1.0.100.202509120712/tools/bin/../lib/gcc/arm-none-eabi/13.3.1/../../../../arm-none-eabi/lib/thumb/v7e-m+dp/hard\libc_nano.a(libc_a-memcpy-stub.o)
                0x080149d0                memcpy
 .text._free_r  0x080149ec       0x94 C:/ST/STM32CubeIDE_2.0.0/STM32CubeIDE/plugins/com.st.stm32cube.ide.mcu.externaltools.gnu-tools-for-stm32.13.3.rel1.win32_1.0.100.202509120712/tools/bin/../lib/gcc/arm-none-eabi/13.3.1/../../../../arm-none-eabi/lib/thumb/v7e-m+dp/hard\libc_nano.a(libc_a-freer.o)
                0x080149ec                _free_r
 .text.sbrk_aligned
                0x08014a80       0x44 C:/ST/STM32CubeIDE_2.0.0/STM32CubeIDE/plugins/com.st.stm32cube.ide.mcu.externaltools.gnu-tools-for-stm32.13.3.rel1.win32_1.0.100.202509120712/tools/bin/../lib/gcc/arm-none-eabi/13.3.1/../../../../arm-none-eabi/lib/thumb/v7e-m+dp/hard\libc_nano.a(libc_a-mallocr.o)
 .text._malloc_r
                0x08014ac4      0x100 C:/ST/STM32CubeIDE_2.0.0/STM32CubeIDE/plugins/com.st.stm32cube.ide.mcu.externaltools.gnu-tools-for-stm32.13.3.rel1.win32_1.0.100.202509120712/tools/bin/../lib/gcc/arm-none-eabi/13.3.1/../../../../arm-none-eabi/lib/thumb/v7e-m+dp/hard\libc_nano.a(libc_a-mallocr.o)
                0x08014ac4                _malloc_r
 .text.__malloc_lock
                0x08014bc4        0xc C:/ST/STM32CubeIDE_2.0.0/STM32CubeIDE/plugins/com.st.stm32cube.ide.mcu.externaltools.gnu-tools-for-stm32.13.3.rel1.win32_1.0.100.202509120712/tools/bin/../lib/gcc/arm-none-eabi/13.3.1/../../../../arm-none-eabi/lib/thumb/v7e-m+dp/hard\libc_nano.a(libc_a-mlock.o)
                0x08014bc4                __malloc_lock
 .text.__malloc_unlock
                0x08014bd0        0xc C:/ST/STM32CubeIDE_2.0.0/STM32CubeIDE/plugins/com.st.stm32cube.ide.mcu.externaltools.gnu-tools-for-stm32.13.3.rel1.win32_1.0.100.202509120712/tools/bin/../lib/gcc/arm-none-eabi/13.3.1/../../../../arm-none-eabi/lib/thumb/v7e-m+dp/hard\libc_nano.a(libc_a-mlock.o)
                0x08014bd0                __malloc_unlock
 .text._strtoll_l.isra.0
                0x08014bdc      0x11c C:/ST/STM32CubeIDE_2.0.0/STM32CubeIDE/plugins/com.st.stm32cube.ide.mcu.externaltools.gnu-tools-for-stm32.13.3.rel1.win32_1.0.100.202509120712/tools/bin/../lib/gcc/arm-none-eabi/13.3.1/../../../../arm-none-eabi/lib/thumb/v7e-m+dp/hard\libc_nano.a(libc_a-strtoll.o)
 .text.strtoll  0x08014cf8       0x14 C:/ST/STM32CubeIDE_2.0.0/STM32CubeIDE/plugins/com.st.stm32cube.ide.mcu.externaltools.gnu-tools-for-stm32.13.3.rel1.win32_1.0.100.202509120712/tools/bin/../lib/gcc/arm-none-eabi/13.3.1/../../../../arm-none-eabi/lib/thumb/v7e-m+dp/hard\libc_nano.a(libc_a-strtoll.o)
                0x08014cf8                strtoll
 .text.__ssputs_r
                0x08014d0c       0xb6 C:/ST/STM32CubeIDE_2.0.0/STM32CubeIDE/plugins/com.st.stm32cube.ide.mcu.externaltools.gnu-tools-for-stm32.13.3.rel1.win32_1.0.100.202509120712/tools/bin/../lib/gcc/arm-none-eabi/13.3.1/../../../../arm-none-eabi/lib/thumb/v7e-m+dp/hard\libc_nano.a(libc_a-nano-svfprintf.o)
                0x08014d0c                __ssputs_r
 *fill*         0x08014dc2        0x2 
 .text._svfprintf_r
                0x08014dc4      0x1f8 C:/ST/STM32CubeIDE_2.0.0/STM32CubeIDE/plugins/com.st.stm32cube.ide.mcu.externaltools.gnu-tools-for-stm32.13.3.rel1.win32_1.0.100.202509120712/tools/bin/../lib/gcc/arm-none-eabi/13.3.1/../../../../arm-none-eabi/lib/thumb/v7e-m+dp/hard\libc_nano.a(libc_a-nano-svfprintf.o)
                0x08014dc4                _svfiprintf_r
                0x08014dc4                _svfprintf_r
 .text._printf_common
                0x08014fbc       0xda C:/ST/STM32CubeIDE_2.0.0/STM32CubeIDE/plugins/com.st.stm32cube.ide.mcu.externaltools.gnu-tools-for-stm32.13.3.rel1.win32_1.0.100.202509120712/tools/bin/../lib/gcc/arm-none-eabi/13.3.1/../../../../arm-none-eabi/lib/thumb/v7e-m+dp/hard\libc_nano.a(libc_a-nano-vfprintf_i.o)
                0x08014fbc                _printf_common
 *fill*         0x08015096        0x2 
 .text._printf_i
                0x08015098      0x23c C:/ST/STM32CubeIDE_2.0.0/STM32CubeIDE/plugins/com.st.stm32cube.ide.mcu.externaltools.gnu-tools-for-stm32.13.3.rel1.win32_1.0.100.202509120712/tools/bin/../lib/gcc/arm-none-eabi/13.3.1/../../../../arm-none-eabi/lib/thumb/v7e-m+dp/hard\libc_nano.a(libc_a-nano-vfprintf_i.o)
                0x08015098                _printf_i
 .text.memmove  0x080152d4       0x34 C:/ST/STM32CubeIDE_2.0.0/STM32CubeIDE/plugins/com.st.stm32cube.ide.mcu.externaltools.gnu-tools-for-stm32.13.3.rel1.win32_1.0.100.202509120712/tools/bin/../lib/gcc/arm-none-eabi/13.3.1/../../../../arm-none-eabi/lib/thumb/v7e-m+dp/hard\libc_nano.a(libc_a-memmove.o)
                0x080152d4                memmove
 .text._sbrk_r  0x08015308       0x20 C:/ST/STM32CubeIDE_2.0.0/STM32CubeIDE/plugins/com.st.stm32cube.ide.mcu.externaltools.gnu-tools-for-stm32.13.3.rel1.win32_1.0.100.202509120712/tools/bin/../lib/gcc/arm-none-eabi/13.3.1/../../../../arm-none-eabi/lib/thumb/v7e-m+dp/hard\libc_nano.a(libc_a-sbrkr.o)
                0x08015308                _sbrk_r
 .text._realloc_r
                0x08015328       0x5c C:/ST/STM32CubeIDE_2.0.0/STM32CubeIDE/plugins/com.st.stm32cube.ide.mcu.externaltools.gnu-tools-for-stm32.13.3.rel1.win32_1.0.100.202509120712/tools/bin/../lib/gcc/arm-none-eabi/13.3.1/../../../../arm-none-eabi/lib/thumb/v7e-m+dp/hard\libc_nano.a(libc_a-reallocr.o)
                0x08015328                _realloc_r
 .text._malloc_usable_size_r
                0x08015384       0x10 C:/ST/STM32CubeIDE_2.0.0/STM32CubeIDE/plugins/com.st.stm32cube.ide.mcu.externaltools.gnu-tools-for-stm32.13.3.rel1.win32_1.0.100.202509120712/tools/bin/../lib/gcc/arm-none-eabi/13.3.1/../../../../arm-none-eabi/lib/thumb/v7e-m+dp/hard\libc_nano.a(libc_a-msizer.o)
                0x08015384                _malloc_usable_size_r
 *(.glue_7)
 .glue_7        0x08015394        0x0 linker stubs
 *(.glue_7t)
 .glue_7t       0x08015394        0x0 linker stubs
 *(.eh_frame)
 .eh_frame      0x08015394        0x0 C:/ST/STM32CubeIDE_2.0.0/STM32CubeIDE/plugins/com.st.stm32cube.ide.mcu.externaltools.gnu-tools-for-stm32.13.3.rel1.win32_1.0.100.202509120712/tools/bin/../lib/gcc/arm-none-eabi/13.3.1/thumb/v7e-m+dp/hard/crtbegin.o
 *(.init)
 .init          0x08015394        0x4 C:/ST/STM32CubeIDE_2.0.0/STM32CubeIDE/plugins/com.st.stm32cube.ide.mcu.externaltools.gnu-tools-for-stm32.13.3.rel1.win32_1.0.100.202509120712/tools/bin/../lib/gcc/arm-none-eabi/13.3.1/thumb/v7e-m+dp/hard/crti.o
                0x08015394                _init
 .init          0x08015398        0x8 C:/ST/STM32CubeIDE_2.0.0/STM32CubeIDE/plugins/com.st.stm32cube.ide.mcu.externaltools.gnu-tools-for-stm32.13.3.rel1.win32_1.0.100.202509120712/tools/bin/../lib/gcc/arm-none-eabi/13.3.1/thumb/v7e-m+dp/hard/crtn.o
 *(.fini)
 .fini          0x080153a0        0x4 C:/ST/STM32CubeIDE_2.0.0/STM32CubeIDE/plugins/com.st.stm32cube.ide.mcu.externaltools.gnu-tools-for-stm32.13.3.rel1.win32_1.0.100.202509120712/tools/bin/../lib/gcc/arm-none-eabi/13.3.1/thumb/v7e-m+dp/hard/crti.o
                0x080153a0                _fini
 .fini          0x080153a4        0x8 C:/ST/STM32CubeIDE_2.0.0/STM32CubeIDE/plugins/com.st.stm32cube.ide.mcu.externaltools.gnu-tools-for-stm32.13.3.rel1.win32_1.0.100.202509120712/tools/bin/../lib/gcc/arm-none-eabi/13.3.1/thumb/v7e-m+dp/hard/crtn.o
                0x080153ac                        . = ALIGN (0x4)
                0x080153ac                        _etext = .

.vfp11_veneer   0x080153ac        0x0
 .vfp11_veneer  0x080153ac        0x0 linker stubs

.v4_bx          0x080153ac        0x0
 .v4_bx         0x080153ac        0x0 linker stubs

.iplt           0x080153ac        0x0
 .iplt          0x080153ac        0x0 C:/ST/STM32CubeIDE_2.0.0/STM32CubeIDE/plugins/com.st.stm32cube.ide.mcu.externaltools.gnu-tools-for-stm32.13.3.rel1.win32_1.0.100.202509120712/tools/bin/../lib/gcc/arm-none-eabi/13.3.1/thumb/v7e-m+dp/hard/crtbegin.o

.rodata         0x080153ac      0xce8
                0x080153ac                        . = ALIGN (0x4)
 *(.rodata)
 .rodata        0x080153ac      0x4df ./Core/Src/dispenser.o
 *fill*         0x0801588b        0x1 
 .rodata        0x0801588c       0x38 ./Core/Src/main.o
 .rodata        0x080158c4      0x300 ./Core/Src/ui_manager.o
 .rodata        0x08015bc4       0x46 ./USB_DEVICE/App/usbd_desc.o
 *(.rodata*)
 *fill*         0x08015c0a        0x2 
 .rodata.key_map
                0x08015c0c       0x14 ./Core/Src/keyboard.o
 .rodata.font8x8_basic
                0x08015c20      0x300 ./Core/Src/ssd1309.o
 .rodata.D1CorePrescTable
                0x08015f20       0x10 ./Core/Src/system_stm32h7xx.o
                0x08015f20                D1CorePrescTable
 .rodata.flagBitshiftOffset.0
                0x08015f30        0x8 ./Drivers/STM32H7xx_HAL_Driver/Src/stm32h7xx_hal_dma.o
 .rodata.UARTPrescTable
                0x08015f38       0x18 ./Drivers/STM32H7xx_HAL_Driver/Src/stm32h7xx_hal_uart.o
                0x08015f38                UARTPrescTable
 .rodata.numerator.1
                0x08015f50        0x8 ./Drivers/STM32H7xx_HAL_Driver/Src/stm32h7xx_hal_uart_ex.o
 .rodata.denominator.0
                0x08015f58        0x8 ./Drivers/STM32H7xx_HAL_Driver/Src/stm32h7xx_hal_uart_ex.o
 .rodata._ctype_
                0x08015f60      0x101 C:/ST/STM32CubeIDE_2.0.0/STM32CubeIDE/plugins/com.st.stm32cube.ide.mcu.externaltools.gnu-tools-for-stm32.13.3.rel1.win32_1.0.100.202509120712/tools/bin/../lib/gcc/arm-none-eabi/13.3.1/../../../../arm-none-eabi/lib/thumb/v7e-m+dp/hard\libc_nano.a(libc_a-ctype_.o)
                0x08015f60                _ctype_
 .rodata._svfprintf_r.str1.1
                0x08016061       0x33 C:/ST/STM32CubeIDE_2.0.0/STM32CubeIDE/plugins/com.st.stm32cube.ide.mcu.externaltools.gnu-tools-for-stm32.13.3.rel1.win32_1.0.100.202509120712/tools/bin/../lib/gcc/arm-none-eabi/13.3.1/../../../../arm-none-eabi/lib/thumb/v7e-m+dp/hard\libc_nano.a(libc_a-nano-svfprintf.o)
                                 0x11 (size before relaxing)
 .rodata._printf_i.str1.1
                0x08016094        0x0 C:/ST/STM32CubeIDE_2.0.0/STM32CubeIDE/plugins/com.st.stm32cube.ide.mcu.externaltools.gnu-tools-for-stm32.13.3.rel1.win32_1.0.100.202509120712/tools/bin/../lib/gcc/arm-none-eabi/13.3.1/../../../../arm-none-eabi/lib/thumb/v7e-m+dp/hard\libc_nano.a(libc_a-nano-vfprintf_i.o)
                                 0x22 (size before relaxing)
                0x08016094                        . = ALIGN (0x4)

.ARM.extab
 *(.ARM.extab* .gnu.linkonce.armextab.*)

.ARM            0x08016094        0x8
                0x08016094                        __exidx_start = .
 *(.ARM.exidx*)
 .ARM.exidx     0x08016094        0x8 C:/ST/STM32CubeIDE_2.0.0/STM32CubeIDE/plugins/com.st.stm32cube.ide.mcu.externaltools.gnu-tools-for-stm32.13.3.rel1.win32_1.0.100.202509120712/tools/bin/../lib/gcc/arm-none-eabi/13.3.1/../../../../arm-none-eabi/lib/thumb/v7e-m+dp/hard\libc_nano.a(libc_a-strlen.o)
 .ARM.exidx     0x0801609c        0x0 C:/ST/STM32CubeIDE_2.0.0/STM32CubeIDE/plugins/com.st.stm32cube.ide.mcu.externaltools.gnu-tools-for-stm32.13.3.rel1.win32_1.0.100.202509120712/tools/bin/../lib/gcc/arm-none-eabi/13.3.1/../../../../arm-none-eabi/lib/thumb/v7e-m+dp/hard\libc_nano.a(libc_a-memchr.o)
                                  0x8 (size before relaxing)