../Core/Src/dispenser.c:38:6:Dispenser_Init	8	static
../Core/Src/dispenser.c:67:13:ChangeState	80	static
../Core/Src/dispenser.c:87:13:SendFrame	40	static
../Core/Src/dispenser.c:108:16:IsStateTimeout	24	static
../Core/Src/dispenser.c:116:16:ProcessStatusResponse	32	static
../Core/Src/dispenser.c:180:13:ProcessUnitUpdate	352	static,ignoring_inline_asm
../Core/Src/dispenser.c:472:6:Dispenser_Update	8	static
../Core/Src/dispenser.c:478:6:Dispenser_StartVolume	72	static
../Core/Src/dispenser.c:497:6:Dispenser_StartAmount	72	static
../Core/Src/dispenser.c:516:6:Dispenser_RequestTotalizer	16	static
../Core/Src/dispenser.c:522:6:Dispenser_Stop	16	static
../Core/Src/dispenser.c:528:6:Dispenser_Resume	16	static
../Core/Src/dispenser.c:534:6:Dispenser_CloseTransaction	16	static
../Core/Src/dispenser.c:541:6:Dispenser_SwitchActiveUnit	16	static
../Core/Src/dispenser.c:547:9:Dispenser_GetActiveUnit	4	static
../Core/Src/dispenser.c:551:18:Dispenser_GetUnit	16	static
../Core/Src/dispenser.c:558:6:HAL_UARTEx_RxEventCallback	24	static
