../Core/Src/ssd1309.c:8:20:cs_low	16	static
../Core/Src/ssd1309.c:9:20:cs_high	16	static
../Core/Src/ssd1309.c:10:20:dc_cmd	16	static
../Core/Src/ssd1309.c:11:20:dc_data	16	static
../Core/Src/ssd1309.c:12:20:rst_low	16	static
../Core/Src/ssd1309.c:13:20:rst_high	16	static
../Core/Src/ssd1309.c:16:13:dcache_clean	48	static,ignoring_inline_asm
../Core/Src/ssd1309.c:30:13:build_init_seq	24	static
../Core/Src/ssd1309.c:62:13:start_init_chunk	24	static
../Core/Src/ssd1309.c:91:13:start_page_cmd	24	static
../Core/Src/ssd1309.c:115:13:start_page_data	24	static
../Core/Src/ssd1309.c:135:6:SSD1309_Init	24	static
../Core/Src/ssd1309.c:152:6:SSD1309_BeginAsync	16	static
../Core/Src/ssd1309.c:165:6:SSD1309_Task	24	static
../Core/Src/ssd1309.c:213:6:SSD1309_UpdateAsync	16	static
../Core/Src/ssd1309.c:225:6:SSD1309_Clear	16	static
../Core/Src/ssd1309.c:231:6:SSD1309_DrawPixel	32	static
../Core/Src/ssd1309.c:244:6:SSD1309_DrawChar8x8	40	static
../Core/Src/ssd1309.c:261:6:SSD1309_DrawString8x8	32	static
../Core/Src/ssd1309.c:272:6:SSD1309_OnSpiTxCplt	16	static
../Core/Src/ssd1309.c:307:6:SSD1309_OnSpiError	16	static
