../Core/Src/ui_manager.c:16:17:ParseDecimalVolume	80	static
../Core/Src/ui_manager.c:73:6:UI_Init	8	static
../Core/Src/ui_manager.c:95:13:DrawMain	40	static
../Core/Src/ui_manager.c:116:13:DrawTotalizer	48	static
../Core/Src/ui_manager.c:131:13:DrawSetPrice	24	static
../Core/Src/ui_manager.c:144:13:DrawInputVolume	24	static
../Core/Src/ui_manager.c:158:13:DrawInputAmount	24	static
../Core/Src/ui_manager.c:170:13:DrawFuelling	72	static
../Core/Src/ui_manager.c:226:13:DrawTransactionResult	40	static
../Core/Src/ui_manager.c:247:6:UI_ProcessInput	24	static
../Core/Src/ui_manager.c:425:6:UI_Draw	16	static
